Microchip MPLAB XC8 Compiler V3.00

Linker command line:

-W-3 \
  --edf=C:\Program Files\Microchip\xc8\v3.00\pic\dat\20241204225717_en.msgs \
  -cn \
  -h+dist/default/production\digitale_pingpong_zweeftoren.production.sym \
  --cmf=dist/default/production\digitale_pingpong_zweeftoren.production.cmf \
  -z -Q16F18345 \
  -oC:\Users\WEDNES~1\AppData\Local\Temp\xcAscv0.\driver_tmp_3.o \
  --defsym=__MPLAB_BUILD=1 --fixupoverflow=error \
  -Mdist/default/production/digitale_pingpong_zweeftoren.production.map \
  --md=C:\Users\WEDNES~1\AppData\Local\Temp\xcAscv0.\driver_tmp_0.dat -E1 \
  -ver=XC8 Compiler -ACODE=00h-07FFhx4 -ASTRCODE=00h-01FFFh \
  -ASTRING=00h-0FFhx32 -ACONST=00h-0FFhx32 -AENTRY=00h-0FFhx32 \
  -ACOMMON=070h-07Fh -ABANK0=020h-06Fh -ABANK1=0A0h-0EFh \
  -ABANK2=0120h-016Fh -ABANK3=01A0h-01EFh -ABANK4=0220h-026Fh \
  -ABANK5=02A0h-02EFh -ABANK6=0320h-036Fh -ABANK7=03A0h-03EFh \
  -ABANK8=0420h-046Fh -ABANK9=04A0h-04EFh -ABANK10=0520h-056Fh \
  -ABANK11=05A0h-05EFh -ABANK12=0620h-064Fh -ABIGRAM=02000h-023EFh \
  -ARAM=020h-06Fh,0A0h-0EFh,0120h-016Fh,01A0h-01EFh,0220h-026Fh,02A0h-02EFh,0320h-036Fh,03A0h-03EFh,0420h-046Fh,04A0h-04EFh,0520h-056Fh,05A0h-05EFh,0620h-064Fh \
  -AABS1=020h-07Fh,0A0h-0EFh,0120h-016Fh,01A0h-01EFh,0220h-026Fh,02A0h-02EFh,0320h-036Fh,03A0h-03EFh,0420h-046Fh,04A0h-04EFh,0520h-056Fh,05A0h-05EFh,0620h-064Fh \
  -ASFR0=00h-01Fh -ASFR1=080h-09Fh -ASFR2=0100h-011Fh -ASFR3=0180h-019Fh \
  -ASFR4=0200h-021Fh -ASFR5=0280h-029Fh -ASFR6=0300h-031Fh \
  -ASFR7=0380h-039Fh -ASFR8=0400h-041Fh -ASFR9=0480h-049Fh \
  -ASFR10=0500h-051Fh -ASFR11=0580h-059Fh -ASFR12=0600h-061Fh \
  -ASFR13=0680h-06EFh -ASFR14=0700h-076Fh -ASFR15=0780h-07EFh \
  -ASFR16=0800h-086Fh -ASFR17=0880h-08EFh -ASFR18=0900h-096Fh \
  -ASFR19=0980h-09EFh -ASFR20=0A00h-0A6Fh -ASFR21=0A80h-0AEFh \
  -ASFR22=0B00h-0B6Fh -ASFR23=0B80h-0BEFh -ASFR24=0C00h-0C6Fh \
  -ASFR25=0C80h-0CEFh -ASFR26=0D00h-0D6Fh -ASFR27=0D80h-0DEFh \
  -ASFR28=0E00h-0E6Fh -ASFR29=0E80h-0EEFh -ASFR30=0F00h-0F6Fh \
  -ASFR31=0F80h-0FEFh -ACONFIG=08007h-0800Ah -DCONFIG=2 \
  -AIDLOC=08000h-08003h -DIDLOC=2 -AEEDATA=00h-0FFh/0F000h \
  -peeprom_data=EEDATA -DEEDATA=2 -DCODE=2 -DSTRCODE=2 -DSTRING=2 -DCONST=2 \
  -DENTRY=2 -preset_vec=00h,intentry=04h,sivt,init,end_init -ppowerup=CODE \
  -pcinit=CODE -pfunctab=ENTRY -k \
  C:\Users\WEDNES~1\AppData\Local\Temp\xcAscv0.\driver_tmp_20.o \
  dist/default/production\digitale_pingpong_zweeftoren.production.o 

Object code version is 3.11

Machine type is 16F18345



                Name                               Link     Load   Length Selector   Space Scale
C:\Users\WEDNES~1\AppData\Local\Temp\xcAscv0.\driver_tmp_20.o
                end_init                             58       58        2        8       0
                reset_vec                             0        0        2        0       0
                config                             8007     8007        4        0       4
dist/default/production\digitale_pingpong_zweeftoren.production.o
                cinit                                5A       5A       37        8       0
                intentry                              4        4       54        8       0
                config                             8007     8007        4        0       4
                text91                             1D33     1D33        6     3A66       0
                text90                             1DBF     1DBF        C     3B7E       0
                text89                             1175     1175       3D     22EA       0
                text88                             1D25     1D25        1     3A4A       0
                text87                             1E16     1E16        F     3C2C       0
                text86                             1D26     1D26        1     3A4C       0
                text85                             1D27     1D27        4     3A4E       0
                text84                             1237     1237       52     246E       0
                text83                             1F82     1F82       1C     3F04       0
                text82                                2        2        1        0       0
                text81                             1E25     1E25        F     3C4A       0
                text80                             14F5     14F5       6F     29EA       0
                text79                             1D39     1D39        6     3A72       0
                text78                             1EFB     1EFB       15     3DF6       0
                text77                              DF4      DF4      20C     1BE8       0
                text76                             101B     101B       23     2036       0
                text75                              2CC      2CC      23B        8       0
                text74                             175C     175C       A4     2EB8       0
                text73                              9D6      9D6      108     13AC       0
                text72                                3        3        1        6       0
                text71                             1E34     1E34        F     3C68       0
                text69                             1D51     1D51        9     3AA2       0
                text68                             1F25     1F25       16     3E4A       0
                text67                             1D5A     1D5A        9     3AB4       0
                text66                             1E43     1E43        F     3C86       0
                text65                             1E52     1E52        F     3CA4       0
                text64                             1103     1103       37     2206       0
                text63                             1D63     1D63        9     3AC6       0
                text62                             1DCB     1DCB        C     3B96       0
                text61                             11F1     11F1       46     23E2       0
                text60                             1DD7     1DD7        C     3BAE       0
                text59                             1DAB     1DAB        A     3B56       0
                text58                             1E80     1E80       11     3D00       0
                text57                             1E91     1E91       11     3D22       0
                text56                             1E61     1E61        F     3CC2       0
                text55                             1DE3     1DE3        C     3BC6       0
                text54                             1FDE     1FDE       22     3FBC       0
                text53                             1D6C     1D6C        9     3AD8       0
                text52                             113A     113A       3B     2274       0
                text51                             1F9E     1F9E       20     3F3C       0
                text50                             1D75     1D75        9     3AEA       0
                text49                             1DFB     1DFB        D     3BF6       0
                text48                             1F69     1F69       19     3ED2       0
                text47                             1000     1000       1B     1BE8       0
                text46                             1F10     1F10       15     3E20       0
                text45                             1330     1330       56     2660       0
                text44                             1D2B     1D2B        4     3A56       0
                text43                              7FF      7FF        1        8       0
                text42                             1EE7     1EE7       14     3DCE       0
                text41                             1F51     1F51       18     3EA2       0
                text40                             1D3F     1D3F        6     3A7E       0
                text39                             1D7E     1D7E        9     3AFC       0
                text38                             1D87     1D87        9     3B0E       0
                text37                             15D4     15D4       75     2BA8       0
                text36                             1DEF     1DEF        C     3BDE       0
                text35                              800      800        D     1000       0
                text34                             1564     1564       70     2AC8       0
                text33                             1D90     1D90        9     3B20       0
                text32                             1E08     1E08        E     3C10       0
                text31                             13DF     13DF       5C     27BE       0
                text30                             1289     1289       52     2512       0
                text29                             1ED5     1ED5       12     3DAA       0
                text28                             1D99     1D99        9     3B32       0
                text27                             1086     1086       28     210C       0
                text26                             1EA2     1EA2       11     3D44       0
                text25                             1497     1497       5E     292E       0
                text24                             103E     103E       24     207C       0
                text23                             1F3B     1F3B       16     3E76       0
                text22                             12DB     12DB       55     25B6       0
                text21                              713      713       B9        8       0
                text20                             143B     143B       5C     2876       0
                text19                              7CC      7CC       33        8       0
                text18                             1649     1649       79     2C92       0
                text17                              ADE      ADE      172     15BC       0
                text16                             10AE     10AE       2A     215C       0
                text15                             1E70     1E70       10     3CE0       0
                text14                             11B2     11B2       3F     2364       0
                text13                              80D      80D       79     101A       0
                text12                             1DA2     1DA2        9     3B44       0
                text11                             1FBE     1FBE       20     3F7C       0
                text10                             1386     1386       59     270C       0
                text9                              1EB3     1EB3       11     3D66       0
                text8                              1EC4     1EC4       11     3D88       0
                text7                               507      507      20C        8       0
                text6                               C50      C50      1A4     18A0       0
                text5                              1062     1062       24     20C4       0
                text4                                91       91      23B        8       0
                text3                               886      886       A5     110C       0
                text2                               92B      92B       AB     1256       0
                text1                              16C2     16C2       9A     2D84       0
                maintext                           10D8     10D8       2B     21B0       0
                cstackBANK0                          20       20       35       20       1
                cstackCOMMON                         70       70        E       70       1
                cstackBANK1                          A0       A0       4D       A0       1
                clrtext                            1D45     1D45        6     3A8A       0
                inittext                           1D4B     1D4B        6     3A96       0
                bssBANK3                            1A0      1A0       34      1A0       1
                dataBANK2                           160      160        A      120       1
                bssBANK2                            120      120       34      120       1
                bssBANK1                             ED       ED        2       A0       1
                dataBANK0                            6B       6B        4       20       1
                bssBANK0                             55       55       16       20       1
                stringtext13                       18E6     18E6        8     3000       0
                stringtext12                       18DC     18DC        A     3000       0
                stringtext11                       18C7     18C7        B     3000       0
                stringtext10                       18BA     18BA        D     3000       0
                stringtext9                        18AD     18AD        D     3000       0
                stringtext8                        189E     189E        F     3000       0
                stringtext7                        188E     188E       10     3000       0
                stringtext6                        187D     187D       11     3000       0
                stringtext5                        1865     1865       18     3000       0
                stringtext4                        184C     184C       19     3000       0
                nvBANK2                             154      154        C      120       1
                stringtext3                        18D2     18D2        A     3000       0
                stringtext2                        1830     1830       1C     3000       0
                stringtext1                        1800     1800       30     3000       0
                idataBANK2                         1DB5     1DB5        A     3B6A       0
                idataBANK0                         1D2F     1D2F        4     3A5E       0

TOTAL           Name                               Link     Load   Length     Space
        CLASS   CODE           
                end_init                             58       58        2         0
                cinit                                5A       5A       37         0
                intentry                              4        4       54         0
                reset_vec                             0        0        2         0
                text91                             1D33     1D33        6         0
                text90                             1DBF     1DBF        C         0
                text89                             1175     1175       3D         0
                text88                             1D25     1D25        1         0
                text87                             1E16     1E16        F         0
                text86                             1D26     1D26        1         0
                text85                             1D27     1D27        4         0
                text84                             1237     1237       52         0
                text83                             1F82     1F82       1C         0
                text82                                2        2        1         0
                text81                             1E25     1E25        F         0
                text80                             14F5     14F5       6F         0
                text79                             1D39     1D39        6         0
                text78                             1EFB     1EFB       15         0
                text77                              DF4      DF4      20C         0
                text76                             101B     101B       23         0
                text75                              2CC      2CC      23B         0
                text74                             175C     175C       A4         0
                text73                              9D6      9D6      108         0
                text72                                3        3        1         0
                text71                             1E34     1E34        F         0
                text69                             1D51     1D51        9         0
                text68                             1F25     1F25       16         0
                text67                             1D5A     1D5A        9         0
                text66                             1E43     1E43        F         0
                text65                             1E52     1E52        F         0
                text64                             1103     1103       37         0
                text63                             1D63     1D63        9         0
                text62                             1DCB     1DCB        C         0
                text61                             11F1     11F1       46         0
                text60                             1DD7     1DD7        C         0
                text59                             1DAB     1DAB        A         0
                text58                             1E80     1E80       11         0
                text57                             1E91     1E91       11         0
                text56                             1E61     1E61        F         0
                text55                             1DE3     1DE3        C         0
                text54                             1FDE     1FDE       22         0
                text53                             1D6C     1D6C        9         0
                text52                             113A     113A       3B         0
                text51                             1F9E     1F9E       20         0
                text50                             1D75     1D75        9         0
                text49                             1DFB     1DFB        D         0
                text48                             1F69     1F69       19         0
                text47                             1000     1000       1B         0
                text46                             1F10     1F10       15         0
                text45                             1330     1330       56         0
                text44                             1D2B     1D2B        4         0
                text43                              7FF      7FF        1         0
                text42                             1EE7     1EE7       14         0
                text41                             1F51     1F51       18         0
                text40                             1D3F     1D3F        6         0
                text39                             1D7E     1D7E        9         0
                text38                             1D87     1D87        9         0
                text37                             15D4     15D4       75         0
                text36                             1DEF     1DEF        C         0
                text35                              800      800        D         0
                text34                             1564     1564       70         0
                text33                             1D90     1D90        9         0
                text32                             1E08     1E08        E         0
                text31                             13DF     13DF       5C         0
                text30                             1289     1289       52         0
                text29                             1ED5     1ED5       12         0
                text28                             1D99     1D99        9         0
                text27                             1086     1086       28         0
                text26                             1EA2     1EA2       11         0
                text25                             1497     1497       5E         0
                text24                             103E     103E       24         0
                text23                             1F3B     1F3B       16         0
                text22                             12DB     12DB       55         0
                text21                              713      713       B9         0
                text20                             143B     143B       5C         0
                text19                              7CC      7CC       33         0
                text18                             1649     1649       79         0
                text17                              ADE      ADE      172         0
                text16                             10AE     10AE       2A         0
                text15                             1E70     1E70       10         0
                text14                             11B2     11B2       3F         0
                text13                              80D      80D       79         0
                text12                             1DA2     1DA2        9         0
                text11                             1FBE     1FBE       20         0
                text10                             1386     1386       59         0
                text9                              1EB3     1EB3       11         0
                text8                              1EC4     1EC4       11         0
                text7                               507      507      20C         0
                text6                               C50      C50      1A4         0
                text5                              1062     1062       24         0
                text4                                91       91      23B         0
                text3                               886      886       A5         0
                text2                               92B      92B       AB         0
                text1                              16C2     16C2       9A         0
                maintext                           10D8     10D8       2B         0
                clrtext                            1D45     1D45        6         0
                inittext                           1D4B     1D4B        6         0
                idataBANK2                         1DB5     1DB5        A         0
                idataBANK0                         1D2F     1D2F        4         0

        CLASS   STRCODE        
                stringtext13                       18E6     18E6        8         0
                stringtext12                       18DC     18DC        A         0
                stringtext11                       18C7     18C7        B         0
                stringtext10                       18BA     18BA        D         0
                stringtext9                        18AD     18AD        D         0
                stringtext8                        189E     189E        F         0
                stringtext7                        188E     188E       10         0
                stringtext6                        187D     187D       11         0
                stringtext5                        1865     1865       18         0
                stringtext4                        184C     184C       19         0
                stringtext3                        18D2     18D2        A         0
                stringtext2                        1830     1830       1C         0
                stringtext1                        1800     1800       30         0

        CLASS   STRING         

        CLASS   CONST          

        CLASS   ENTRY          

        CLASS   COMMON         
                cstackCOMMON                         70       70        E         1

        CLASS   BANK0          
                cstackBANK0                          20       20       35         1
                dataBANK0                            6B       6B        4         1
                bssBANK0                             55       55       16         1

        CLASS   BANK1          
                cstackBANK1                          A0       A0       4D         1
                bssBANK1                             ED       ED        2         1

        CLASS   BANK2          
                dataBANK2                           160      160        A         1
                bssBANK2                            120      120       34         1
                nvBANK2                             154      154        C         1

        CLASS   BANK3          
                bssBANK3                            1A0      1A0       34         1

        CLASS   BANK4          

        CLASS   BANK5          

        CLASS   BANK6          

        CLASS   BANK7          

        CLASS   BANK8          

        CLASS   BANK9          

        CLASS   BANK10         

        CLASS   BANK11         

        CLASS   BANK12         

        CLASS   BIGRAM         

        CLASS   RAM            

        CLASS   ABS1           
                abs_s1                               7E       7E        2         1

        CLASS   SFR0           

        CLASS   SFR1           

        CLASS   SFR2           

        CLASS   SFR3           

        CLASS   SFR4           

        CLASS   SFR5           

        CLASS   SFR6           

        CLASS   SFR7           

        CLASS   SFR8           

        CLASS   SFR9           

        CLASS   SFR10          

        CLASS   SFR11          

        CLASS   SFR12          

        CLASS   SFR13          

        CLASS   SFR14          

        CLASS   SFR15          

        CLASS   SFR16          

        CLASS   SFR17          

        CLASS   SFR18          

        CLASS   SFR19          

        CLASS   SFR20          

        CLASS   SFR21          

        CLASS   SFR22          

        CLASS   SFR23          

        CLASS   SFR24          

        CLASS   SFR25          

        CLASS   SFR26          

        CLASS   SFR27          

        CLASS   SFR28          

        CLASS   SFR29          

        CLASS   SFR30          

        CLASS   SFR31          

        CLASS   CONFIG         
                config                             8007     8007        4         4

        CLASS   IDLOC          

        CLASS   EEDATA         

        CLASS   BANK31         

        CLASS   BANK30         

        CLASS   BANK29         

        CLASS   BANK28         

        CLASS   BANK27         

        CLASS   BANK26         

        CLASS   BANK25         

        CLASS   BANK24         

        CLASS   BANK23         

        CLASS   BANK22         

        CLASS   BANK21         

        CLASS   BANK20         

        CLASS   BANK19         

        CLASS   BANK18         

        CLASS   BANK17         

        CLASS   BANK16         

        CLASS   BANK15         

        CLASS   BANK14         

        CLASS   BANK13         

        CLASS   HEAP           

        CLASS   STACK          



SEGMENTS        Name                           Load    Length   Top    Selector   Space  Class     Delta

                reset_vec                      000000  000003  000003         0       0  CODE        2
                text72                         000003  000001  000004         6       0  CODE        2
                intentry                       000004  0007FC  000800         8       0  CODE        2
                cstackBANK0                    000020  00004F  00006F        20       1  BANK0       1
                cstackCOMMON                   000070  00000E  00007E        70       1  COMMON      1
                cstackBANK1                    0000A0  00004F  0000EF        A0       1  BANK1       1
                bssBANK2                       000120  00004A  00016A       120       1  BANK2       1
                bssBANK3                       0001A0  000034  0001D4       1A0       1  BANK3       1
                text35                         000800  00000D  00080D      1000       0  CODE        2
                text13                         00080D  000079  000886      101A       0  CODE        2
                text3                          000886  0000A5  00092B      110C       0  CODE        2
                text2                          00092B  0000AB  0009D6      1256       0  CODE        2
                text73                         0009D6  000108  000ADE      13AC       0  CODE        2
                text17                         000ADE  000172  000C50      15BC       0  CODE        2
                text6                          000C50  0001A4  000DF4      18A0       0  CODE        2
                text77                         000DF4  000227  00101B      1BE8       0  CODE        2
                text76                         00101B  000023  00103E      2036       0  CODE        2
                text24                         00103E  000024  001062      207C       0  CODE        2
                text5                          001062  000024  001086      20C4       0  CODE        2
                text27                         001086  000028  0010AE      210C       0  CODE        2
                text16                         0010AE  00002A  0010D8      215C       0  CODE        2
                maintext                       0010D8  00002B  001103      21B0       0  CODE        2
                text64                         001103  000037  00113A      2206       0  CODE        2
                text52                         00113A  00003B  001175      2274       0  CODE        2
                text89                         001175  00003D  0011B2      22EA       0  CODE        2
                text14                         0011B2  00003F  0011F1      2364       0  CODE        2
                text61                         0011F1  000046  001237      23E2       0  CODE        2
                text84                         001237  000052  001289      246E       0  CODE        2
                text30                         001289  000052  0012DB      2512       0  CODE        2
                text22                         0012DB  000055  001330      25B6       0  CODE        2
                text45                         001330  000056  001386      2660       0  CODE        2
                text10                         001386  000059  0013DF      270C       0  CODE        2
                text31                         0013DF  00005C  00143B      27BE       0  CODE        2
                text20                         00143B  00005C  001497      2876       0  CODE        2
                text25                         001497  00005E  0014F5      292E       0  CODE        2
                text80                         0014F5  00006F  001564      29EA       0  CODE        2
                text34                         001564  000070  0015D4      2AC8       0  CODE        2
                text37                         0015D4  000075  001649      2BA8       0  CODE        2
                text18                         001649  000079  0016C2      2C92       0  CODE        2
                text1                          0016C2  00009A  00175C      2D84       0  CODE        2
                text74                         00175C  0000A4  001800      2EB8       0  CODE        2
                stringtext1                    001800  0000EE  0018EE      3000       0  STRCODE     2
                text88                         001D25  000001  001D26      3A4A       0  CODE        2
                text86                         001D26  000001  001D27      3A4C       0  CODE        2
                text85                         001D27  000004  001D2B      3A4E       0  CODE        2
                text44                         001D2B  000004  001D2F      3A56       0  CODE        2
                idataBANK0                     001D2F  000004  001D33      3A5E       0  CODE        2
                text91                         001D33  000006  001D39      3A66       0  CODE        2
                text79                         001D39  000006  001D3F      3A72       0  CODE        2
                text40                         001D3F  000006  001D45      3A7E       0  CODE        2
                clrtext                        001D45  000006  001D4B      3A8A       0  CODE        2
                inittext                       001D4B  000006  001D51      3A96       0  CODE        2
                text69                         001D51  000009  001D5A      3AA2       0  CODE        2
                text67                         001D5A  000009  001D63      3AB4       0  CODE        2
                text63                         001D63  000009  001D6C      3AC6       0  CODE        2
                text53                         001D6C  000009  001D75      3AD8       0  CODE        2
                text50                         001D75  000009  001D7E      3AEA       0  CODE        2
                text39                         001D7E  000009  001D87      3AFC       0  CODE        2
                text38                         001D87  000009  001D90      3B0E       0  CODE        2
                text33                         001D90  000009  001D99      3B20       0  CODE        2
                text28                         001D99  000009  001DA2      3B32       0  CODE        2
                text12                         001DA2  000009  001DAB      3B44       0  CODE        2
                text59                         001DAB  00000A  001DB5      3B56       0  CODE        2
                idataBANK2                     001DB5  00000A  001DBF      3B6A       0  CODE        2
                text90                         001DBF  00000C  001DCB      3B7E       0  CODE        2
                text62                         001DCB  00000C  001DD7      3B96       0  CODE        2
                text60                         001DD7  00000C  001DE3      3BAE       0  CODE        2
                text55                         001DE3  00000C  001DEF      3BC6       0  CODE        2
                text36                         001DEF  00000C  001DFB      3BDE       0  CODE        2
                text49                         001DFB  00000D  001E08      3BF6       0  CODE        2
                text32                         001E08  00000E  001E16      3C10       0  CODE        2
                text87                         001E16  00000F  001E25      3C2C       0  CODE        2
                text81                         001E25  00000F  001E34      3C4A       0  CODE        2
                text71                         001E34  00000F  001E43      3C68       0  CODE        2
                text66                         001E43  00000F  001E52      3C86       0  CODE        2
                text65                         001E52  00000F  001E61      3CA4       0  CODE        2
                text56                         001E61  00000F  001E70      3CC2       0  CODE        2
                text15                         001E70  000010  001E80      3CE0       0  CODE        2
                text58                         001E80  000011  001E91      3D00       0  CODE        2
                text57                         001E91  000011  001EA2      3D22       0  CODE        2
                text26                         001EA2  000011  001EB3      3D44       0  CODE        2
                text9                          001EB3  000011  001EC4      3D66       0  CODE        2
                text8                          001EC4  000011  001ED5      3D88       0  CODE        2
                text29                         001ED5  000012  001EE7      3DAA       0  CODE        2
                text42                         001EE7  000014  001EFB      3DCE       0  CODE        2
                text78                         001EFB  000015  001F10      3DF6       0  CODE        2
                text46                         001F10  000015  001F25      3E20       0  CODE        2
                text68                         001F25  000016  001F3B      3E4A       0  CODE        2
                text23                         001F3B  000016  001F51      3E76       0  CODE        2
                text41                         001F51  000018  001F69      3EA2       0  CODE        2
                text48                         001F69  000019  001F82      3ED2       0  CODE        2
                text83                         001F82  00001C  001F9E      3F04       0  CODE        2
                text51                         001F9E  000020  001FBE      3F3C       0  CODE        2
                text11                         001FBE  000020  001FDE      3F7C       0  CODE        2
                text54                         001FDE  000022  002000      3FBC       0  CODE        2


UNUSED ADDRESS RANGES

        Name                Unused          Largest block    Delta
        BANK0            0006F-0006F               1           1
        BANK1            000EF-000EF               1           1
        BANK10           00520-0056F              50           1
        BANK11           005A0-005EF              50           1
        BANK12           00620-0064F              30           1
        BANK2            0016A-0016F               6           1
        BANK3            001D4-001EF              1C           1
        BANK4            00220-0026F              50           1
        BANK5            002A0-002EF              50           1
        BANK6            00320-0036F              50           1
        BANK7            003A0-003EF              50           1
        BANK8            00420-0046F              50           1
        BANK9            004A0-004EF              50           1
        BIGRAM           02000-023EF             3F0           1
        CODE             018EE-01D24             437           2
        CONST            018EE-01D24             100           2
        EEDATA           0F000-0F0FF             100           2
        ENTRY            018EE-01D24             100           2
        IDLOC            08000-08003               4           2
        RAM              0006F-0006F               1           1
                         000EF-000EF               1
                         0016A-0016F               6
                         001D4-001EF              1C
                         00220-0026F              50
                         002A0-002EF              50
                         00320-0036F              50
                         003A0-003EF              50
                         00420-0046F              50
                         004A0-004EF              50
                         00520-0056F              50
                         005A0-005EF              50
                         00620-0064F              30
        SFR0             00000-0001F              20           1
        SFR1             00080-0009F              20           1
        SFR10            00500-0051F              20           1
        SFR11            00580-0059F              20           1
        SFR12            00600-0061F              20           1
        SFR13            00680-006EF              70           1
        SFR14            00700-0076F              70           1
        SFR15            00780-007EF              70           1
        SFR16            00800-0086F              70           1
        SFR17            00880-008EF              70           1
        SFR18            00900-0096F              70           1
        SFR19            00980-009EF              70           1
        SFR2             00100-0011F              20           1
        SFR20            00A00-00A6F              70           1
        SFR21            00A80-00AEF              70           1
        SFR22            00B00-00B6F              70           1
        SFR23            00B80-00BEF              70           1
        SFR24            00C00-00C6F              70           1
        SFR25            00C80-00CEF              70           1
        SFR26            00D00-00D6F              70           1
        SFR27            00D80-00DEF              70           1
        SFR28            00E00-00E6F              70           1
        SFR29            00E80-00EEF              70           1
        SFR3             00180-0019F              20           1
        SFR30            00F00-00F6F              70           1
        SFR31            00F80-00FEF              70           1
        SFR4             00200-0021F              20           1
        SFR5             00280-0029F              20           1
        SFR6             00300-0031F              20           1
        SFR7             00380-0039F              20           1
        SFR8             00400-0041F              20           1
        SFR9             00480-0049F              20           1
        STRCODE          018EE-01D24             437           2
        STRING           018EE-01D24             100           2

                                  Symbol Table

?_ADC_GetConversionResult                           cstackCOMMON 00070
?__Umul8_16                                         cstackBANK1  000A0
?___awdiv                                           cstackBANK1  000A0
?___awmod                                           cstackBANK1  000A0
?___fladd                                           cstackBANK1  000AE
?___fldiv                                           cstackBANK1  000A0
?___flmul                                           cstackBANK1  000A9
?___fltol                                           cstackBANK0  0003A
?___lwdiv                                           cstackBANK1  000A0
?___lwmod                                           cstackBANK1  000A0
?___wmul                                            cstackBANK1  000A0
?___xxtofl                                          cstackBANK1  000A0
?_abs                                               cstackBANK1  000A6
?_atoi                                              cstackBANK1  000A6
?_dtoa                                              cstackBANK1  000BC
?_getCounter                                        cstackBANK1  000A0
?_getHoogtesensor                                   cstackCOMMON 00070
?_getPomphoogte                                     cstackBANK1  000A0
?_getSetpoint                                       cstackBANK1  000A0
?_pad                                               cstackBANK1  000B4
?_printf                                            cstackBANK1  000E1
?_read_prec_or_width                                cstackBANK1  000A6
?_str2float                                         cstackBANK1  000C3
?_strlen                                            cstackBANK1  000A0
?_utoa                                              cstackBANK1  000BC
?_vfpfcnvrt                                         cstackBANK1  000C9
?_vfprintf                                          cstackBANK1  000D9
?i1__Umul8_16                                       cstackCOMMON 00070
?i1___fladd                                         cstackBANK0  0003A
?i1___flmul                                         cstackBANK0  00020
?i1___xxtofl                                        cstackCOMMON 00070
ADC_SelectChannel@channel                           cstackBANK1  000A1
ADC_SetInterruptHandler@InterruptHandler            cstackBANK1  000A0
EUSART_FramingErrorCallbackRegister@callbackHandler cstackBANK1  000A0
EUSART_OverrunErrorCallbackRegister@callbackHandler cstackBANK1  000A0
EUSART_Read@readValue                               cstackBANK1  000A1
EUSART_Read@tempRxTail                              cstackBANK1  000A0
EUSART_ReceiveISR@regValue                          cstackCOMMON 00070
EUSART_ReceiveISR@tempRxHead                        cstackCOMMON 00071
EUSART_TransmitISR@tempTxTail                       cstackCOMMON 00070
EUSART_Write@tempTxHead                             cstackBANK1  000A1
EUSART_Write@txData                                 cstackBANK1  000A0
INT_SetInterruptHandler@InterruptHandler            cstackBANK1  000A0
PWM_buzzer_LoadDutyValue@dutyValue                  cstackBANK1  000A0
SPI1_ByteExchange@byteData                          cstackBANK1  000A0
SPI1_Open@spiConfigIndex                            cstackBANK1  000A6
TMR4_PeriodMatchCallbackRegister@CallbackHandler    cstackBANK1  000A0
TMR6_PeriodMatchCallbackRegister@CallbackHandler    cstackBANK1  000A0
_ADACT                                              (abs)        0009F
_ADCON0                                             (abs)        0009D
_ADCON0bits                                         (abs)        0009D
_ADCON1                                             (abs)        0009E
_ADC_DefaultInterruptHandler                        text88       01D25
_ADC_GetConversionResult                            text91       01D33
_ADC_ISR                                            text87       01E16
_ADC_Initialize                                     text68       01F25
_ADC_InterruptHandler                               nvBANK2      0015E
_ADC_SelectChannel                                  text36       01DEF
_ADC_SetInterruptHandler                            text69       01D51
_ADC_hoogtesensor                                   bssBANK0     00059
_ADC_pomphoogte                                     bssBANK1     000ED
_ADC_potentiometer                                  bssBANK2     0014C
_ADRESH                                             (abs)        0009C
_ADRESL                                             (abs)        0009B
_ANSELA                                             (abs)        0018C
_ANSELB                                             (abs)        0018D
_ANSELC                                             (abs)        0018E
_BAUD1CON                                           (abs)        0019F
_BAUD1CONbits                                       (abs)        0019F
_CLOCK_Initialize                                   text67       01D5A
_EUSART_AutoBaudQuery                               (abs)        00000
_EUSART_AutoBaudSet                                 (abs)        00000
_EUSART_DefaultFramingErrorCallback                 text86       01D26
_EUSART_DefaultOverrunErrorCallback                 text85       01D27
_EUSART_Deinitialize                                (abs)        00000
_EUSART_ErrorGet                                    (abs)        00000
_EUSART_FramingErrorCallbackRegister                text66       01E43
_EUSART_FramingErrorHandler                         bssBANK0     0005D
_EUSART_Initialize                                  text64       01103
_EUSART_IsRxReady                                   text12       01DA2
_EUSART_IsTxDone                                    (abs)        00000
_EUSART_IsTxReady                                   text28       01D99
_EUSART_OverrunErrorCallbackRegister                text65       01E52
_EUSART_OverrunErrorHandler                         bssBANK0     0005B
_EUSART_Read                                        text11       01FBE
_EUSART_ReceiveISR                                  text84       01237
_EUSART_RxCompleteCallbackRegister                  (abs)        00000
_EUSART_RxCompleteInterruptHandler                  bssBANK2     0014E
_EUSART_RxInterruptHandler                          nvBANK2      0015A
_EUSART_TransmitDisable                             (abs)        00000
_EUSART_TransmitEnable                              (abs)        00000
_EUSART_TransmitISR                                 text83       01F82
_EUSART_TxCompleteCallbackRegister                  (abs)        00000
_EUSART_TxCompleteInterruptHandler                  bssBANK2     00150
_EUSART_TxInterruptHandler                          nvBANK2      0015C
_EUSART_Write                                       text27       01086
_INLVLA                                             (abs)        0038C
_INLVLB                                             (abs)        0038D
_INLVLC                                             (abs)        0038E
_INTCONbits                                         (abs)        0000B
_INTERRUPT_Initialize                               text62       01DCB
_INTERRUPT_InterruptManager                         intentry     00004
_INT_DefaultInterruptHandler                        (abs)        00000
_INT_InterruptHandler                               bssBANK0     0005F
_INT_SetInterruptHandler                            text63       01D63
_IOCAF                                              (abs)        00393
_IOCAN                                              (abs)        00392
_IOCAP                                              (abs)        00391
_IOCBF                                              (abs)        00396
_IOCBN                                              (abs)        00395
_IOCBP                                              (abs)        00394
_IOCCF                                              (abs)        00399
_IOCCN                                              (abs)        00398
_IOCCP                                              (abs)        00397
_LATA                                               (abs)        0010C
_LATB                                               (abs)        0010D
_LATC                                               (abs)        0010E
_ODCONA                                             (abs)        0028C
_ODCONB                                             (abs)        0028D
_ODCONC                                             (abs)        0028E
_OSCCON1                                            (abs)        00919
_OSCCON3                                            (abs)        0091B
_OSCEN                                              (abs)        0091D
_OSCFRQ                                             (abs)        0091F
_OSCSTAT1                                           (abs)        0091C
_OSCTUNE                                            (abs)        0091E
_PIE1bits                                           (abs)        00091
_PIE2bits                                           (abs)        00092
_PIN_MANAGER_Initialize                             text61       011F1
_PIR0bits                                           (abs)        00010
_PIR1bits                                           (abs)        00011
_PIR2bits                                           (abs)        00012
_PR2                                                (abs)        0001E
_PR4                                                (abs)        00416
_PR6                                                (abs)        0041D
_PWM5CON                                            (abs)        00619
_PWM5DCH                                            (abs)        00618
_PWM5DCL                                            (abs)        00617
_PWM6CON                                            (abs)        0061C
_PWM6DCH                                            (abs)        0061B
_PWM6DCL                                            (abs)        0061A
_PWMTMRSbits                                        (abs)        0061F
_PWM_buzzer_Initialize                              text60       01DD7
_PWM_buzzer_LoadDutyValue                           text41       01F51
_RB4PPS                                             (abs)        00E9C
_RB6PPS                                             (abs)        00E9E
_RB7PPS                                             (abs)        00E9F
_RC1REG                                             (abs)        00199
_RC1STA                                             (abs)        0019D
_RC1STAbits                                         (abs)        0019D
_RC5PPS                                             (abs)        00EA5
_RC7PPS                                             (abs)        00EA7
_RXPPS                                              (abs)        00E24
_SLRCONA                                            (abs)        0030C
_SLRCONB                                            (abs)        0030D
_SLRCONC                                            (abs)        0030E
_SP1BRGH                                            (abs)        0019C
_SP1BRGL                                            (abs)        0019B
_SPI1_BufferExchange                                (abs)        00000
_SPI1_BufferRead                                    (abs)        00000
_SPI1_BufferWrite                                   (abs)        00000
_SPI1_ByteExchange                                  text49       01DFB
_SPI1_ByteRead                                      (abs)        00000
_SPI1_ByteWrite                                     (abs)        00000
_SPI1_Close                                         (abs)        00000
_SPI1_Deinitialize                                  (abs)        00000
_SPI1_Initialize                                    text59       01DAB
_SPI1_IsRxReady                                     (abs)        00000
_SPI1_IsTxReady                                     (abs)        00000
_SPI1_Open                                          text34       01564
_SSP1ADD                                            (abs)        00212
_SSP1BUF                                            (abs)        00211
_SSP1CLKPPS                                         (abs)        00E20
_SSP1CON1                                           (abs)        00215
_SSP1CON1bits                                       (abs)        00215
_SSP1CON3                                           (abs)        00217
_SSP1DATPPS                                         (abs)        00E21
_SSP1STAT                                           (abs)        00214
_SYSTEM_Initialize                                  text54       01FDE
_T2CON                                              (abs)        0001F
_T2CONbits                                          (abs)        0001F
_T4CON                                              (abs)        00417
_T4CONbits                                          (abs)        00417
_T6CON                                              (abs)        0041E
_T6CONbits                                          (abs)        0041E
_TMR2                                               (abs)        0001D
_TMR2_DefaultPeriodMatchCallback                    text82       00002
_TMR2_ISR                                           text81       01E25
_TMR2_Initialize                                    text58       01E80
_TMR2_PeriodMatchCallback                           nvBANK2      00158
_TMR4                                               (abs)        00415
_TMR4_DefaultPeriodMatchCallback                    text72       00003
_TMR4_ISR                                           text71       01E34
_TMR4_Initialize                                    text57       01E91
_TMR4_PeriodMatchCallback                           nvBANK2      00156
_TMR4_PeriodMatchCallbackRegister                   text53       01D6C
_TMR6                                               (abs)        0041C
_TMR6_DefaultPeriodMatchCallback                    text43       007FF
_TMR6_Initialize                                    text56       01E61
_TMR6_PeriodMatchCallback                           nvBANK2      00154
_TMR6_PeriodMatchCallbackRegister                   text33       01D90
_TMR6_Tasks                                         text42       01EE7
_TRISA                                              (abs)        0008C
_TRISB                                              (abs)        0008D
_TRISC                                              (abs)        0008E
_TX1REG                                             (abs)        0019A
_TX1STA                                             (abs)        0019E
_TX1STAbits                                         (abs)        0019E
_WPUA                                               (abs)        0020C
_WPUB                                               (abs)        0020D
_WPUC                                               (abs)        0020E
__H__absolute__                                     __absolute__ 00000
__Habs1                                             abs1         00000
__Hbank0                                            bank0        00000
__Hbank1                                            bank1        00000
__Hbank10                                           bank10       00000
__Hbank11                                           bank11       00000
__Hbank12                                           bank12       00000
__Hbank13                                           bank13       00000
__Hbank14                                           bank14       00000
__Hbank15                                           bank15       00000
__Hbank16                                           bank16       00000
__Hbank17                                           bank17       00000
__Hbank18                                           bank18       00000
__Hbank19                                           bank19       00000
__Hbank2                                            bank2        00000
__Hbank20                                           bank20       00000
__Hbank21                                           bank21       00000
__Hbank22                                           bank22       00000
__Hbank23                                           bank23       00000
__Hbank24                                           bank24       00000
__Hbank25                                           bank25       00000
__Hbank26                                           bank26       00000
__Hbank27                                           bank27       00000
__Hbank28                                           bank28       00000
__Hbank29                                           bank29       00000
__Hbank3                                            bank3        00000
__Hbank30                                           bank30       00000
__Hbank31                                           bank31       00000
__Hbank4                                            bank4        00000
__Hbank5                                            bank5        00000
__Hbank6                                            bank6        00000
__Hbank7                                            bank7        00000
__Hbank8                                            bank8        00000
__Hbank9                                            bank9        00000
__Hbigram                                           bigram       00000
__HbssBANK0                                         bssBANK0     00000
__HbssBANK1                                         bssBANK1     00000
__HbssBANK2                                         bssBANK2     00000
__HbssBANK3                                         bssBANK3     00000
__Hcinit                                            cinit        00091
__Hclrtext                                          clrtext      00000
__Hcode                                             code         00000
__Hcommon                                           common       00000
__Hconfig                                           config       0800B
__HcstackBANK0                                      cstackBANK0  00000
__HcstackBANK1                                      cstackBANK1  00000
__HcstackCOMMON                                     cstackCOMMON 00000
__HdataBANK0                                        dataBANK0    00000
__HdataBANK2                                        dataBANK2    00000
__Heeprom_data                                      eeprom_data  00000
__Hend_init                                         end_init     0005A
__Hfunctab                                          functab      00000
__Hheap                                             heap         00000
__HidataBANK0                                       idataBANK0   00000
__HidataBANK2                                       idataBANK2   00000
__Hinit                                             init         00058
__Hinittext                                         inittext     00000
__Hintentry                                         intentry     00058
__Hmaintext                                         maintext     00000
__HnvBANK2                                          nvBANK2      00000
__Hpowerup                                          powerup      00000
__Hram                                              ram          00000
__Hreset_vec                                        reset_vec    00002
__Hsfr0                                             sfr0         00000
__Hsfr1                                             sfr1         00000
__Hsfr10                                            sfr10        00000
__Hsfr11                                            sfr11        00000
__Hsfr12                                            sfr12        00000
__Hsfr13                                            sfr13        00000
__Hsfr14                                            sfr14        00000
__Hsfr15                                            sfr15        00000
__Hsfr16                                            sfr16        00000
__Hsfr17                                            sfr17        00000
__Hsfr18                                            sfr18        00000
__Hsfr19                                            sfr19        00000
__Hsfr2                                             sfr2         00000
__Hsfr20                                            sfr20        00000
__Hsfr21                                            sfr21        00000
__Hsfr22                                            sfr22        00000
__Hsfr23                                            sfr23        00000
__Hsfr24                                            sfr24        00000
__Hsfr25                                            sfr25        00000
__Hsfr26                                            sfr26        00000
__Hsfr27                                            sfr27        00000
__Hsfr28                                            sfr28        00000
__Hsfr29                                            sfr29        00000
__Hsfr3                                             sfr3         00000
__Hsfr30                                            sfr30        00000
__Hsfr31                                            sfr31        00000
__Hsfr4                                             sfr4         00000
__Hsfr5                                             sfr5         00000
__Hsfr6                                             sfr6         00000
__Hsfr7                                             sfr7         00000
__Hsfr8                                             sfr8         00000
__Hsfr9                                             sfr9         00000
__Hsivt                                             sivt         00058
__Hspace_0                                          (abs)        02000
__Hspace_1                                          (abs)        001D4
__Hspace_2                                          (abs)        00000
__Hspace_3                                          (abs)        00000
__Hspace_4                                          (abs)        10012
__Hstack                                            stack        00000
__Hstrings                                          strings      00000
__Hstringtext1                                      stringtext1  00000
__Hstringtext10                                     stringtext10 00000
__Hstringtext11                                     stringtext11 00000
__Hstringtext12                                     stringtext12 00000
__Hstringtext13                                     stringtext13 00000
__Hstringtext14                                     stringtext14 00000
__Hstringtext2                                      stringtext2  00000
__Hstringtext3                                      stringtext3  00000
__Hstringtext4                                      stringtext4  00000
__Hstringtext5                                      stringtext5  00000
__Hstringtext6                                      stringtext6  00000
__Hstringtext7                                      stringtext7  00000
__Hstringtext8                                      stringtext8  00000
__Hstringtext9                                      stringtext9  00000
__Htext                                             text         00000
__L__absolute__                                     __absolute__ 00000
__Labs1                                             abs1         00000
__Lbank0                                            bank0        00000
__Lbank1                                            bank1        00000
__Lbank10                                           bank10       00000
__Lbank11                                           bank11       00000
__Lbank12                                           bank12       00000
__Lbank13                                           bank13       00000
__Lbank14                                           bank14       00000
__Lbank15                                           bank15       00000
__Lbank16                                           bank16       00000
__Lbank17                                           bank17       00000
__Lbank18                                           bank18       00000
__Lbank19                                           bank19       00000
__Lbank2                                            bank2        00000
__Lbank20                                           bank20       00000
__Lbank21                                           bank21       00000
__Lbank22                                           bank22       00000
__Lbank23                                           bank23       00000
__Lbank24                                           bank24       00000
__Lbank25                                           bank25       00000
__Lbank26                                           bank26       00000
__Lbank27                                           bank27       00000
__Lbank28                                           bank28       00000
__Lbank29                                           bank29       00000
__Lbank3                                            bank3        00000
__Lbank30                                           bank30       00000
__Lbank31                                           bank31       00000
__Lbank4                                            bank4        00000
__Lbank5                                            bank5        00000
__Lbank6                                            bank6        00000
__Lbank7                                            bank7        00000
__Lbank8                                            bank8        00000
__Lbank9                                            bank9        00000
__Lbigram                                           bigram       00000
__LbssBANK0                                         bssBANK0     00000
__LbssBANK1                                         bssBANK1     00000
__LbssBANK2                                         bssBANK2     00000
__LbssBANK3                                         bssBANK3     00000
__Lcinit                                            cinit        0005A
__Lclrtext                                          clrtext      00000
__Lcode                                             code         00000
__Lcommon                                           common       00000
__Lconfig                                           config       00000
__LcstackBANK0                                      cstackBANK0  00000
__LcstackBANK1                                      cstackBANK1  00000
__LcstackCOMMON                                     cstackCOMMON 00000
__LdataBANK0                                        dataBANK0    00000
__LdataBANK2                                        dataBANK2    00000
__Leeprom_data                                      eeprom_data  00000
__Lend_init                                         end_init     00058
__Lfunctab                                          functab      00000
__Lheap                                             heap         00000
__LidataBANK0                                       idataBANK0   00000
__LidataBANK2                                       idataBANK2   00000
__Linit                                             init         00058
__Linittext                                         inittext     00000
__Lintentry                                         intentry     00004
__Lmaintext                                         maintext     00000
__LnvBANK2                                          nvBANK2      00000
__Lpowerup                                          powerup      00000
__Lram                                              ram          00000
__Lreset_vec                                        reset_vec    00000
__Lsfr0                                             sfr0         00000
__Lsfr1                                             sfr1         00000
__Lsfr10                                            sfr10        00000
__Lsfr11                                            sfr11        00000
__Lsfr12                                            sfr12        00000
__Lsfr13                                            sfr13        00000
__Lsfr14                                            sfr14        00000
__Lsfr15                                            sfr15        00000
__Lsfr16                                            sfr16        00000
__Lsfr17                                            sfr17        00000
__Lsfr18                                            sfr18        00000
__Lsfr19                                            sfr19        00000
__Lsfr2                                             sfr2         00000
__Lsfr20                                            sfr20        00000
__Lsfr21                                            sfr21        00000
__Lsfr22                                            sfr22        00000
__Lsfr23                                            sfr23        00000
__Lsfr24                                            sfr24        00000
__Lsfr25                                            sfr25        00000
__Lsfr26                                            sfr26        00000
__Lsfr27                                            sfr27        00000
__Lsfr28                                            sfr28        00000
__Lsfr29                                            sfr29        00000
__Lsfr3                                             sfr3         00000
__Lsfr30                                            sfr30        00000
__Lsfr31                                            sfr31        00000
__Lsfr4                                             sfr4         00000
__Lsfr5                                             sfr5         00000
__Lsfr6                                             sfr6         00000
__Lsfr7                                             sfr7         00000
__Lsfr8                                             sfr8         00000
__Lsfr9                                             sfr9         00000
__Lsivt                                             sivt         00058
__Lspace_0                                          (abs)        00000
__Lspace_1                                          (abs)        00000
__Lspace_2                                          (abs)        00000
__Lspace_3                                          (abs)        00000
__Lspace_4                                          (abs)        00000
__Lstack                                            stack        00000
__Lstrings                                          strings      00000
__Lstringtext1                                      stringtext1  00000
__Lstringtext10                                     stringtext10 00000
__Lstringtext11                                     stringtext11 00000
__Lstringtext12                                     stringtext12 00000
__Lstringtext13                                     stringtext13 00000
__Lstringtext14                                     stringtext14 00000
__Lstringtext2                                      stringtext2  00000
__Lstringtext3                                      stringtext3  00000
__Lstringtext4                                      stringtext4  00000
__Lstringtext5                                      stringtext5  00000
__Lstringtext6                                      stringtext6  00000
__Lstringtext7                                      stringtext7  00000
__Lstringtext8                                      stringtext8  00000
__Lstringtext9                                      stringtext9  00000
__Ltext                                             text         00000
__S0                                                (abs)        02000
__S1                                                (abs)        001D4
__S3                                                (abs)        00000
__Umul8_16                                          text5        01062
__Umul8_16@multiplicand                             cstackBANK1  000A0
__Umul8_16@multiplier                               cstackBANK1  000A8
__Umul8_16@product                                  cstackBANK1  000A4
__Umul8_16@word_mpld                                cstackBANK1  000A6
___awdiv                                            text31       013DF
___awdiv@counter                                    cstackBANK1  000A4
___awdiv@dividend                                   cstackBANK1  000A2
___awdiv@divisor                                    cstackBANK1  000A0
___awdiv@quotient                                   cstackBANK1  000A6
___awdiv@sign                                       cstackBANK1  000A5
___awmod                                            text30       01289
___awmod@counter                                    cstackBANK1  000A4
___awmod@dividend                                   cstackBANK1  000A2
___awmod@divisor                                    cstackBANK1  000A0
___awmod@sign                                       cstackBANK1  000A5
___fladd                                            text7        00507
___fladd@a                                          cstackBANK1  000B2
___fladd@aexp                                       cstackBANK1  000BF
___fladd@b                                          cstackBANK1  000AE
___fladd@bexp                                       cstackBANK1  000C0
___fladd@grs                                        cstackBANK1  000C1
___fladd@signs                                      cstackBANK1  000BE
___fldiv                                            text6        00C50
___fldiv@a                                          cstackBANK1  000A0
___fldiv@aexp                                       cstackBANK1  000B9
___fldiv@b                                          cstackBANK1  000A4
___fldiv@bexp                                       cstackBANK1  000B8
___fldiv@grs                                        cstackBANK1  000B4
___fldiv@new_exp                                    cstackBANK1  000B2
___fldiv@rem                                        cstackBANK1  000AD
___fldiv@sign                                       cstackBANK1  000B1
___flmul                                            text4        00091
___flmul@a                                          cstackBANK1  000AD
___flmul@aexp                                       cstackBANK1  000BB
___flmul@b                                          cstackBANK1  000A9
___flmul@bexp                                       cstackBANK1  000BC
___flmul@grs                                        cstackBANK1  000B7
___flmul@prod                                       cstackBANK1  000BD
___flmul@sign                                       cstackBANK1  000B6
___flmul@temp                                       cstackBANK1  000C1
___fltol                                            text80       014F5
___fltol@exp1                                       cstackBANK0  00043
___fltol@f1                                         cstackBANK0  0003A
___fltol@sign1                                      cstackBANK0  00042
___heap_hi                                          (abs)        00000
___heap_lo                                          (abs)        00000
___int_sp                                           stack        00000
___int_stack_hi                                     stack        00000
___int_stack_lo                                     stack        00000
___latbits                                          (abs)        00002
___lwdiv                                            text52       0113A
___lwdiv@counter                                    cstackBANK1  000A6
___lwdiv@dividend                                   cstackBANK1  000A2
___lwdiv@divisor                                    cstackBANK1  000A0
___lwdiv@quotient                                   cstackBANK1  000A4
___lwmod                                            text19       007CC
___lwmod@counter                                    cstackBANK1  000A4
___lwmod@dividend                                   cstackBANK1  000A2
___lwmod@divisor                                    cstackBANK1  000A0
___sp                                               stack        00000
___stack_hi                                         stack        00000
___stack_lo                                         stack        00000
___stackhi                                          (abs)        00000
___stacklo                                          (abs)        00000
___wmul                                             text51       01F9E
___wmul@multiplicand                                cstackBANK1  000A2
___wmul@multiplier                                  cstackBANK1  000A0
___wmul@product                                     cstackBANK1  000A4
___xxtofl                                           text3        00886
___xxtofl@arg                                       cstackBANK1  000AA
___xxtofl@exp                                       cstackBANK1  000A9
___xxtofl@sign                                      cstackBANK1  000A8
___xxtofl@val                                       cstackBANK1  000A0
__end_of_ADC_DefaultInterruptHandler                text88       01D26
__end_of_ADC_GetConversionResult                    text91       01D39
__end_of_ADC_ISR                                    text87       01E25
__end_of_ADC_Initialize                             text68       01F3B
__end_of_ADC_SelectChannel                          text36       01DFB
[...]
_initLedstrip                                       text32       01E08
_integraal                                          bssBANK2     00140
_is_on_target                                       bssBANK0     00063
_ki                                                 dataBANK2    00160
_kp                                                 dataBANK2    00164
_line                                               bssBANK3     001C0
_main                                               maintext     010D8
_mustPrintLogs                                      dataBANK0    0006D
_nout                                               bssBANK2     00144
_pad                                                text22       012DB
_prec                                               bssBANK2     00146
_printLogs                                          text14       011B2
_printf                                             text15       01E70
_putch                                              text26       01EA2
_pwm_fan_Initialize                                 text55       01DE3
_pwm_fan_LoadDutyValue                              text78       01EFB
_readLine                                           text10       01386
_read_prec_or_width                                 text20       0143B
_sendLedstripEndFrame                               text48       01F69
_sendLedstripFrame                                  text47       01000
_sendLedstripStartFrame                             text46       01F10
_setKi                                              text9        01EB3
_setKp                                              text8        01EC4
_setSetpoint                                        text38       01D87
_setpoint                                           dataBANK2    00168
_spi1_configuration                                 stringtext3  018D2
_str2float                                          text2        0092B
_strlen                                             text23       01F3B
_uartHandler                                        text1        016C2
_updateLedstripAnimation                            text44       01D2B
_utoa                                               text18       01649
_vfpfcnvrt                                          text17       00ADE
_vfprintf                                           text16       010AE
_width                                              bssBANK0     00055
abs@a                                               cstackBANK1  000A6
adcConversionDoneHandler@new_channel                dataBANK0    0006E
atoi@n                                              cstackBANK1  000AB
atoi@neg                                            cstackBANK1  000AA
atoi@s                                              cstackBANK1  000A6
btemp                                               (abs)        0007E
clear_ram0                                          clrtext      01D45
controller@I                                        cstackBANK0  00051
controller@P                                        cstackBANK0  0004F
controller@error                                    cstackBANK0  00053
counter_led@counter                                 cstackBANK1  000AA
counter_led@led                                     cstackBANK1  000AC
counter_led@loops                                   cstackBANK1  000A8
dtoa@d                                              cstackBANK1  000BE
dtoa@fp                                             cstackBANK1  000BC
dtoa@i                                              cstackBANK1  000C7
dtoa@p                                              cstackBANK1  000C3
dtoa@s                                              cstackBANK1  000C6
dtoa@w                                              cstackBANK1  000C4
end_of_initialization                               cinit        0008D
fputc@c                                             cstackBANK1  000A3
fputc@fp                                            cstackBANK1  000A5
fputs@c                                             cstackBANK1  000B1
fputs@fp                                            cstackBANK1  000AD
fputs@i                                             cstackBANK1  000B2
fputs@s                                             cstackBANK1  000AC
i1ADC_SelectChannel@channel                         cstackCOMMON 00071
i1_ADC_SelectChannel                                text90       01DBF
i1__Umul8_16                                        text76       0101B
i1__Umul8_16@multiplicand                           cstackCOMMON 00070
i1__Umul8_16@multiplier                             cstackCOMMON 00078
i1__Umul8_16@product                                cstackCOMMON 00074
i1__Umul8_16@word_mpld                              cstackCOMMON 00076
i1___fladd                                          text77       00DF4
i1___fladd@a                                        cstackBANK0  0003E
i1___fladd@aexp                                     cstackBANK0  0004B
i1___fladd@b                                        cstackBANK0  0003A
i1___fladd@bexp                                     cstackBANK0  0004C
i1___fladd@grs                                      cstackBANK0  0004D
i1___fladd@signs                                    cstackBANK0  0004A
i1___flmul                                          text75       002CC
i1___flmul@a                                        cstackBANK0  00024
i1___flmul@aexp                                     cstackBANK0  00032
i1___flmul@b                                        cstackBANK0  00020
i1___flmul@bexp                                     cstackBANK0  00033
i1___flmul@grs                                      cstackBANK0  0002E
i1___flmul@prod                                     cstackBANK0  00034
i1___flmul@sign                                     cstackBANK0  0002D
i1___flmul@temp                                     cstackBANK0  00038
i1___xxtofl                                         text74       0175C
i1___xxtofl@arg                                     cstackCOMMON 0007A
i1___xxtofl@exp                                     cstackCOMMON 00079
i1___xxtofl@sign                                    cstackCOMMON 00078
i1___xxtofl@val                                     cstackCOMMON 00070
init_ram                                            inittext     01D4B
int$flags                                           (abs)        0007E
intlevel0                                           functab      00000
intlevel1                                           functab      00000
intlevel2                                           functab      00000
intlevel3                                           functab      00000
intlevel4                                           functab      00000
intlevel5                                           functab      00000
pad@buf                                             cstackBANK1  000B6
pad@fp                                              cstackBANK1  000B4
pad@i                                               cstackBANK1  000BA
pad@p                                               cstackBANK1  000B7
printf@ap                                           cstackBANK1  000E7
printf@fmt                                          cstackBANK1  000E1
putch@txData                                        cstackBANK1  000A2
pwm_fan_LoadDutyValue@dutyValue                     cstackCOMMON 00070
readLine@index                                      bssBANK0     00064
read_prec_or_width@ap                               cstackBANK1  000A7
read_prec_or_width@c                                cstackBANK1  000AB
read_prec_or_width@fmt                              cstackBANK1  000A6
read_prec_or_width@n                                cstackBANK1  000AC
reset_vec                                           reset_vec    00000
sendLedstripFrame@blue                              cstackBANK1  000A2
sendLedstripFrame@green                             cstackBANK1  000A1
sendLedstripFrame@intensity                         cstackBANK1  000A3
sendLedstripFrame@red                               cstackBANK1  000A4
setKi@new_ki                                        cstackBANK1  000CF
setKp@new_kp                                        cstackBANK1  000CF
setSetpoint@new_setpoint                            cstackBANK1  000AD
start                                               init         00058
start_initialization                                cinit        0005A
str2float@decimal_separator                         cstackBANK1  000C7
str2float@digit                                     cstackBANK1  000CE
str2float@i                                         cstackBANK1  000C9
str2float@multiplier                                cstackBANK1  000C8
str2float@number                                    cstackBANK1  000CA
str2float@str                                       cstackBANK1  000C3
strlen@a                                            cstackBANK1  000A2
strlen@s                                            cstackBANK1  000A0
uartHandler@str                                     cstackBANK1  000EB
utoa@d                                              cstackBANK1  000BE
utoa@fp                                             cstackBANK1  000BC
utoa@i                                              cstackBANK1  000C4
utoa@p                                              cstackBANK1  000C1
utoa@w                                              cstackBANK1  000C2
vfpfcnvrt@ap                                        cstackBANK1  000CC
vfpfcnvrt@convarg                                   cstackBANK1  000D3
vfpfcnvrt@cp                                        cstackBANK1  000D7
vfpfcnvrt@done                                      cstackBANK1  000D2
vfpfcnvrt@fmt                                       cstackBANK1  000CB
vfpfcnvrt@fp                                        cstackBANK1  000C9
vfprintf@ap                                         cstackBANK1  000DD
vfprintf@cfmt                                       cstackBANK1  000DF
vfprintf@fmt                                        cstackBANK1  000DB
vfprintf@fp                                         cstackBANK1  000D9
wtemp0                                              (abs)        0007E


MODULE INFORMATION

Module		Function		Class		Link	Load	Size
UART.c
		_str2float     		CODE           	092B	0000	171
		_readLine      		CODE           	1386	0000	89
		_printLogs     		CODE           	11B2	0000	63
		_uartHandler   		CODE           	16C2	0000	154

UART.c estimated size: 477

C:\Program Files\Microchip\xc8\v3.00\pic\sources\c99\common\abs.c
		_abs           		CODE           	1ED5	0000	18

C:\Program Files\Microchip\xc8\v3.00\pic\sources\c99\common\abs.c estimated size: 18

C:\Program Files\Microchip\xc8\v3.00\pic\sources\c99\common\nf_fputc.c
		_fputc         		CODE           	1497	0000	94

C:\Program Files\Microchip\xc8\v3.00\pic\sources\c99\common\nf_fputc.c estimated size: 94

mcc_generated_files/spi/src/mssp1.c
		_SPI1_ByteExchange		CODE           	1DFB	0000	13
		_SPI1_Open     		CODE           	1564	0000	112
		_SPI1_Initialize		CODE           	1DAB	0000	10

mcc_generated_files/spi/src/mssp1.c estimated size: 135

C:\Program Files\Microchip\xc8\v3.00\pic\sources\c99\common\Umul16.c
		___wmul        		CODE           	1F9E	0000	32

C:\Program Files\Microchip\xc8\v3.00\pic\sources\c99\common\Umul16.c estimated size: 32

mcc_generated_files/system/src/interrupt.c
		_INT_SetInterruptHandler		CODE           	1D63	0000	9
		_INTERRUPT_Initialize		CODE           	1DCB	0000	12
		_INTERRUPT_InterruptManager		CODE           	0004	0000	84

mcc_generated_files/system/src/interrupt.c estimated size: 105

PushUp.c
		_getCounter    		CODE           	1D75	0000	9
		_check_push_up 		CODE           	15D4	0000	117

PushUp.c estimated size: 126

mcc_generated_files/adc/src/adc.c
		_ADC_DefaultInterruptHandler		CODE           	1D25	0000	1
		_ADC_Initialize		CODE           	1F25	0000	22
		_ADC_SetInterruptHandler		CODE           	1D51	0000	9
		_ADC_GetConversionResult		CODE           	1D33	0000	6
		_ADC_ISR       		CODE           	1E16	0000	15
		_ADC_SelectChannel		CODE           	1DEF	0000	12

mcc_generated_files/adc/src/adc.c estimated size: 65

C:\Program Files\Microchip\xc8\v3.00\pic\sources\c99\common\printf.c
		_printf        		CODE           	1E70	0000	16

C:\Program Files\Microchip\xc8\v3.00\pic\sources\c99\common\printf.c estimated size: 16

C:\Program Files\Microchip\xc8\v3.00\pic\sources\c99\common\lwmod.c
		___lwmod       		CODE           	07CC	0000	51

C:\Program Files\Microchip\xc8\v3.00\pic\sources\c99\common\lwmod.c estimated size: 51

C:\Program Files\Microchip\xc8\v3.00\pic\sources\c99\common\awmod.c
		___awmod       		CODE           	1289	0000	82

C:\Program Files\Microchip\xc8\v3.00\pic\sources\c99\common\awmod.c estimated size: 82

C:\Program Files\Microchip\xc8\v3.00\pic\sources\c99\common\atoi.c
		_atoi          		CODE           	080D	0000	121

C:\Program Files\Microchip\xc8\v3.00\pic\sources\c99\common\atoi.c estimated size: 121

mcc_generated_files/pwm/src/pwm5.c
		_pwm_fan_LoadDutyValue		CODE           	1EFB	0000	21
		_pwm_fan_Initialize		CODE           	1DE3	0000	12

mcc_generated_files/pwm/src/pwm5.c estimated size: 33

C:\Program Files\Microchip\xc8\v3.00\pic\sources\c99\common\sprcmul.c
		___flmul       		CODE           	0091	0000	571

C:\Program Files\Microchip\xc8\v3.00\pic\sources\c99\common\sprcmul.c estimated size: 571

adcMeasurements.c
		_getHoogtesensor		CODE           	1D39	0000	6
		_initAdcMultiplexer		CODE           	0800	0000	13
		_adcConversionDoneHandler		CODE           	1175	0000	61
		_getPomphoogte 		CODE           	1D3F	0000	6

adcMeasurements.c estimated size: 86

mcc_generated_files/system/src/pins.c
		_PIN_MANAGER_Initialize		CODE           	11F1	0000	70

mcc_generated_files/system/src/pins.c estimated size: 70

C:\Program Files\Microchip\xc8\v3.00\pic\sources\c99\common\sprcdiv.c
		___fldiv       		CODE           	0C50	0000	420

C:\Program Files\Microchip\xc8\v3.00\pic\sources\c99\common\sprcdiv.c estimated size: 420

shared
		i1___fladd     		CODE           	0DF4	0000	524
		i1__Umul8_16   		CODE           	101B	0000	35
		__initialization		CODE           	005A	0000	51
		_UART1         		STRCODE        	0000	0000	0
		i1___flmul     		CODE           	02CC	0000	571
		i1___xxtofl    		CODE           	175C	0000	164
		i1_ADC_SelectChannel		CODE           	1DBF	0000	12
		_spi1_configuration		STRCODE        	18D2	0000	10
		_ledstrip      		STRCODE        	0000	0000	0

shared estimated size: 1367

C:\Program Files\Microchip\xc8\v3.00\pic\sources\c99\common\xxtofl.c
		___xxtofl      		CODE           	0886	0000	165

C:\Program Files\Microchip\xc8\v3.00\pic\sources\c99\common\xxtofl.c estimated size: 165

C:\Program Files\Microchip\xc8\v3.00\pic\sources\c99\common\nf_fputs.c
		_fputs         		CODE           	103E	0000	36

C:\Program Files\Microchip\xc8\v3.00\pic\sources\c99\common\nf_fputs.c estimated size: 36

mcc_generated_files/timer/src/tmr6.c
		_TMR6_DefaultPeriodMatchCallback		CODE           	07FF	0000	1
		_TMR6_Initialize		CODE           	1E61	0000	15
		_TMR6_PeriodMatchCallbackRegister		CODE           	1D90	0000	9
		_TMR6_Tasks    		CODE           	1EE7	0000	20

mcc_generated_files/timer/src/tmr6.c estimated size: 45

C:\Program Files\Microchip\xc8\v3.00\pic\sources\c99\common\strlen.c
		_strlen        		CODE           	1F3B	0000	22

C:\Program Files\Microchip\xc8\v3.00\pic\sources\c99\common\strlen.c estimated size: 22

mcc_generated_files/timer/src/tmr4.c
		_TMR4_DefaultPeriodMatchCallback		CODE           	0003	0000	1
		_TMR4_ISR      		CODE           	1E34	0000	15
		_TMR4_Initialize		CODE           	1E91	0000	17
		_TMR4_PeriodMatchCallbackRegister		CODE           	1D6C	0000	9

mcc_generated_files/timer/src/tmr4.c estimated size: 42

controller.c
		_setKp         		CODE           	1EC4	0000	17
		_controller    		CODE           	09D6	0000	264
		_getSetpoint   		CODE           	1D7E	0000	9
		_setSetpoint   		CODE           	1D87	0000	9
		_setKi         		CODE           	1EB3	0000	17

controller.c estimated size: 316

ledstrip.c
		_sendLedstripEndFrame		CODE           	1F69	0000	25
		_sendLedstripStartFrame		CODE           	1F10	0000	21
		_counter_led   		CODE           	1330	0000	86
		_sendLedstripFrame		CODE           	1000	0000	27
		_initLedstrip  		CODE           	1E08	0000	14
		_updateLedstripAnimation		CODE           	1D2B	0000	4

ledstrip.c estimated size: 177

mcc_generated_files/timer/src/tmr2.c
		_TMR2_ISR      		CODE           	1E25	0000	15
		_TMR2_Initialize		CODE           	1E80	0000	17
		_TMR2_DefaultPeriodMatchCallback		CODE           	0002	0000	1

mcc_generated_files/timer/src/tmr2.c estimated size: 33

mcc_generated_files/uart/src/eusart.c
		_EUSART_FramingErrorCallbackRegister		CODE           	1E43	0000	15
		_EUSART_OverrunErrorCallbackRegister		CODE           	1E52	0000	15
		_putch         		CODE           	1EA2	0000	17
		_EUSART_Read   		CODE           	1FBE	0000	32
		_EUSART_Write  		CODE           	1086	0000	40
		_EUSART_DefaultOverrunErrorCallback		CODE           	1D27	0000	4
		_EUSART_IsRxReady		CODE           	1DA2	0000	9
		_EUSART_IsTxReady		CODE           	1D99	0000	9
		_EUSART_Initialize		CODE           	1103	0000	55
		_EUSART_TransmitISR		CODE           	1F82	0000	28
		_EUSART_DefaultFramingErrorCallback		CODE           	1D26	0000	1
		_EUSART_ReceiveISR		CODE           	1237	0000	82

mcc_generated_files/uart/src/eusart.c estimated size: 307

mcc_generated_files/system/src/clock.c
		_CLOCK_Initialize		CODE           	1D5A	0000	9

mcc_generated_files/system/src/clock.c estimated size: 9

C:\Program Files\Microchip\xc8\v3.00\pic\sources\c99\common\lwdiv.c
		___lwdiv       		CODE           	113A	0000	59

C:\Program Files\Microchip\xc8\v3.00\pic\sources\c99\common\lwdiv.c estimated size: 59

C:\Program Files\Microchip\xc8\v3.00\pic\sources\c99\common\awdiv.c
		___awdiv       		CODE           	13DF	0000	92

C:\Program Files\Microchip\xc8\v3.00\pic\sources\c99\common\awdiv.c estimated size: 92

C:\Program Files\Microchip\xc8\v3.00\pic\sources\c99\common\fltol.c
		___fltol       		CODE           	14F5	0000	111

C:\Program Files\Microchip\xc8\v3.00\pic\sources\c99\common\fltol.c estimated size: 111

main.c
		_main          		CODE           	10D8	0000	43

main.c estimated size: 43

C:\Program Files\Microchip\xc8\v3.00\pic\sources\c99\common\doprnt.c
		_read_prec_or_width		CODE           	143B	0000	92
		_vfpfcnvrt     		CODE           	0ADE	0000	370
		_pad           		CODE           	12DB	0000	85
		_dtoa          		CODE           	0713	0000	185
		_vfprintf      		CODE           	10AE	0000	42
		_utoa          		CODE           	1649	0000	121

C:\Program Files\Microchip\xc8\v3.00\pic\sources\c99\common\doprnt.c estimated size: 895

C:\Program Files\Microchip\xc8\v3.00\pic\sources\c99\common\sprcadd.c
		___fladd       		CODE           	0507	0000	524

C:\Program Files\Microchip\xc8\v3.00\pic\sources\c99\common\sprcadd.c estimated size: 524

mcc_generated_files/system/src/system.c
		_SYSTEM_Initialize		CODE           	1FDE	0000	34

mcc_generated_files/system/src/system.c estimated size: 34

C:\Program Files\Microchip\xc8\v3.00\pic\sources\c99\common\Umul8_16.c
		__Umul8_16     		CODE           	1062	0000	36

C:\Program Files\Microchip\xc8\v3.00\pic\sources\c99\common\Umul8_16.c estimated size: 36

mcc_generated_files/pwm/src/pwm6.c
		_PWM_buzzer_Initialize		CODE           	1DD7	0000	12
		_PWM_buzzer_LoadDutyValue		CODE           	1F51	0000	24

mcc_generated_files/pwm/src/pwm6.c estimated size: 36

