Microchip MPLAB XC8 Compiler V3.00

Linker command line:

-W-3 \
  --edf=C:\Program Files\Microchip\xc8\v3.00\pic\dat\20241204225717_en.msgs \
  -cn \
  -h+dist/default/production\digitale_pingpong_zweeftoren.production.sym \
  --cmf=dist/default/production\digitale_pingpong_zweeftoren.production.cmf \
  -z -Q16F18345 \
  -oC:\Users\WEDNES~1\AppData\Local\Temp\xcAs6o0.\driver_tmp_3.o \
  --defsym=__MPLAB_BUILD=1 --fixupoverflow=error \
  -Mdist/default/production/digitale_pingpong_zweeftoren.production.map \
  --md=C:\Users\WEDNES~1\AppData\Local\Temp\xcAs6o0.\driver_tmp_0.dat -E1 \
  -ver=XC8 Compiler -ACODE=00h-07FFhx4 -ASTRCODE=00h-01FFFh \
  -ASTRING=00h-0FFhx32 -ACONST=00h-0FFhx32 -AENTRY=00h-0FFhx32 \
  -ACOMMON=070h-07Fh -ABANK0=020h-06Fh -ABANK1=0A0h-0EFh \
  -ABANK2=0120h-016Fh -ABANK3=01A0h-01EFh -ABANK4=0220h-026Fh \
  -ABANK5=02A0h-02EFh -ABANK6=0320h-036Fh -ABANK7=03A0h-03EFh \
  -ABANK8=0420h-046Fh -ABANK9=04A0h-04EFh -ABANK10=0520h-056Fh \
  -ABANK11=05A0h-05EFh -ABANK12=0620h-064Fh -ABIGRAM=02000h-023EFh \
  -ARAM=020h-06Fh,0A0h-0EFh,0120h-016Fh,01A0h-01EFh,0220h-026Fh,02A0h-02EFh,0320h-036Fh,03A0h-03EFh,0420h-046Fh,04A0h-04EFh,0520h-056Fh,05A0h-05EFh,0620h-064Fh \
  -AABS1=020h-07Fh,0A0h-0EFh,0120h-016Fh,01A0h-01EFh,0220h-026Fh,02A0h-02EFh,0320h-036Fh,03A0h-03EFh,0420h-046Fh,04A0h-04EFh,0520h-056Fh,05A0h-05EFh,0620h-064Fh \
  -ASFR0=00h-01Fh -ASFR1=080h-09Fh -ASFR2=0100h-011Fh -ASFR3=0180h-019Fh \
  -ASFR4=0200h-021Fh -ASFR5=0280h-029Fh -ASFR6=0300h-031Fh \
  -ASFR7=0380h-039Fh -ASFR8=0400h-041Fh -ASFR9=0480h-049Fh \
  -ASFR10=0500h-051Fh -ASFR11=0580h-059Fh -ASFR12=0600h-061Fh \
  -ASFR13=0680h-06EFh -ASFR14=0700h-076Fh -ASFR15=0780h-07EFh \
  -ASFR16=0800h-086Fh -ASFR17=0880h-08EFh -ASFR18=0900h-096Fh \
  -ASFR19=0980h-09EFh -ASFR20=0A00h-0A6Fh -ASFR21=0A80h-0AEFh \
  -ASFR22=0B00h-0B6Fh -ASFR23=0B80h-0BEFh -ASFR24=0C00h-0C6Fh \
  -ASFR25=0C80h-0CEFh -ASFR26=0D00h-0D6Fh -ASFR27=0D80h-0DEFh \
  -ASFR28=0E00h-0E6Fh -ASFR29=0E80h-0EEFh -ASFR30=0F00h-0F6Fh \
  -ASFR31=0F80h-0FEFh -ACONFIG=08007h-0800Ah -DCONFIG=2 \
  -AIDLOC=08000h-08003h -DIDLOC=2 -AEEDATA=00h-0FFh/0F000h \
  -peeprom_data=EEDATA -DEEDATA=2 -DCODE=2 -DSTRCODE=2 -DSTRING=2 -DCONST=2 \
  -DENTRY=2 -preset_vec=00h,intentry=04h,sivt,init,end_init -ppowerup=CODE \
  -pcinit=CODE -pfunctab=ENTRY -k \
  C:\Users\WEDNES~1\AppData\Local\Temp\xcAs6o0.\driver_tmp_20.o \
  dist/default/production\digitale_pingpong_zweeftoren.production.o 

Object code version is 3.11

Machine type is 16F18345



                Name                               Link     Load   Length Selector   Space Scale
C:\Users\WEDNES~1\AppData\Local\Temp\xcAs6o0.\driver_tmp_20.o
                end_init                             58       58        2        8       0
                reset_vec                             0        0        2        0       0
                config                             8007     8007        4        0       4
dist/default/production\digitale_pingpong_zweeftoren.production.o
                cinit                                5A       5A       34        8       0
                intentry                              4        4       54        8       0
                config                             8007     8007        4        0       4
                text94                             1B4E     1B4E        6     369C       0
                text93                             1BE7     1BE7        C     37CE       0
                text92                             1F20     1F20       2E     3E40       0
                text91                             1B3F     1B3F        1     367E       0
                text90                             1C3F     1C3F        F     387E       0
                text89                             1B40     1B40        1     3680       0
                text88                             1B42     1B42        4     3684       0
                text87                             1008     1008       52     2010       0
                text86                             1D9D     1D9D       1C     3B3A       0
                text85                             1B41     1B41        1     3682       0
                text84                             1C4E     1C4E        F     389C       0
                text83                             1D13     1D13       15     3A26       0
                text82                              DF4      DF4      20C     1BE8       0
                text81                             1E38     1E38       23     3C70       0
                text80                              2C9      2C9      23B        8       0
                text79                             12CB     12CB       6F     2596       0
                text78                             160C     160C       A4     2C18       0
                text77                             1B54     1B54        6     36A8       0
                text76                              8BF      8BF      108     117E       0
                text75                                2        2        1        0       0
                text74                             1C5D     1C5D        F     38BA       0
                text72                             1B66     1B66        9     36CC       0
                text71                             1D3D     1D3D       16     3A7A       0
                text70                             1B6F     1B6F        9     36DE       0
                text69                             1C6C     1C6C        F     38D8       0
                text68                             1C7B     1C7B        F     38F6       0
                text67                              7C9      7C9       37        8       0
                text66                             1B78     1B78        9     36F0       0
                text65                             1BF3     1BF3        C     37E6       0
                text64                             1FBC     1FBC       44     3F78       0
                text63                             1BC9     1BC9        A     3792       0
                text62                             1CA9     1CA9       11     3952       0
                text61                             1CBA     1CBA       11     3974       0
                text60                             1C8A     1C8A        F     3914       0
                text59                             1BFF     1BFF        C     37FE       0
                text58                             1DB9     1DB9       1F     3B72       0
                text57                             1B81     1B81        9     3702       0
                text56                             1B8A     1B8A        9     3714       0
                text55                              504      504      20C        8       0
                text54                             1E5B     1E5B       24     3CB6       0
                text53                               8E       8E      23B        8       0
                text52                             133A     133A       6F     2674       0
                text51                             16B0     16B0       A5     2D60       0
                text50                             115A     115A       5B     22B4       0
                text49                             1B93     1B93        9     3726       0
                text48                             1C17     1C17        D     382E       0
                text47                             1D69     1D69       19     3AD2       0
                text46                             1D82     1D82       1B     3B04       0
                text45                             1D28     1D28       15     3A50       0
                text44                              9C7      9C7      117     138E       0
                text43                             1B46     1B46        4     368C       0
                text42                                3        3        1        6       0
                text41                             1CFF     1CFF       14     39FE       0
                text40                             1C0B     1C0B        C     3816       0
                text39                             1C24     1C24        D     3848       0
                text38                             1DD8     1DD8       20     3BB0       0
                text37                             13A9     13A9       70     2752       0
                text36                             1B9C     1B9C        9     3738       0
                text35                             1C31     1C31        E     3862       0
                text34                             1BA5     1BA5        9     374A       0
                text33                             1CCB     1CCB       11     3996       0
                text32                             1CDC     1CDC       11     39B8       0
                text31                             1DF8     1DF8       20     3BF0       0
                text30                             11B5     11B5       5C     236A       0
                text29                             105A     105A       52     20B4       0
                text28                             1CED     1CED       12     39DA       0
                text27                             1BAE     1BAE        9     375C       0
                text26                             1EA3     1EA3       28     3D46       0
                text25                              800      800       11        8       0
                text24                             126D     126D       5E     24DA       0
                text23                             1E7F     1E7F       24     3CFE       0
                text22                             1D53     1D53       16     3AA6       0
                text21                             10AC     10AC       55     2158       0
                text20                              710      710       B9        8       0
                text19                             1211     1211       5C     2422       0
                text18                             1F81     1F81       3B     3F02       0
                text17                             1F4E     1F4E       33     3E9C       0
                text16                             1419     1419       79     2832       0
                text15                              ADE      ADE      172     15BC       0
                text14                             1ECB     1ECB       2A     3D96       0
                text13                             1C99     1C99       10     3932       0
                text12                             1586     1586       86     2B0C       0
                text11                             150B     150B       7B     2A16       0
                text10                             1492     1492       79     2924       0
                text9                              1BB7     1BB7        9     376E       0
                text8                              1E18     1E18       20     3C30       0
                text7                              1101     1101       59     2202       0
                text6                              1BD3     1BD3        A     37A6       0
                text5                              1BDD     1BDD        A     37BA       0
                text4                              1BC0     1BC0        9     3780       0
                text3                               C50      C50      1A4     18A0       0
                text2                              1755     1755       AB     2EAA       0
                text1                               811      811       AE     1022       0
                maintext                           1EF5     1EF5       2B     3DEA       0
                cstackBANK0                          20       20       35       20       1
                cstackCOMMON                         70       70        E       70       1
                cstackBANK1                          A0       A0       50       A0       1
                cstackBANK2                         150      150        E      120       1
                clrtext                            1B5A     1B5A        6     36B4       0
                inittext                           1B60     1B60        6     36C0       0
                bssBANK3                            1A0      1A0       34      1A0       1
                dataBANK2                           168      168        8      120       1
                bssBANK2                            120      120       30      120       1
                dataBANK0                            6C       6C        4       20       1
                bssBANK0                             55       55       17       20       1
                stringtext15                       18FB     18FB        7     3000       0
                stringtext14                       18F4     18F4        7     3000       0
                stringtext13                       18EC     18EC        8     3000       0
                stringtext12                       18D7     18D7        B     3000       0
                stringtext11                       18CA     18CA        D     3000       0
                stringtext10                       18BD     18BD        D     3000       0
                stringtext9                        18AE     18AE        F     3000       0
                stringtext8                        189F     189F        F     3000       0
                stringtext7                        188E     188E       11     3000       0
                stringtext6                        187D     187D       11     3000       0
                stringtext5                        1865     1865       18     3000       0
                stringtext4                        184C     184C       19     3000       0
                nvBANK3                             1D4      1D4        2      1A0       1
                nvBANK2                             15E      15E        A      120       1
                stringtext3                        18E2     18E2        A     3000       0
                stringtext2                        1830     1830       1C     3000       0
                stringtext1                        1800     1800       30     3000       0
                idataBANK2                         1000     1000        8     1BE8       0
                idataBANK0                         1B4A     1B4A        4     3694       0

TOTAL           Name                               Link     Load   Length     Space
        CLASS   CODE           
                end_init                             58       58        2         0
                cinit                                5A       5A       34         0
                intentry                              4        4       54         0
                reset_vec                             0        0        2         0
                text94                             1B4E     1B4E        6         0
                text93                             1BE7     1BE7        C         0
                text92                             1F20     1F20       2E         0
                text91                             1B3F     1B3F        1         0
                text90                             1C3F     1C3F        F         0
                text89                             1B40     1B40        1         0
                text88                             1B42     1B42        4         0
                text87                             1008     1008       52         0
                text86                             1D9D     1D9D       1C         0
                text85                             1B41     1B41        1         0
                text84                             1C4E     1C4E        F         0
                text83                             1D13     1D13       15         0
                text82                              DF4      DF4      20C         0
                text81                             1E38     1E38       23         0
                text80                              2C9      2C9      23B         0
                text79                             12CB     12CB       6F         0
                text78                             160C     160C       A4         0
                text77                             1B54     1B54        6         0
                text76                              8BF      8BF      108         0
                text75                                2        2        1         0
                text74                             1C5D     1C5D        F         0
                text72                             1B66     1B66        9         0
                text71                             1D3D     1D3D       16         0
                text70                             1B6F     1B6F        9         0
                text69                             1C6C     1C6C        F         0
                text68                             1C7B     1C7B        F         0
                text67                              7C9      7C9       37         0
                text66                             1B78     1B78        9         0
                text65                             1BF3     1BF3        C         0
                text64                             1FBC     1FBC       44         0
                text63                             1BC9     1BC9        A         0
                text62                             1CA9     1CA9       11         0
                text61                             1CBA     1CBA       11         0
                text60                             1C8A     1C8A        F         0
                text59                             1BFF     1BFF        C         0
                text58                             1DB9     1DB9       1F         0
                text57                             1B81     1B81        9         0
                text56                             1B8A     1B8A        9         0
                text55                              504      504      20C         0
                text54                             1E5B     1E5B       24         0
                text53                               8E       8E      23B         0
                text52                             133A     133A       6F         0
                text51                             16B0     16B0       A5         0
                text50                             115A     115A       5B         0
                text49                             1B93     1B93        9         0
                text48                             1C17     1C17        D         0
                text47                             1D69     1D69       19         0
                text46                             1D82     1D82       1B         0
                text45                             1D28     1D28       15         0
                text44                              9C7      9C7      117         0
                text43                             1B46     1B46        4         0
                text42                                3        3        1         0
                text41                             1CFF     1CFF       14         0
                text40                             1C0B     1C0B        C         0
                text39                             1C24     1C24        D         0
                text38                             1DD8     1DD8       20         0
                text37                             13A9     13A9       70         0
                text36                             1B9C     1B9C        9         0
                text35                             1C31     1C31        E         0
                text34                             1BA5     1BA5        9         0
                text33                             1CCB     1CCB       11         0
                text32                             1CDC     1CDC       11         0
                text31                             1DF8     1DF8       20         0
                text30                             11B5     11B5       5C         0
                text29                             105A     105A       52         0
                text28                             1CED     1CED       12         0
                text27                             1BAE     1BAE        9         0
                text26                             1EA3     1EA3       28         0
                text25                              800      800       11         0
                text24                             126D     126D       5E         0
                text23                             1E7F     1E7F       24         0
                text22                             1D53     1D53       16         0
                text21                             10AC     10AC       55         0
                text20                              710      710       B9         0
                text19                             1211     1211       5C         0
                text18                             1F81     1F81       3B         0
                text17                             1F4E     1F4E       33         0
                text16                             1419     1419       79         0
                text15                              ADE      ADE      172         0
                text14                             1ECB     1ECB       2A         0
                text13                             1C99     1C99       10         0
                text12                             1586     1586       86         0
                text11                             150B     150B       7B         0
                text10                             1492     1492       79         0
                text9                              1BB7     1BB7        9         0
                text8                              1E18     1E18       20         0
                text7                              1101     1101       59         0
                text6                              1BD3     1BD3        A         0
                text5                              1BDD     1BDD        A         0
                text4                              1BC0     1BC0        9         0
                text3                               C50      C50      1A4         0
                text2                              1755     1755       AB         0
                text1                               811      811       AE         0
                maintext                           1EF5     1EF5       2B         0
                clrtext                            1B5A     1B5A        6         0
                inittext                           1B60     1B60        6         0
                idataBANK2                         1000     1000        8         0
                idataBANK0                         1B4A     1B4A        4         0

        CLASS   STRCODE        
                stringtext15                       18FB     18FB        7         0
                stringtext14                       18F4     18F4        7         0
                stringtext13                       18EC     18EC        8         0
                stringtext12                       18D7     18D7        B         0
                stringtext11                       18CA     18CA        D         0
                stringtext10                       18BD     18BD        D         0
                stringtext9                        18AE     18AE        F         0
                stringtext8                        189F     189F        F         0
                stringtext7                        188E     188E       11         0
                stringtext6                        187D     187D       11         0
                stringtext5                        1865     1865       18         0
                stringtext4                        184C     184C       19         0
                stringtext3                        18E2     18E2        A         0
                stringtext2                        1830     1830       1C         0
                stringtext1                        1800     1800       30         0

        CLASS   STRING         

        CLASS   CONST          

        CLASS   ENTRY          

        CLASS   COMMON         
                cstackCOMMON                         70       70        E         1

        CLASS   BANK0          
                cstackBANK0                          20       20       35         1
                dataBANK0                            6C       6C        4         1
                bssBANK0                             55       55       17         1

        CLASS   BANK1          
                cstackBANK1                          A0       A0       50         1

        CLASS   BANK2          
                cstackBANK2                         150      150        E         1
                dataBANK2                           168      168        8         1
                bssBANK2                            120      120       30         1
                nvBANK2                             15E      15E        A         1

        CLASS   BANK3          
                bssBANK3                            1A0      1A0       34         1
                nvBANK3                             1D4      1D4        2         1

        CLASS   BANK4          

        CLASS   BANK5          

        CLASS   BANK6          

        CLASS   BANK7          

        CLASS   BANK8          

        CLASS   BANK9          

        CLASS   BANK10         

        CLASS   BANK11         

        CLASS   BANK12         

        CLASS   BIGRAM         

        CLASS   RAM            

        CLASS   ABS1           
                abs_s1                               7E       7E        2         1

        CLASS   SFR0           

        CLASS   SFR1           

        CLASS   SFR2           

        CLASS   SFR3           

        CLASS   SFR4           

        CLASS   SFR5           

        CLASS   SFR6           

        CLASS   SFR7           

        CLASS   SFR8           

        CLASS   SFR9           

        CLASS   SFR10          

        CLASS   SFR11          

        CLASS   SFR12          

        CLASS   SFR13          

        CLASS   SFR14          

        CLASS   SFR15          

        CLASS   SFR16          

        CLASS   SFR17          

        CLASS   SFR18          

        CLASS   SFR19          

        CLASS   SFR20          

        CLASS   SFR21          

        CLASS   SFR22          

        CLASS   SFR23          

        CLASS   SFR24          

        CLASS   SFR25          

        CLASS   SFR26          

        CLASS   SFR27          

        CLASS   SFR28          

        CLASS   SFR29          

        CLASS   SFR30          

        CLASS   SFR31          

        CLASS   CONFIG         
                config                             8007     8007        4         4

        CLASS   IDLOC          

        CLASS   EEDATA         

        CLASS   BANK31         

        CLASS   BANK30         

        CLASS   BANK29         

        CLASS   BANK28         

        CLASS   BANK27         

        CLASS   BANK26         

        CLASS   BANK25         

        CLASS   BANK24         

        CLASS   BANK23         

        CLASS   BANK22         

        CLASS   BANK21         

        CLASS   BANK20         

        CLASS   BANK19         

        CLASS   BANK18         

        CLASS   BANK17         

        CLASS   BANK16         

        CLASS   BANK15         

        CLASS   BANK14         

        CLASS   BANK13         

        CLASS   HEAP           

        CLASS   STACK          



SEGMENTS        Name                           Load    Length   Top    Selector   Space  Class     Delta

                reset_vec                      000000  000003  000003         0       0  CODE        2
                text42                         000003  000001  000004         6       0  CODE        2
                intentry                       000004  00080D  000811         8       0  CODE        2
                cstackBANK0                    000020  000050  000070        20       1  BANK0       1
                cstackCOMMON                   000070  00000E  00007E        70       1  COMMON      1
                cstackBANK1                    0000A0  000050  0000F0        A0       1  BANK1       1
                bssBANK2                       000120  000050  000170       120       1  BANK2       1
                bssBANK3                       0001A0  000036  0001D6       1A0       1  BANK3       1
                text1                          000811  0000AE  0008BF      1022       0  CODE        2
                text76                         0008BF  000108  0009C7      117E       0  CODE        2
                text44                         0009C7  000117  000ADE      138E       0  CODE        2
                text15                         000ADE  000172  000C50      15BC       0  CODE        2
                text3                          000C50  0001A4  000DF4      18A0       0  CODE        2
                text82                         000DF4  000214  001008      1BE8       0  CODE        2
                text87                         001008  000052  00105A      2010       0  CODE        2
                text29                         00105A  000052  0010AC      20B4       0  CODE        2
                text21                         0010AC  000055  001101      2158       0  CODE        2
                text7                          001101  000059  00115A      2202       0  CODE        2
                text50                         00115A  00005B  0011B5      22B4       0  CODE        2
                text30                         0011B5  00005C  001211      236A       0  CODE        2
                text19                         001211  00005C  00126D      2422       0  CODE        2
                text24                         00126D  00005E  0012CB      24DA       0  CODE        2
                text79                         0012CB  00006F  00133A      2596       0  CODE        2
                text52                         00133A  00006F  0013A9      2674       0  CODE        2
                text37                         0013A9  000070  001419      2752       0  CODE        2
                text16                         001419  000079  001492      2832       0  CODE        2
                text10                         001492  000079  00150B      2924       0  CODE        2
                text11                         00150B  00007B  001586      2A16       0  CODE        2
                text12                         001586  000086  00160C      2B0C       0  CODE        2
                text78                         00160C  0000A4  0016B0      2C18       0  CODE        2
                text51                         0016B0  0000A5  001755      2D60       0  CODE        2
                text2                          001755  0000AB  001800      2EAA       0  CODE        2
                stringtext1                    001800  000102  001902      3000       0  STRCODE     2
                text91                         001B3F  000001  001B40      367E       0  CODE        2
                text89                         001B40  000001  001B41      3680       0  CODE        2
                text85                         001B41  000001  001B42      3682       0  CODE        2
                text88                         001B42  000004  001B46      3684       0  CODE        2
                text43                         001B46  000004  001B4A      368C       0  CODE        2
                idataBANK0                     001B4A  000004  001B4E      3694       0  CODE        2
                text94                         001B4E  000006  001B54      369C       0  CODE        2
                text77                         001B54  000006  001B5A      36A8       0  CODE        2
                clrtext                        001B5A  000006  001B60      36B4       0  CODE        2
                inittext                       001B60  000006  001B66      36C0       0  CODE        2
                text72                         001B66  000009  001B6F      36CC       0  CODE        2
                text70                         001B6F  000009  001B78      36DE       0  CODE        2
                text66                         001B78  000009  001B81      36F0       0  CODE        2
                text57                         001B81  000009  001B8A      3702       0  CODE        2
                text56                         001B8A  000009  001B93      3714       0  CODE        2
                text49                         001B93  000009  001B9C      3726       0  CODE        2
                text36                         001B9C  000009  001BA5      3738       0  CODE        2
                text34                         001BA5  000009  001BAE      374A       0  CODE        2
                text27                         001BAE  000009  001BB7      375C       0  CODE        2
                text9                          001BB7  000009  001BC0      376E       0  CODE        2
                text4                          001BC0  000009  001BC9      3780       0  CODE        2
                text63                         001BC9  00000A  001BD3      3792       0  CODE        2
                text6                          001BD3  00000A  001BDD      37A6       0  CODE        2
                text5                          001BDD  00000A  001BE7      37BA       0  CODE        2
                text93                         001BE7  00000C  001BF3      37CE       0  CODE        2
                text65                         001BF3  00000C  001BFF      37E6       0  CODE        2
                text59                         001BFF  00000C  001C0B      37FE       0  CODE        2
                text40                         001C0B  00000C  001C17      3816       0  CODE        2
                text48                         001C17  00000D  001C24      382E       0  CODE        2
                text39                         001C24  00000D  001C31      3848       0  CODE        2
                text35                         001C31  00000E  001C3F      3862       0  CODE        2
                text90                         001C3F  00000F  001C4E      387E       0  CODE        2
                text84                         001C4E  00000F  001C5D      389C       0  CODE        2
                text74                         001C5D  00000F  001C6C      38BA       0  CODE        2
                text69                         001C6C  00000F  001C7B      38D8       0  CODE        2
                text68                         001C7B  00000F  001C8A      38F6       0  CODE        2
                text60                         001C8A  00000F  001C99      3914       0  CODE        2
                text13                         001C99  000010  001CA9      3932       0  CODE        2
                text62                         001CA9  000011  001CBA      3952       0  CODE        2
                text61                         001CBA  000011  001CCB      3974       0  CODE        2
                text33                         001CCB  000011  001CDC      3996       0  CODE        2
                text32                         001CDC  000011  001CED      39B8       0  CODE        2
                text28                         001CED  000012  001CFF      39DA       0  CODE        2
                text41                         001CFF  000014  001D13      39FE       0  CODE        2
                text83                         001D13  000015  001D28      3A26       0  CODE        2
                text45                         001D28  000015  001D3D      3A50       0  CODE        2
                text71                         001D3D  000016  001D53      3A7A       0  CODE        2
                text22                         001D53  000016  001D69      3AA6       0  CODE        2
                text47                         001D69  000019  001D82      3AD2       0  CODE        2
                text46                         001D82  00001B  001D9D      3B04       0  CODE        2
                text86                         001D9D  00001C  001DB9      3B3A       0  CODE        2
                text58                         001DB9  00001F  001DD8      3B72       0  CODE        2
                text38                         001DD8  000020  001DF8      3BB0       0  CODE        2
                text31                         001DF8  000020  001E18      3BF0       0  CODE        2
                text8                          001E18  000020  001E38      3C30       0  CODE        2
                text81                         001E38  000023  001E5B      3C70       0  CODE        2
                text54                         001E5B  000024  001E7F      3CB6       0  CODE        2
                text23                         001E7F  000024  001EA3      3CFE       0  CODE        2
                text26                         001EA3  000028  001ECB      3D46       0  CODE        2
                text14                         001ECB  00002A  001EF5      3D96       0  CODE        2
                maintext                       001EF5  00002B  001F20      3DEA       0  CODE        2
                text92                         001F20  00002E  001F4E      3E40       0  CODE        2
                text17                         001F4E  000033  001F81      3E9C       0  CODE        2
                text18                         001F81  00003B  001FBC      3F02       0  CODE        2
                text64                         001FBC  000044  002000      3F78       0  CODE        2


UNUSED ADDRESS RANGES

        Name                Unused          Largest block    Delta
        BANK10           00520-0056F              50           1
        BANK11           005A0-005EF              50           1
        BANK12           00620-0064F              30           1
        BANK3            001D6-001EF              1A           1
        BANK4            00220-0026F              50           1
        BANK5            002A0-002EF              50           1
        BANK6            00320-0036F              50           1
        BANK7            003A0-003EF              50           1
        BANK8            00420-0046F              50           1
        BANK9            004A0-004EF              50           1
        BIGRAM           02000-023EF             3F0           1
        CODE             01902-01B3E             23D           2
        CONST            01902-01B3E             100           2
        EEDATA           0F000-0F0FF             100           2
        ENTRY            01902-01B3E             100           2
        IDLOC            08000-08003               4           2
        RAM              001D6-001EF              1A           1
                         00220-0026F              50
                         002A0-002EF              50
                         00320-0036F              50
                         003A0-003EF              50
                         00420-0046F              50
                         004A0-004EF              50
                         00520-0056F              50
                         005A0-005EF              50
                         00620-0064F              30
        SFR0             00000-0001F              20           1
        SFR1             00080-0009F              20           1
        SFR10            00500-0051F              20           1
        SFR11            00580-0059F              20           1
        SFR12            00600-0061F              20           1
        SFR13            00680-006EF              70           1
        SFR14            00700-0076F              70           1
        SFR15            00780-007EF              70           1
        SFR16            00800-0086F              70           1
        SFR17            00880-008EF              70           1
        SFR18            00900-0096F              70           1
        SFR19            00980-009EF              70           1
        SFR2             00100-0011F              20           1
        SFR20            00A00-00A6F              70           1
        SFR21            00A80-00AEF              70           1
        SFR22            00B00-00B6F              70           1
        SFR23            00B80-00BEF              70           1
        SFR24            00C00-00C6F              70           1
        SFR25            00C80-00CEF              70           1
        SFR26            00D00-00D6F              70           1
        SFR27            00D80-00DEF              70           1
        SFR28            00E00-00E6F              70           1
        SFR29            00E80-00EEF              70           1
        SFR3             00180-0019F              20           1
        SFR30            00F00-00F6F              70           1
        SFR31            00F80-00FEF              70           1
        SFR4             00200-0021F              20           1
        SFR5             00280-0029F              20           1
        SFR6             00300-0031F              20           1
        SFR7             00380-0039F              20           1
        SFR8             00400-0041F              20           1
        SFR9             00480-0049F              20           1
        STRCODE          01902-01B3E             23D           2
        STRING           01902-01B3E             100           2

                                  Symbol Table

?_ADC_GetConversionResult                           cstackCOMMON 00070
?__Umul8_16                                         cstackBANK1  000A0
?___awdiv                                           cstackBANK1  000A0
?___awmod                                           cstackBANK1  000A0
?___fladd                                           cstackBANK1  000AE
?___fldiv                                           cstackBANK1  000A0
?___flmul                                           cstackBANK1  000CA
?___flsub                                           cstackBANK1  000C2
?___fltol                                           cstackBANK1  000E4
?___lwdiv                                           cstackBANK1  000A0
?___lwmod                                           cstackBANK1  000A0
?___wmul                                            cstackBANK1  000A0
?___xxtofl                                          cstackBANK1  000A0
?_abs                                               cstackBANK1  000A6
?_atoi                                              cstackBANK1  000A6
?_dtoa                                              cstackBANK1  000BC
?_getDutycycle                                      cstackBANK1  000A0
?_getHoogtesensor                                   cstackBANK1  000A0
?_getKi                                             cstackBANK1  000A0
?_getKp                                             cstackBANK1  000A0
?_getLedNumber                                      cstackBANK1  000EE
?_getSetpoint                                       cstackBANK1  000A0
?_pad                                               cstackBANK1  000B4
?_printf                                            cstackBANK1  000E1
?_read_prec_or_width                                cstackBANK1  000A6
?_str2float                                         cstackBANK1  000E4
?_strlen                                            cstackBANK1  000A0
?_utoa                                              cstackBANK1  000BC
?_vfpfcnvrt                                         cstackBANK1  000C9
?_vfprintf                                          cstackBANK1  000D9
?i1__Umul8_16                                       cstackCOMMON 00070
?i1___fladd                                         cstackBANK0  0003A
?i1___flmul                                         cstackBANK0  00020
?i1___fltol                                         cstackBANK0  0003A
?i1___xxtofl                                        cstackCOMMON 00070
?i1_getHoogtesensor                                 cstackCOMMON 00070
ADC_SelectChannel@channel                           cstackBANK1  000A1
ADC_SetInterruptHandler@InterruptHandler            cstackBANK1  000A0
EUSART_FramingErrorCallbackRegister@callbackHandler cstackBANK1  000A0
EUSART_OverrunErrorCallbackRegister@callbackHandler cstackBANK1  000A0
EUSART_Read@readValue                               cstackBANK1  000A1
EUSART_Read@tempRxTail                              cstackBANK1  000A0
EUSART_ReceiveISR@regValue                          cstackCOMMON 00070
EUSART_ReceiveISR@tempRxHead                        cstackCOMMON 00071
EUSART_TransmitISR@tempTxTail                       cstackCOMMON 00070
EUSART_Write@tempTxHead                             cstackBANK1  000A1
EUSART_Write@txData                                 cstackBANK1  000A0
INT_SetInterruptHandler@InterruptHandler            cstackBANK1  000A0
SPI1_ByteExchange@byteData                          cstackBANK1  000A0
SPI1_Open@spiConfigIndex                            cstackBANK1  000A6
TMR4_PeriodMatchCallbackRegister@CallbackHandler    cstackBANK1  000A0
TMR6_PeriodMatchCallbackRegister@CallbackHandler    cstackBANK1  000A0
_ADACT                                              (abs)        0009F
_ADCON0                                             (abs)        0009D
_ADCON0bits                                         (abs)        0009D
_ADCON1                                             (abs)        0009E
_ADC_DefaultInterruptHandler                        text91       01B3F
_ADC_GetConversionResult                            text94       01B4E
_ADC_ISR                                            text90       01C3F
_ADC_Initialize                                     text71       01D3D
_ADC_InterruptHandler                               nvBANK2      00166
_ADC_SelectChannel                                  text40       01C0B
_ADC_SetInterruptHandler                            text72       01B66
_ADC_hoogtesensor                                   bssBANK0     00059
_ADC_potentiometer                                  bssBANK2     0014A
_ADRESH                                             (abs)        0009C
_ADRESL                                             (abs)        0009B
_ANSELA                                             (abs)        0018C
_ANSELB                                             (abs)        0018D
_ANSELC                                             (abs)        0018E
_BAUD1CON                                           (abs)        0019F
_BAUD1CONbits                                       (abs)        0019F
_CLOCK_Initialize                                   text70       01B6F
_EUSART_AutoBaudQuery                               (abs)        00000
_EUSART_AutoBaudSet                                 (abs)        00000
_EUSART_DefaultFramingErrorCallback                 text89       01B40
_EUSART_DefaultOverrunErrorCallback                 text88       01B42
_EUSART_Deinitialize                                (abs)        00000
_EUSART_ErrorGet                                    (abs)        00000
_EUSART_FramingErrorCallbackRegister                text69       01C6C
_EUSART_FramingErrorHandler                         bssBANK0     0005D
_EUSART_Initialize                                  text67       007C9
_EUSART_IsRxReady                                   text9        01BB7
_EUSART_IsTxDone                                    (abs)        00000
_EUSART_IsTxReady                                   text27       01BAE
_EUSART_OverrunErrorCallbackRegister                text68       01C7B
_EUSART_OverrunErrorHandler                         bssBANK0     0005B
_EUSART_Read                                        text8        01E18
_EUSART_ReceiveISR                                  text87       01008
_EUSART_RxCompleteCallbackRegister                  (abs)        00000
_EUSART_RxCompleteInterruptHandler                  bssBANK2     0014C
_EUSART_RxInterruptHandler                          nvBANK3      001D4
_EUSART_TransmitDisable                             (abs)        00000
_EUSART_TransmitEnable                              (abs)        00000
_EUSART_TransmitISR                                 text86       01D9D
_EUSART_TxCompleteCallbackRegister                  (abs)        00000
_EUSART_TxCompleteInterruptHandler                  bssBANK0     0005F
_EUSART_TxInterruptHandler                          nvBANK2      00164
_EUSART_Write                                       text26       01EA3
_INLVLA                                             (abs)        0038C
_INLVLB                                             (abs)        0038D
_INLVLC                                             (abs)        0038E
_INTCONbits                                         (abs)        0000B
_INTERRUPT_Initialize                               text65       01BF3
_INTERRUPT_InterruptManager                         intentry     00004
_INT_DefaultInterruptHandler                        (abs)        00000
_INT_InterruptHandler                               bssBANK0     00061
_INT_SetInterruptHandler                            text66       01B78
_IOCAF                                              (abs)        00393
_IOCAN                                              (abs)        00392
_IOCAP                                              (abs)        00391
_IOCBF                                              (abs)        00396
_IOCBN                                              (abs)        00395
_IOCBP                                              (abs)        00394
_IOCCF                                              (abs)        00399
_IOCCN                                              (abs)        00398
_IOCCP                                              (abs)        00397
_LATA                                               (abs)        0010C
_LATB                                               (abs)        0010D
_LATC                                               (abs)        0010E
_ODCONA                                             (abs)        0028C
_ODCONB                                             (abs)        0028D
_ODCONC                                             (abs)        0028E
_OSCCON1                                            (abs)        00919
_OSCCON3                                            (abs)        0091B
_OSCEN                                              (abs)        0091D
_OSCFRQ                                             (abs)        0091F
_OSCSTAT1                                           (abs)        0091C
_OSCTUNE                                            (abs)        0091E
_PIE1bits                                           (abs)        00091
_PIE2bits                                           (abs)        00092
_PIN_MANAGER_Initialize                             text64       01FBC
_PIR0bits                                           (abs)        00010
_PIR1bits                                           (abs)        00011
_PIR2bits                                           (abs)        00012
_PR2                                                (abs)        0001E
_PR4                                                (abs)        00416
_PR6                                                (abs)        0041D
_PWM5CON                                            (abs)        00619
_PWM5DCH                                            (abs)        00618
_PWM5DCL                                            (abs)        00617
_PWMTMRSbits                                        (abs)        0061F
_RB4PPS                                             (abs)        00E9C
_RB5PPS                                             (abs)        00E9D
_RB6PPS                                             (abs)        00E9E
_RC1REG                                             (abs)        00199
_RC1STA                                             (abs)        0019D
_RC1STAbits                                         (abs)        0019D
_RC5PPS                                             (abs)        00EA5
_RXPPS                                              (abs)        00E24
_SLRCONA                                            (abs)        0030C
_SLRCONB                                            (abs)        0030D
_SLRCONC                                            (abs)        0030E
_SP1BRGH                                            (abs)        0019C
_SP1BRGL                                            (abs)        0019B
_SPI1_BufferExchange                                (abs)        00000
_SPI1_BufferRead                                    (abs)        00000
_SPI1_BufferWrite                                   (abs)        00000
_SPI1_ByteExchange                                  text48       01C17
_SPI1_ByteRead                                      (abs)        00000
_SPI1_ByteWrite                                     (abs)        00000
_SPI1_Close                                         (abs)        00000
_SPI1_Deinitialize                                  (abs)        00000
_SPI1_Initialize                                    text63       01BC9
_SPI1_IsRxReady                                     (abs)        00000
_SPI1_IsTxReady                                     (abs)        00000
_SPI1_Open                                          text37       013A9
_SSP1ADD                                            (abs)        00212
_SSP1BUF                                            (abs)        00211
_SSP1CLKPPS                                         (abs)        00E20
_SSP1CON1                                           (abs)        00215
_SSP1CON1bits                                       (abs)        00215
_SSP1CON3                                           (abs)        00217
_SSP1DATPPS                                         (abs)        00E21
_SSP1STAT                                           (abs)        00214
_SYSTEM_Initialize                                  text58       01DB9
_T2CON                                              (abs)        0001F
_T2CONbits                                          (abs)        0001F
_T4CON                                              (abs)        00417
_T4CONbits                                          (abs)        00417
_T6CON                                              (abs)        0041E
_T6CONbits                                          (abs)        0041E
_TMR2                                               (abs)        0001D
_TMR2_DefaultPeriodMatchCallback                    text85       01B41
_TMR2_ISR                                           text84       01C4E
_TMR2_Initialize                                    text62       01CA9
_TMR2_PeriodMatchCallback                           nvBANK2      00162
_TMR4                                               (abs)        00415
_TMR4_DefaultPeriodMatchCallback                    text75       00002
_TMR4_ISR                                           text74       01C5D
_TMR4_Initialize                                    text61       01CBA
_TMR4_PeriodMatchCallback                           nvBANK2      00160
_TMR4_PeriodMatchCallbackRegister                   text57       01B81
_TMR6                                               (abs)        0041C
_TMR6_DefaultPeriodMatchCallback                    text42       00003
_TMR6_Initialize                                    text60       01C8A
_TMR6_PeriodMatchCallback                           nvBANK2      0015E
_TMR6_PeriodMatchCallbackRegister                   text36       01B9C
_TMR6_Tasks                                         text41       01CFF
_TRISA                                              (abs)        0008C
_TRISB                                              (abs)        0008D
_TRISC                                              (abs)        0008E
_TX1REG                                             (abs)        0019A
_TX1STA                                             (abs)        0019E
_TX1STAbits                                         (abs)        0019E
_WPUA                                               (abs)        0020C
_WPUB                                               (abs)        0020D
_WPUC                                               (abs)        0020E
__H__absolute__                                     __absolute__ 00000
__Habs1                                             abs1         00000
__Hbank0                                            bank0        00000
__Hbank1                                            bank1        00000
__Hbank10                                           bank10       00000
__Hbank11                                           bank11       00000
__Hbank12                                           bank12       00000
__Hbank13                                           bank13       00000
__Hbank14                                           bank14       00000
__Hbank15                                           bank15       00000
__Hbank16                                           bank16       00000
__Hbank17                                           bank17       00000
__Hbank18                                           bank18       00000
__Hbank19                                           bank19       00000
__Hbank2                                            bank2        00000
__Hbank20                                           bank20       00000
__Hbank21                                           bank21       00000
__Hbank22                                           bank22       00000
__Hbank23                                           bank23       00000
__Hbank24                                           bank24       00000
__Hbank25                                           bank25       00000
__Hbank26                                           bank26       00000
__Hbank27                                           bank27       00000
__Hbank28                                           bank28       00000
__Hbank29                                           bank29       00000
__Hbank3                                            bank3        00000
__Hbank30                                           bank30       00000
__Hbank31                                           bank31       00000
__Hbank4                                            bank4        00000
__Hbank5                                            bank5        00000
__Hbank6                                            bank6        00000
__Hbank7                                            bank7        00000
__Hbank8                                            bank8        00000
__Hbank9                                            bank9        00000
__Hbigram                                           bigram       00000
__HbssBANK0                                         bssBANK0     00000
__HbssBANK2                                         bssBANK2     00000
__HbssBANK3                                         bssBANK3     00000
__Hcinit                                            cinit        0008E
__Hclrtext                                          clrtext      00000
__Hcode                                             code         00000
__Hcommon                                           common       00000
__Hconfig                                           config       0800B
__HcstackBANK0                                      cstackBANK0  00000
__HcstackBANK1                                      cstackBANK1  00000
__HcstackBANK2                                      cstackBANK2  00000
__HcstackCOMMON                                     cstackCOMMON 00000
__HdataBANK0                                        dataBANK0    00000
__HdataBANK2                                        dataBANK2    00000
__Heeprom_data                                      eeprom_data  00000
__Hend_init                                         end_init     0005A
__Hfunctab                                          functab      00000
__Hheap                                             heap         00000
__HidataBANK0                                       idataBANK0   00000
__HidataBANK2                                       idataBANK2   00000
__Hinit                                             init         00058
__Hinittext                                         inittext     00000
__Hintentry                                         intentry     00058
__Hmaintext                                         maintext     00000
__HnvBANK2                                          nvBANK2      00000
__HnvBANK3                                          nvBANK3      00000
__Hpowerup                                          powerup      00000
__Hram                                              ram          00000
__Hreset_vec                                        reset_vec    00002
__Hsfr0                                             sfr0         00000
__Hsfr1                                             sfr1         00000
__Hsfr10                                            sfr10        00000
__Hsfr11                                            sfr11        00000
__Hsfr12                                            sfr12        00000
__Hsfr13                                            sfr13        00000
__Hsfr14                                            sfr14        00000
__Hsfr15                                            sfr15        00000
__Hsfr16                                            sfr16        00000
__Hsfr17                                            sfr17        00000
__Hsfr18                                            sfr18        00000
__Hsfr19                                            sfr19        00000
__Hsfr2                                             sfr2         00000
__Hsfr20                                            sfr20        00000
__Hsfr21                                            sfr21        00000
__Hsfr22                                            sfr22        00000
__Hsfr23                                            sfr23        00000
__Hsfr24                                            sfr24        00000
__Hsfr25                                            sfr25        00000
__Hsfr26                                            sfr26        00000
__Hsfr27                                            sfr27        00000
__Hsfr28                                            sfr28        00000
__Hsfr29                                            sfr29        00000
__Hsfr3                                             sfr3         00000
__Hsfr30                                            sfr30        00000
__Hsfr31                                            sfr31        00000
__Hsfr4                                             sfr4         00000
__Hsfr5                                             sfr5         00000
__Hsfr6                                             sfr6         00000
__Hsfr7                                             sfr7         00000
__Hsfr8                                             sfr8         00000
__Hsfr9                                             sfr9         00000
__Hsivt                                             sivt         00058
__Hspace_0                                          (abs)        02000
__Hspace_1                                          (abs)        001D6
__Hspace_2                                          (abs)        00000
__Hspace_3                                          (abs)        00000
__Hspace_4                                          (abs)        10012
__Hstack                                            stack        00000
__Hstrings                                          strings      00000
__Hstringtext1                                      stringtext1  00000
__Hstringtext10                                     stringtext10 00000
__Hstringtext11                                     stringtext11 00000
__Hstringtext12                                     stringtext12 00000
__Hstringtext13                                     stringtext13 00000
__Hstringtext14                                     stringtext14 00000
__Hstringtext15                                     stringtext15 00000
__Hstringtext16                                     stringtext16 00000
__Hstringtext2                                      stringtext2  00000
__Hstringtext3                                      stringtext3  00000
__Hstringtext4                                      stringtext4  00000
__Hstringtext5                                      stringtext5  00000
__Hstringtext6                                      stringtext6  00000
__Hstringtext7                                      stringtext7  00000
__Hstringtext8                                      stringtext8  00000
__Hstringtext9                                      stringtext9  00000
__Htext                                             text         00000
__L__absolute__                                     __absolute__ 00000
__Labs1                                             abs1         00000
__Lbank0                                            bank0        00000
__Lbank1                                            bank1        00000
__Lbank10                                           bank10       00000
__Lbank11                                           bank11       00000
__Lbank12                                           bank12       00000
__Lbank13                                           bank13       00000
__Lbank14                                           bank14       00000
__Lbank15                                           bank15       00000
__Lbank16                                           bank16       00000
__Lbank17                                           bank17       00000
__Lbank18                                           bank18       00000
__Lbank19                                           bank19       00000
__Lbank2                                            bank2        00000
__Lbank20                                           bank20       00000
__Lbank21                                           bank21       00000
__Lbank22                                           bank22       00000
__Lbank23                                           bank23       00000
__Lbank24                                           bank24       00000
__Lbank25                                           bank25       00000
__Lbank26                                           bank26       00000
__Lbank27                                           bank27       00000
__Lbank28                                           bank28       00000
__Lbank29                                           bank29       00000
__Lbank3                                            bank3        00000
__Lbank30                                           bank30       00000
__Lbank31                                           bank31       00000
__Lbank4                                            bank4        00000
__Lbank5                                            bank5        00000
__Lbank6                                            bank6        00000
__Lbank7                                            bank7        00000
__Lbank8                                            bank8        00000
__Lbank9                                            bank9        00000
__Lbigram                                           bigram       00000
__LbssBANK0                                         bssBANK0     00000
__LbssBANK2                                         bssBANK2     00000
__LbssBANK3                                         bssBANK3     00000
__Lcinit                                            cinit        0005A
__Lclrtext                                          clrtext      00000
__Lcode                                             code         00000
__Lcommon                                           common       00000
__Lconfig                                           config       00000
__LcstackBANK0                                      cstackBANK0  00000
__LcstackBANK1                                      cstackBANK1  00000
__LcstackBANK2                                      cstackBANK2  00000
__LcstackCOMMON                                     cstackCOMMON 00000
__LdataBANK0                                        dataBANK0    00000
__LdataBANK2                                        dataBANK2    00000
__Leeprom_data                                      eeprom_data  00000
__Lend_init                                         end_init     00058
__Lfunctab                                          functab      00000
__Lheap                                             heap         00000
__LidataBANK0                                       idataBANK0   00000
__LidataBANK2                                       idataBANK2   00000
__Linit                                             init         00058
__Linittext                                         inittext     00000
__Lintentry                                         intentry     00004
__Lmaintext                                         maintext     00000
__LnvBANK2                                          nvBANK2      00000
__LnvBANK3                                          nvBANK3      00000
__Lpowerup                                          powerup      00000
__Lram                                              ram          00000
__Lreset_vec                                        reset_vec    00000
__Lsfr0                                             sfr0         00000
__Lsfr1                                             sfr1         00000
__Lsfr10                                            sfr10        00000
__Lsfr11                                            sfr11        00000
__Lsfr12                                            sfr12        00000
__Lsfr13                                            sfr13        00000
__Lsfr14                                            sfr14        00000
__Lsfr15                                            sfr15        00000
__Lsfr16                                            sfr16        00000
__Lsfr17                                            sfr17        00000
__Lsfr18                                            sfr18        00000
__Lsfr19                                            sfr19        00000
__Lsfr2                                             sfr2         00000
__Lsfr20                                            sfr20        00000
__Lsfr21                                            sfr21        00000
__Lsfr22                                            sfr22        00000
__Lsfr23                                            sfr23        00000
__Lsfr24                                            sfr24        00000
__Lsfr25                                            sfr25        00000
__Lsfr26                                            sfr26        00000
__Lsfr27                                            sfr27        00000
__Lsfr28                                            sfr28        00000
__Lsfr29                                            sfr29        00000
__Lsfr3                                             sfr3         00000
__Lsfr30                                            sfr30        00000
__Lsfr31                                            sfr31        00000
__Lsfr4                                             sfr4         00000
__Lsfr5                                             sfr5         00000
__Lsfr6                                             sfr6         00000
__Lsfr7                                             sfr7         00000
__Lsfr8                                             sfr8         00000
__Lsfr9                                             sfr9         00000
__Lsivt                                             sivt         00058
__Lspace_0                                          (abs)        00000
__Lspace_1                                          (abs)        00000
__Lspace_2                                          (abs)        00000
__Lspace_3                                          (abs)        00000
__Lspace_4                                          (abs)        00000
__Lstack                                            stack        00000
__Lstrings                                          strings      00000
__Lstringtext1                                      stringtext1  00000
__Lstringtext10                                     stringtext10 00000
__Lstringtext11                                     stringtext11 00000
__Lstringtext12                                     stringtext12 00000
__Lstringtext13                                     stringtext13 00000
__Lstringtext14                                     stringtext14 00000
__Lstringtext15                                     stringtext15 00000
__Lstringtext16                                     stringtext16 00000
__Lstringtext2                                      stringtext2  00000
__Lstringtext3                                      stringtext3  00000
__Lstringtext4                                      stringtext4  00000
__Lstringtext5                                      stringtext5  00000
__Lstringtext6                                      stringtext6  00000
__Lstringtext7                                      stringtext7  00000
__Lstringtext8                                      stringtext8  00000
__Lstringtext9                                      stringtext9  00000
__Ltext                                             text         00000
__S0                                                (abs)        02000
__S1                                                (abs)        001D6
__S3                                                (abs)        00000
__Umul8_16                                          text54       01E5B
__Umul8_16@multiplicand                             cstackBANK1  000A0
__Umul8_16@multiplier                               cstackBANK1  000A8
__Umul8_16@product                                  cstackBANK1  000A4
__Umul8_16@word_mpld                                cstackBANK1  000A6
___awdiv                                            text30       011B5
___awdiv@counter                                    cstackBANK1  000A4
___awdiv@dividend                                   cstackBANK1  000A2
___awdiv@divisor                                    cstackBANK1  000A0
___awdiv@quotient                                   cstackBANK1  000A6
___awdiv@sign                                       cstackBANK1  000A5
___awmod                                            text29       0105A
___awmod@counter                                    cstackBANK1  000A4
___awmod@dividend                                   cstackBANK1  000A2
___awmod@divisor                                    cstackBANK1  000A0
___awmod@sign                                       cstackBANK1  000A5
___fladd                                            text55       00504
___fladd@a                                          cstackBANK1  000B2
___fladd@aexp                                       cstackBANK1  000BF
___fladd@b                                          cstackBANK1  000AE
___fladd@bexp                                       cstackBANK1  000C0
___fladd@grs                                        cstackBANK1  000C1
___fladd@signs                                      cstackBANK1  000BE
___fldiv                                            text3        00C50
___fldiv@a                                          cstackBANK1  000A0
___fldiv@aexp                                       cstackBANK1  000B9
___fldiv@b                                          cstackBANK1  000A4
___fldiv@bexp                                       cstackBANK1  000B8
___fldiv@grs                                        cstackBANK1  000B4
___fldiv@new_exp                                    cstackBANK1  000B2
___fldiv@rem                                        cstackBANK1  000AD
___fldiv@sign                                       cstackBANK1  000B1
___flmul                                            text53       0008E
___flmul@a                                          cstackBANK1  000CE
___flmul@aexp                                       cstackBANK1  000DC
___flmul@b                                          cstackBANK1  000CA
___flmul@bexp                                       cstackBANK1  000DD
___flmul@grs                                        cstackBANK1  000D8
___flmul@prod                                       cstackBANK1  000DE
___flmul@sign                                       cstackBANK1  000D7
___flmul@temp                                       cstackBANK1  000E2
___flsub                                            text31       01DF8
___flsub@a                                          cstackBANK1  000C2
___flsub@b                                          cstackBANK1  000C6
___fltol                                            text52       0133A
___fltol@exp1                                       cstackBANK1  000ED
___fltol@f1                                         cstackBANK1  000E4
___fltol@sign1                                      cstackBANK1  000EC
___heap_hi                                          (abs)        00000
___heap_lo                                          (abs)        00000
___int_sp                                           stack        00000
___int_stack_hi                                     stack        00000
___int_stack_lo                                     stack        00000
___latbits                                          (abs)        00002
___lwdiv                                            text18       01F81
___lwdiv@counter                                    cstackBANK1  000A6
___lwdiv@dividend                                   cstackBANK1  000A2
___lwdiv@divisor                                    cstackBANK1  000A0
___lwdiv@quotient                                   cstackBANK1  000A4
___lwmod                                            text17       01F4E
___lwmod@counter                                    cstackBANK1  000A4
___lwmod@dividend                                   cstackBANK1  000A2
[...]
_printFloat                                         text12       01586
_printLogs                                          text11       0150B
_printf                                             text13       01C99
_putch                                              text25       00800
_pwm_fan_Initialize                                 text59       01BFF
_pwm_fan_LoadDutyValue                              text83       01D13
_readLine                                           text7        01101
_read_prec_or_width                                 text19       01211
_sendLedstripEndFrame                               text47       01D69
_sendLedstripFrame                                  text46       01D82
_sendLedstripStartFrame                             text45       01D28
_setKi                                              text6        01BD3
_setKp                                              text5        01BDD
_setSetpoint                                        text4        01BC0
_setpoint                                           dataBANK0    0006C
_spi1_configuration                                 stringtext3  018E2
_str2float                                          text2        01755
_strlen                                             text22       01D53
_uartHandler                                        text1        00811
_updateLedstripAnimation                            text43       01B46
_utoa                                               text16       01419
_vfpfcnvrt                                          text15       00ADE
_vfprintf                                           text14       01ECB
_width                                              bssBANK0     00055
abs@a                                               cstackBANK1  000A6
adcConversionDoneHandler@new_channel                dataBANK0    0006F
atoi@n                                              cstackBANK1  000AB
atoi@neg                                            cstackBANK1  000AA
atoi@s                                              cstackBANK1  000A6
btemp                                               (abs)        0007E
clear_ram0                                          clrtext      01B5A
controller@I                                        cstackBANK0  00051
controller@P                                        cstackBANK0  0004F
controller@error                                    cstackBANK0  00053
dtoa@d                                              cstackBANK1  000BE
dtoa@fp                                             cstackBANK1  000BC
dtoa@i                                              cstackBANK1  000C7
dtoa@p                                              cstackBANK1  000C3
dtoa@s                                              cstackBANK1  000C6
dtoa@w                                              cstackBANK1  000C4
end_of_initialization                               cinit        0008A
fputc@c                                             cstackBANK1  000A3
fputc@fp                                            cstackBANK1  000A5
fputs@c                                             cstackBANK1  000B1
fputs@fp                                            cstackBANK1  000AD
fputs@i                                             cstackBANK1  000B2
fputs@s                                             cstackBANK1  000AC
getLedNumber@height                                 cstackBANK1  000EE
getLedNumber@result                                 cstackBANK2  00150
i1ADC_SelectChannel@channel                         cstackCOMMON 00071
i1_ADC_SelectChannel                                text93       01BE7
i1__Umul8_16                                        text81       01E38
i1__Umul8_16@multiplicand                           cstackCOMMON 00070
i1__Umul8_16@multiplier                             cstackCOMMON 00078
i1__Umul8_16@product                                cstackCOMMON 00074
i1__Umul8_16@word_mpld                              cstackCOMMON 00076
i1___fladd                                          text82       00DF4
i1___fladd@a                                        cstackBANK0  0003E
i1___fladd@aexp                                     cstackBANK0  0004B
i1___fladd@b                                        cstackBANK0  0003A
i1___fladd@bexp                                     cstackBANK0  0004C
i1___fladd@grs                                      cstackBANK0  0004D
i1___fladd@signs                                    cstackBANK0  0004A
i1___flmul                                          text80       002C9
i1___flmul@a                                        cstackBANK0  00024
i1___flmul@aexp                                     cstackBANK0  00032
i1___flmul@b                                        cstackBANK0  00020
i1___flmul@bexp                                     cstackBANK0  00033
i1___flmul@grs                                      cstackBANK0  0002E
i1___flmul@prod                                     cstackBANK0  00034
i1___flmul@sign                                     cstackBANK0  0002D
i1___flmul@temp                                     cstackBANK0  00038
i1___fltol                                          text79       012CB
i1___fltol@exp1                                     cstackBANK0  00043
i1___fltol@f1                                       cstackBANK0  0003A
i1___fltol@sign1                                    cstackBANK0  00042
i1___xxtofl                                         text78       0160C
i1___xxtofl@arg                                     cstackCOMMON 0007A
i1___xxtofl@exp                                     cstackCOMMON 00079
i1___xxtofl@sign                                    cstackCOMMON 00078
i1___xxtofl@val                                     cstackCOMMON 00070
i1_getHoogtesensor                                  text77       01B54
init_ram                                            inittext     01B60
int$flags                                           (abs)        0007E
intlevel0                                           functab      00000
intlevel1                                           functab      00000
intlevel2                                           functab      00000
intlevel3                                           functab      00000
intlevel4                                           functab      00000
intlevel5                                           functab      00000
pad@buf                                             cstackBANK1  000B6
pad@fp                                              cstackBANK1  000B4
pad@i                                               cstackBANK1  000BA
pad@p                                               cstackBANK1  000B7
position_led_strip@led                              cstackBANK2  00159
position_led_strip@led_on                           cstackBANK2  0015A
position_led_strip@target                           cstackBANK2  00157
printFloat@fractional_part                          cstackBANK2  00154
printFloat@integer_part                             cstackBANK2  00156
printFloat@number                                   cstackBANK2  00150
printf@ap                                           cstackBANK1  000E7
printf@fmt                                          cstackBANK1  000E1
putch@txData                                        cstackBANK1  000A2
pwm_fan_LoadDutyValue@dutyValue                     cstackCOMMON 00070
readLine@index                                      bssBANK0     00065
read_prec_or_width@ap                               cstackBANK1  000A7
read_prec_or_width@c                                cstackBANK1  000AB
read_prec_or_width@fmt                              cstackBANK1  000A6
read_prec_or_width@n                                cstackBANK1  000AC
reset_vec                                           reset_vec    00000
sendLedstripFrame@blue                              cstackBANK1  000A2
sendLedstripFrame@green                             cstackBANK1  000A1
sendLedstripFrame@intensity                         cstackBANK1  000A3
sendLedstripFrame@red                               cstackBANK1  000A4
setKi@new_ki                                        cstackBANK2  00150
setKp@new_kp                                        cstackBANK2  00150
setSetpoint@new_setpoint                            cstackBANK1  000AD
start                                               init         00058
start_initialization                                cinit        0005A
str2float@decimal_separator                         cstackBANK1  000E8
str2float@digit                                     cstackBANK1  000EF
str2float@i                                         cstackBANK1  000EA
str2float@multiplier                                cstackBANK1  000E9
str2float@number                                    cstackBANK1  000EB
str2float@str                                       cstackBANK1  000E4
strlen@a                                            cstackBANK1  000A2
strlen@s                                            cstackBANK1  000A0
uartHandler@str                                     cstackBANK2  00154
utoa@d                                              cstackBANK1  000BE
utoa@fp                                             cstackBANK1  000BC
utoa@i                                              cstackBANK1  000C4
utoa@p                                              cstackBANK1  000C1
utoa@w                                              cstackBANK1  000C2
vfpfcnvrt@ap                                        cstackBANK1  000CC
vfpfcnvrt@convarg                                   cstackBANK1  000D3
vfpfcnvrt@cp                                        cstackBANK1  000D7
vfpfcnvrt@done                                      cstackBANK1  000D2
vfpfcnvrt@fmt                                       cstackBANK1  000CB
vfpfcnvrt@fp                                        cstackBANK1  000C9
vfprintf@ap                                         cstackBANK1  000DD
vfprintf@cfmt                                       cstackBANK1  000DF
vfprintf@fmt                                        cstackBANK1  000DB
vfprintf@fp                                         cstackBANK1  000D9
wtemp0                                              (abs)        0007E


MODULE INFORMATION

Module		Function		Class		Link	Load	Size
UART.c
		_printFloat    		CODE           	1586	0000	134
		_str2float     		CODE           	1755	0000	171
		_readLine      		CODE           	1101	0000	89
		_printLogs     		CODE           	150B	0000	123
		_uartHandler   		CODE           	0811	0000	174

UART.c estimated size: 691

C:\Program Files\Microchip\xc8\v3.00\pic\sources\c99\common\abs.c
		_abs           		CODE           	1CED	0000	18

C:\Program Files\Microchip\xc8\v3.00\pic\sources\c99\common\abs.c estimated size: 18

C:\Program Files\Microchip\xc8\v3.00\pic\sources\c99\common\nf_fputc.c
		_fputc         		CODE           	126D	0000	94

C:\Program Files\Microchip\xc8\v3.00\pic\sources\c99\common\nf_fputc.c estimated size: 94

mcc_generated_files/spi/src/mssp1.c
		_SPI1_ByteExchange		CODE           	1C17	0000	13
		_SPI1_Open     		CODE           	13A9	0000	112
		_SPI1_Initialize		CODE           	1BC9	0000	10

mcc_generated_files/spi/src/mssp1.c estimated size: 135

C:\Program Files\Microchip\xc8\v3.00\pic\sources\c99\common\Umul16.c
		___wmul        		CODE           	1DD8	0000	32

C:\Program Files\Microchip\xc8\v3.00\pic\sources\c99\common\Umul16.c estimated size: 32

mcc_generated_files/system/src/interrupt.c
		_INT_SetInterruptHandler		CODE           	1B78	0000	9
		_INTERRUPT_Initialize		CODE           	1BF3	0000	12
		_INTERRUPT_InterruptManager		CODE           	0004	0000	84

mcc_generated_files/system/src/interrupt.c estimated size: 105

mcc_generated_files/adc/src/adc.c
		_ADC_DefaultInterruptHandler		CODE           	1B3F	0000	1
		_ADC_Initialize		CODE           	1D3D	0000	22
		_ADC_SetInterruptHandler		CODE           	1B66	0000	9
		_ADC_GetConversionResult		CODE           	1B4E	0000	6
		_ADC_ISR       		CODE           	1C3F	0000	15
		_ADC_SelectChannel		CODE           	1C0B	0000	12

mcc_generated_files/adc/src/adc.c estimated size: 65

C:\Program Files\Microchip\xc8\v3.00\pic\sources\c99\common\printf.c
		_printf        		CODE           	1C99	0000	16

C:\Program Files\Microchip\xc8\v3.00\pic\sources\c99\common\printf.c estimated size: 16

C:\Program Files\Microchip\xc8\v3.00\pic\sources\c99\common\lwmod.c
		___lwmod       		CODE           	1F4E	0000	51

C:\Program Files\Microchip\xc8\v3.00\pic\sources\c99\common\lwmod.c estimated size: 51

C:\Program Files\Microchip\xc8\v3.00\pic\sources\c99\common\awmod.c
		___awmod       		CODE           	105A	0000	82

C:\Program Files\Microchip\xc8\v3.00\pic\sources\c99\common\awmod.c estimated size: 82

C:\Program Files\Microchip\xc8\v3.00\pic\sources\c99\common\atoi.c
		_atoi          		CODE           	1492	0000	121

C:\Program Files\Microchip\xc8\v3.00\pic\sources\c99\common\atoi.c estimated size: 121

mcc_generated_files/pwm/src/pwm5.c
		_pwm_fan_LoadDutyValue		CODE           	1D13	0000	21
		_pwm_fan_Initialize		CODE           	1BFF	0000	12

mcc_generated_files/pwm/src/pwm5.c estimated size: 33

C:\Program Files\Microchip\xc8\v3.00\pic\sources\c99\common\sprcmul.c
		___flmul       		CODE           	008E	0000	571

C:\Program Files\Microchip\xc8\v3.00\pic\sources\c99\common\sprcmul.c estimated size: 571

adcMeasurements.c
		_getHoogtesensor		CODE           	1B8A	0000	9
		_initAdcMultiplexer		CODE           	1C24	0000	13
		_adcConversionDoneHandler		CODE           	1F20	0000	46

adcMeasurements.c estimated size: 68

mcc_generated_files/system/src/pins.c
		_PIN_MANAGER_Initialize		CODE           	1FBC	0000	68

mcc_generated_files/system/src/pins.c estimated size: 68

C:\Program Files\Microchip\xc8\v3.00\pic\sources\c99\common\sprcdiv.c
		___fldiv       		CODE           	0C50	0000	420

C:\Program Files\Microchip\xc8\v3.00\pic\sources\c99\common\sprcdiv.c estimated size: 420

shared
		i1_getHoogtesensor		CODE           	1B54	0000	6
		i1___fladd     		CODE           	0DF4	0000	524
		i1__Umul8_16   		CODE           	1E38	0000	35
		i1___fltol     		CODE           	12CB	0000	111
		__initialization		CODE           	005A	0000	48
		_UART1         		STRCODE        	0000	0000	0
		i1___flmul     		CODE           	02C9	0000	571
		i1___xxtofl    		CODE           	160C	0000	164
		i1_ADC_SelectChannel		CODE           	1BE7	0000	12
		_spi1_configuration		STRCODE        	18E2	0000	10
		_ledstrip      		STRCODE        	0000	0000	0

shared estimated size: 1481

C:\Program Files\Microchip\xc8\v3.00\pic\sources\c99\common\xxtofl.c
		___xxtofl      		CODE           	16B0	0000	165

C:\Program Files\Microchip\xc8\v3.00\pic\sources\c99\common\xxtofl.c estimated size: 165

C:\Program Files\Microchip\xc8\v3.00\pic\sources\c99\common\nf_fputs.c
		_fputs         		CODE           	1E7F	0000	36

C:\Program Files\Microchip\xc8\v3.00\pic\sources\c99\common\nf_fputs.c estimated size: 36

mcc_generated_files/timer/src/tmr6.c
		_TMR6_DefaultPeriodMatchCallback		CODE           	0003	0000	1
		_TMR6_Initialize		CODE           	1C8A	0000	15
		_TMR6_PeriodMatchCallbackRegister		CODE           	1B9C	0000	9
		_TMR6_Tasks    		CODE           	1CFF	0000	20

mcc_generated_files/timer/src/tmr6.c estimated size: 45

C:\Program Files\Microchip\xc8\v3.00\pic\sources\c99\common\strlen.c
		_strlen        		CODE           	1D53	0000	22

C:\Program Files\Microchip\xc8\v3.00\pic\sources\c99\common\strlen.c estimated size: 22

mcc_generated_files/timer/src/tmr4.c
		_TMR4_DefaultPeriodMatchCallback		CODE           	0002	0000	1
		_TMR4_ISR      		CODE           	1C5D	0000	15
		_TMR4_Initialize		CODE           	1CBA	0000	17
		_TMR4_PeriodMatchCallbackRegister		CODE           	1B81	0000	9

mcc_generated_files/timer/src/tmr4.c estimated size: 42

controller.c
		_getKp         		CODE           	1CDC	0000	17
		_setKp         		CODE           	1BDD	0000	10
		_controller    		CODE           	08BF	0000	264
		_getDutycycle  		CODE           	1BA5	0000	9
		_getSetpoint   		CODE           	1B93	0000	9
		_getKi         		CODE           	1CCB	0000	17
		_setSetpoint   		CODE           	1BC0	0000	9
		_setKi         		CODE           	1BD3	0000	10

controller.c estimated size: 345

ledstrip.c
		_sendLedstripEndFrame		CODE           	1D69	0000	25
		_sendLedstripStartFrame		CODE           	1D28	0000	21
		_getLedNumber  		CODE           	115A	0000	91
		_sendLedstripFrame		CODE           	1D82	0000	27
		_initLedstrip  		CODE           	1C31	0000	14
		_position_led_strip		CODE           	09C7	0000	279
		_updateLedstripAnimation		CODE           	1B46	0000	4

ledstrip.c estimated size: 461

mcc_generated_files/timer/src/tmr2.c
		_TMR2_ISR      		CODE           	1C4E	0000	15
		_TMR2_Initialize		CODE           	1CA9	0000	17
		_TMR2_DefaultPeriodMatchCallback		CODE           	1B41	0000	1

mcc_generated_files/timer/src/tmr2.c estimated size: 33

mcc_generated_files/uart/src/eusart.c
		_EUSART_FramingErrorCallbackRegister		CODE           	1C6C	0000	15
		_EUSART_OverrunErrorCallbackRegister		CODE           	1C7B	0000	15
		_putch         		CODE           	0800	0000	17
		_EUSART_Read   		CODE           	1E18	0000	32
		_EUSART_Write  		CODE           	1EA3	0000	40
		_EUSART_DefaultOverrunErrorCallback		CODE           	1B42	0000	4
		_EUSART_IsRxReady		CODE           	1BB7	0000	9
		_EUSART_IsTxReady		CODE           	1BAE	0000	9
		_EUSART_Initialize		CODE           	07C9	0000	55
		_EUSART_TransmitISR		CODE           	1D9D	0000	28
		_EUSART_DefaultFramingErrorCallback		CODE           	1B40	0000	1
		_EUSART_ReceiveISR		CODE           	1008	0000	82

mcc_generated_files/uart/src/eusart.c estimated size: 307

mcc_generated_files/system/src/clock.c
		_CLOCK_Initialize		CODE           	1B6F	0000	9

mcc_generated_files/system/src/clock.c estimated size: 9

C:\Program Files\Microchip\xc8\v3.00\pic\sources\c99\common\lwdiv.c
		___lwdiv       		CODE           	1F81	0000	59

C:\Program Files\Microchip\xc8\v3.00\pic\sources\c99\common\lwdiv.c estimated size: 59

C:\Program Files\Microchip\xc8\v3.00\pic\sources\c99\common\awdiv.c
		___awdiv       		CODE           	11B5	0000	92

C:\Program Files\Microchip\xc8\v3.00\pic\sources\c99\common\awdiv.c estimated size: 92

C:\Program Files\Microchip\xc8\v3.00\pic\sources\c99\common\fltol.c
		___fltol       		CODE           	133A	0000	111

C:\Program Files\Microchip\xc8\v3.00\pic\sources\c99\common\fltol.c estimated size: 111

main.c
		_main          		CODE           	1EF5	0000	43

main.c estimated size: 43

C:\Program Files\Microchip\xc8\v3.00\pic\sources\c99\common\doprnt.c
		_read_prec_or_width		CODE           	1211	0000	92
		_vfpfcnvrt     		CODE           	0ADE	0000	370
		_pad           		CODE           	10AC	0000	85
		_dtoa          		CODE           	0710	0000	185
		_vfprintf      		CODE           	1ECB	0000	42
		_utoa          		CODE           	1419	0000	121

C:\Program Files\Microchip\xc8\v3.00\pic\sources\c99\common\doprnt.c estimated size: 895

C:\Program Files\Microchip\xc8\v3.00\pic\sources\c99\common\sprcadd.c
		___flsub       		CODE           	1DF8	0000	32
		___fladd       		CODE           	0504	0000	524

C:\Program Files\Microchip\xc8\v3.00\pic\sources\c99\common\sprcadd.c estimated size: 556

mcc_generated_files/system/src/system.c
		_SYSTEM_Initialize		CODE           	1DB9	0000	31

mcc_generated_files/system/src/system.c estimated size: 31

C:\Program Files\Microchip\xc8\v3.00\pic\sources\c99\common\Umul8_16.c
		__Umul8_16     		CODE           	1E5B	0000	36

C:\Program Files\Microchip\xc8\v3.00\pic\sources\c99\common\Umul8_16.c estimated size: 36

