Microchip MPLAB XC8 Compiler V3.00

Linker command line:

-W-3 \
  --edf=C:\Program Files\Microchip\xc8\v3.00\pic\dat\20241204225717_en.msgs \
  -cn \
  -h+.ca/dist/Config_2/production\Digitale_pingpong_zweeftoren.X.production.sym \
  --cmf=.ca/dist/Config_2/production\Digitale_pingpong_zweeftoren.X.production.cmf \
  -z -Q16F18345 \
  -oC:\Users\WEDNES~1\AppData\Local\Temp\xcAs15k.\driver_tmp_3.o \
  --defsym=__MPLAB_BUILD=1 --fixupoverflow=error \
  -M.ca/dist/Config_2/production/Digitale_pingpong_zweeftoren.X.production.map \
  --md=C:\Users\WEDNES~1\AppData\Local\Temp\xcAs15k.\driver_tmp_0.dat -E1 \
  -ver=XC8 Compiler -ACODE=00h-07FFhx4 -ASTRCODE=00h-01FFFh \
  -ASTRING=00h-0FFhx32 -ACONST=00h-0FFhx32 -AENTRY=00h-0FFhx32 \
  -ACOMMON=070h-07Fh -ABANK0=020h-06Fh -ABANK1=0A0h-0EFh \
  -ABANK2=0120h-016Fh -ABANK3=01A0h-01EFh -ABANK4=0220h-026Fh \
  -ABANK5=02A0h-02EFh -ABANK6=0320h-036Fh -ABANK7=03A0h-03EFh \
  -ABANK8=0420h-046Fh -ABANK9=04A0h-04EFh -ABANK10=0520h-056Fh \
  -ABANK11=05A0h-05EFh -ABANK12=0620h-064Fh -ABIGRAM=02000h-023EFh \
  -ARAM=020h-06Fh,0A0h-0EFh,0120h-016Fh,01A0h-01EFh,0220h-026Fh,02A0h-02EFh,0320h-036Fh,03A0h-03EFh,0420h-046Fh,04A0h-04EFh,0520h-056Fh,05A0h-05EFh,0620h-064Fh \
  -AABS1=020h-07Fh,0A0h-0EFh,0120h-016Fh,01A0h-01EFh,0220h-026Fh,02A0h-02EFh,0320h-036Fh,03A0h-03EFh,0420h-046Fh,04A0h-04EFh,0520h-056Fh,05A0h-05EFh,0620h-064Fh \
  -ASFR0=00h-01Fh -ASFR1=080h-09Fh -ASFR2=0100h-011Fh -ASFR3=0180h-019Fh \
  -ASFR4=0200h-021Fh -ASFR5=0280h-029Fh -ASFR6=0300h-031Fh \
  -ASFR7=0380h-039Fh -ASFR8=0400h-041Fh -ASFR9=0480h-049Fh \
  -ASFR10=0500h-051Fh -ASFR11=0580h-059Fh -ASFR12=0600h-061Fh \
  -ASFR13=0680h-06EFh -ASFR14=0700h-076Fh -ASFR15=0780h-07EFh \
  -ASFR16=0800h-086Fh -ASFR17=0880h-08EFh -ASFR18=0900h-096Fh \
  -ASFR19=0980h-09EFh -ASFR20=0A00h-0A6Fh -ASFR21=0A80h-0AEFh \
  -ASFR22=0B00h-0B6Fh -ASFR23=0B80h-0BEFh -ASFR24=0C00h-0C6Fh \
  -ASFR25=0C80h-0CEFh -ASFR26=0D00h-0D6Fh -ASFR27=0D80h-0DEFh \
  -ASFR28=0E00h-0E6Fh -ASFR29=0E80h-0EEFh -ASFR30=0F00h-0F6Fh \
  -ASFR31=0F80h-0FEFh -ACONFIG=08007h-0800Ah -DCONFIG=2 \
  -AIDLOC=08000h-08003h -DIDLOC=2 -AEEDATA=00h-0FFh/0F000h \
  -peeprom_data=EEDATA -DEEDATA=2 -DCODE=2 -DSTRCODE=2 -DSTRING=2 -DCONST=2 \
  -DENTRY=2 -preset_vec=00h,intentry=04h,sivt,init,end_init -ppowerup=CODE \
  -pcinit=CODE -pfunctab=ENTRY -k \
  C:\Users\WEDNES~1\AppData\Local\Temp\xcAs15k.\driver_tmp_20.o \
  .ca/dist/Config_2/production\Digitale_pingpong_zweeftoren.X.production.o 

Object code version is 3.11

Machine type is 16F18345



                Name                               Link     Load   Length Selector   Space Scale
C:\Users\WEDNES~1\AppData\Local\Temp\xcAs15k.\driver_tmp_20.o
                end_init                             40       40        2        8       0
                reset_vec                             0        0        2        0       0
                config                             8007     8007        4        0       4
.ca/dist/Config_2/production\Digitale_pingpong_zweeftoren.X.production.o
                cinit                                42       42       33        8       0
                intentry                              4        4       3C        8       0
                config                             8007     8007        4        0       4
                text94                             1F3C     1F3C        6     3E78       0
                text93                             1FF4     1FF4        C     3FE8       0
                text92                             1286     1286       2B     250C       0
                text91                             1F33     1F33        1     3E66       0
                text90                             1009     1009        C     2012       0
                text89                             1F34     1F34        1     3E68       0
                text88                             1F38     1F38        4     3E70       0
                text87                             13DE     13DE       47     27BC       0
                text86                             1155     1155       1A     22AA       0
                text85                              800      800        1        8       0
                text84                             1045     1045        D     208A       0
                text83                             10FA     10FA       15     21F4       0
                text82                              623      623      1B6        8       0
                text81                             11FE     11FE       1F     23FC       0
                text80                              271      271      1FC        8       0
                text79                             160A     160A       5F     2C14       0
                text78                              8FF      8FF       8D     11FE       0
                text77                             1F42     1F42        6     3E84       0
                text76                              DA0      DA0       F5     1B40       0
                text75                                2        2        1        0       0
                text74                             1052     1052        D     20A4       0
                text72                             1F54     1F54        8     3EA8       0
                text71                             110F     110F       15     221E       0
                text70                             1F94     1F94        9     3F28       0
                text69                             1015     1015        C     202A       0
                text68                             1021     1021        C     2042       0
                text67                             12E3     12E3       35     25C6       0
                text66                             1F5C     1F5C        8     3EB8       0
                text65                             1FDE     1FDE        B     3FBC       0
                text64                             139A     139A       44     2734       0
                text63                             1FCA     1FCA        A     3F94       0
                text62                             10B3     10B3       11     2166       0
                text61                             10C4     10C4       11     2188       0
                text60                             1079     1079        E     20F2       0
                text59                             102D     102D        C     205A       0
                text58                             11C2     11C2       1E     2384       0
                text57                             1F64     1F64        8     3EC8       0
                text56                             1F9D     1F9D        9     3F3A       0
                text55                              46D      46D      1B6        8       0
                text54                             121D     121D       1F     243A       0
                text53                               75       75      1FC        8       0
                text52                             1669     1669       5F     2CD2       0
                text51                              98C      98C       8D     1318       0
                text50                             155F     155F       55     2ABE       0
                text49                             1FA6     1FA6        9     3F4C       0
                text48                             1FD4     1FD4        A     3FA8       0
                text47                             1124     1124       18     2248       0
                text46                             113C     113C       19     2278       0
                text45                             10E6     10E6       14     21CC       0
                text44                              BF2      BF2       BC     17E4       0
                text43                             1F35     1F35        3     3E6A       0
                text42                                3        3        1        6       0
                text41                             10A3     10A3       10     2146       0
                text40                             1FAF     1FAF        9     3F5E       0
                text39                             1039     1039        C     2072       0
                text38                             1FE9     1FE9        B     3FD2       0
                text37                             116F     116F       1B     22DE       0
                text36                             172E     172E       68     2E5C       0
                text35                             1F6C     1F6C        8     3ED8       0
                text34                             105F     105F        D     20BE       0
                text33                             1FB8     1FB8        9     3F70       0
                text32                             10D5     10D5       11     21AA       0
                text31                              801      801       11     1002       0
                text30                             11A5     11A5       1D     234A       0
                text29                             1471     1471       4D     28E2       0
                text28                             1357     1357       43     26AE       0
                text27                             1087     1087        E     210E       0
                text26                             1F74     1F74        8     3EE8       0
                text25                              7D9      7D9       23        8       0
                text24                             106C     106C        D     20D8       0
                text23                             150B     150B       54     2A16       0
                text22                             123C     123C       20     2478       0
                text21                             1318     1318       3F     2630       0
                text20                              AB3      AB3       9B     1566       0
                text19                             15B4     15B4       56     2B68       0
                text18                             12B1     12B1       32     2562       0
                text17                             125C     125C       2A     24B8       0
                text16                             16C8     16C8       66     2D90       0
                text15                              CAE      CAE       F2     195C       0
                text14                             118A     118A       1B     2314       0
                text13                             1095     1095        E     212A       0
                text12                              880      880       7F     1100       0
                text11                              812      812       6E     1024       0
                text10                             1796     1796       6A     2F2C       0
                text9                              1F7C     1F7C        8     3EF8       0
                text8                              11E0     11E0       1E     23C0       0
                text7                              14BE     14BE       4D     297C       0
                text6                              1FC1     1FC1        9     3F82       0
                text5                              1000     1000        9     1D2A       0
                text4                              1F84     1F84        8     3F08       0
                text3                               E95      E95      16B     1D2A       0
                text2                               A19      A19       9A     1432       0
                text1                               B4E      B4E       A4     169C       0
                maintext                           1425     1425       4C     284A       0
                cstackBANK0                          20       20       35       20       1
                cstackCOMMON                         70       70        E       70       1
                cstackBANK1                          A0       A0       50       A0       1
                cstackBANK2                         14E      14E       10      120       1
                clrtext                            1F48     1F48        6     3E90       0
                inittext                           1F4E     1F4E        6     3E9C       0
                bssBANK3                            1A0      1A0       34      1A0       1
                dataBANK2                           168      168        8      120       1
                bssBANK2                            120      120       2E      120       1
                dataBANK0                            6C       6C        4       20       1
                bssBANK0                             55       55       17       20       1
                stringtext15                       18FB     18FB        7     3000       0
                stringtext14                       18F4     18F4        7     3000       0
                stringtext13                       18EC     18EC        8     3000       0
                stringtext12                       18D7     18D7        B     3000       0
                stringtext11                       18CA     18CA        D     3000       0
                stringtext10                       18BD     18BD        D     3000       0
                stringtext9                        18AE     18AE        F     3000       0
                stringtext8                        189F     189F        F     3000       0
                stringtext7                        188E     188E       11     3000       0
                stringtext6                        187D     187D       11     3000       0
                stringtext5                        1865     1865       18     3000       0
                stringtext4                        184C     184C       19     3000       0
                nvBANK3                             1D4      1D4        2      1A0       1
                nvBANK2                             15E      15E        A      120       1
                stringtext3                        18E2     18E2        A     3000       0
                stringtext2                        1830     1830       1C     3000       0
                stringtext1                        1800     1800       30     3000       0
                idataBANK2                         1F8C     1F8C        8     3F18       0
                idataBANK0                          7FC      7FC        4        8       0

TOTAL           Name                               Link     Load   Length     Space
        CLASS   CODE           
                end_init                             40       40        2         0
                cinit                                42       42       33         0
                intentry                              4        4       3C         0
                reset_vec                             0        0        2         0
                text94                             1F3C     1F3C        6         0
                text93                             1FF4     1FF4        C         0
                text92                             1286     1286       2B         0
                text91                             1F33     1F33        1         0
                text90                             1009     1009        C         0
                text89                             1F34     1F34        1         0
                text88                             1F38     1F38        4         0
                text87                             13DE     13DE       47         0
                text86                             1155     1155       1A         0
                text85                              800      800        1         0
                text84                             1045     1045        D         0
                text83                             10FA     10FA       15         0
                text82                              623      623      1B6         0
                text81                             11FE     11FE       1F         0
                text80                              271      271      1FC         0
                text79                             160A     160A       5F         0
                text78                              8FF      8FF       8D         0
                text77                             1F42     1F42        6         0
                text76                              DA0      DA0       F5         0
                text75                                2        2        1         0
                text74                             1052     1052        D         0
                text72                             1F54     1F54        8         0
                text71                             110F     110F       15         0
                text70                             1F94     1F94        9         0
                text69                             1015     1015        C         0
                text68                             1021     1021        C         0
                text67                             12E3     12E3       35         0
                text66                             1F5C     1F5C        8         0
                text65                             1FDE     1FDE        B         0
                text64                             139A     139A       44         0
                text63                             1FCA     1FCA        A         0
                text62                             10B3     10B3       11         0
                text61                             10C4     10C4       11         0
                text60                             1079     1079        E         0
                text59                             102D     102D        C         0
                text58                             11C2     11C2       1E         0
                text57                             1F64     1F64        8         0
                text56                             1F9D     1F9D        9         0
                text55                              46D      46D      1B6         0
                text54                             121D     121D       1F         0
                text53                               75       75      1FC         0
                text52                             1669     1669       5F         0
                text51                              98C      98C       8D         0
                text50                             155F     155F       55         0
                text49                             1FA6     1FA6        9         0
                text48                             1FD4     1FD4        A         0
                text47                             1124     1124       18         0
                text46                             113C     113C       19         0
                text45                             10E6     10E6       14         0
                text44                              BF2      BF2       BC         0
                text43                             1F35     1F35        3         0
                text42                                3        3        1         0
                text41                             10A3     10A3       10         0
                text40                             1FAF     1FAF        9         0
                text39                             1039     1039        C         0
                text38                             1FE9     1FE9        B         0
                text37                             116F     116F       1B         0
                text36                             172E     172E       68         0
                text35                             1F6C     1F6C        8         0
                text34                             105F     105F        D         0
                text33                             1FB8     1FB8        9         0
                text32                             10D5     10D5       11         0
                text31                              801      801       11         0
                text30                             11A5     11A5       1D         0
                text29                             1471     1471       4D         0
                text28                             1357     1357       43         0
                text27                             1087     1087        E         0
                text26                             1F74     1F74        8         0
                text25                              7D9      7D9       23         0
                text24                             106C     106C        D         0
                text23                             150B     150B       54         0
                text22                             123C     123C       20         0
                text21                             1318     1318       3F         0
                text20                              AB3      AB3       9B         0
                text19                             15B4     15B4       56         0
                text18                             12B1     12B1       32         0
                text17                             125C     125C       2A         0
                text16                             16C8     16C8       66         0
                text15                              CAE      CAE       F2         0
                text14                             118A     118A       1B         0
                text13                             1095     1095        E         0
                text12                              880      880       7F         0
                text11                              812      812       6E         0
                text10                             1796     1796       6A         0
                text9                              1F7C     1F7C        8         0
                text8                              11E0     11E0       1E         0
                text7                              14BE     14BE       4D         0
                text6                              1FC1     1FC1        9         0
                text5                              1000     1000        9         0
                text4                              1F84     1F84        8         0
                text3                               E95      E95      16B         0
                text2                               A19      A19       9A         0
                text1                               B4E      B4E       A4         0
                maintext                           1425     1425       4C         0
                clrtext                            1F48     1F48        6         0
                inittext                           1F4E     1F4E        6         0
                idataBANK2                         1F8C     1F8C        8         0
                idataBANK0                          7FC      7FC        4         0

        CLASS   STRCODE        
                stringtext15                       18FB     18FB        7         0
                stringtext14                       18F4     18F4        7         0
                stringtext13                       18EC     18EC        8         0
                stringtext12                       18D7     18D7        B         0
                stringtext11                       18CA     18CA        D         0
                stringtext10                       18BD     18BD        D         0
                stringtext9                        18AE     18AE        F         0
                stringtext8                        189F     189F        F         0
                stringtext7                        188E     188E       11         0
                stringtext6                        187D     187D       11         0
                stringtext5                        1865     1865       18         0
                stringtext4                        184C     184C       19         0
                stringtext3                        18E2     18E2        A         0
                stringtext2                        1830     1830       1C         0
                stringtext1                        1800     1800       30         0

        CLASS   STRING         

        CLASS   CONST          

        CLASS   ENTRY          

        CLASS   COMMON         
                cstackCOMMON                         70       70        E         1

        CLASS   BANK0          
                cstackBANK0                          20       20       35         1
                dataBANK0                            6C       6C        4         1
                bssBANK0                             55       55       17         1

        CLASS   BANK1          
                cstackBANK1                          A0       A0       50         1

        CLASS   BANK2          
                cstackBANK2                         14E      14E       10         1
                dataBANK2                           168      168        8         1
                bssBANK2                            120      120       2E         1
                nvBANK2                             15E      15E        A         1

        CLASS   BANK3          
                bssBANK3                            1A0      1A0       34         1
                nvBANK3                             1D4      1D4        2         1

        CLASS   BANK4          

        CLASS   BANK5          

        CLASS   BANK6          

        CLASS   BANK7          

        CLASS   BANK8          

        CLASS   BANK9          

        CLASS   BANK10         

        CLASS   BANK11         

        CLASS   BANK12         

        CLASS   BIGRAM         

        CLASS   RAM            

        CLASS   ABS1           
                abs_s1                               7E       7E        2         1

        CLASS   SFR0           

        CLASS   SFR1           

        CLASS   SFR2           

        CLASS   SFR3           

        CLASS   SFR4           

        CLASS   SFR5           

        CLASS   SFR6           

        CLASS   SFR7           

        CLASS   SFR8           

        CLASS   SFR9           

        CLASS   SFR10          

        CLASS   SFR11          

        CLASS   SFR12          

        CLASS   SFR13          

        CLASS   SFR14          

        CLASS   SFR15          

        CLASS   SFR16          

        CLASS   SFR17          

        CLASS   SFR18          

        CLASS   SFR19          

        CLASS   SFR20          

        CLASS   SFR21          

        CLASS   SFR22          

        CLASS   SFR23          

        CLASS   SFR24          

        CLASS   SFR25          

        CLASS   SFR26          

        CLASS   SFR27          

        CLASS   SFR28          

        CLASS   SFR29          

        CLASS   SFR30          

        CLASS   SFR31          

        CLASS   CONFIG         
                config                             8007     8007        4         4

        CLASS   IDLOC          

        CLASS   EEDATA         

        CLASS   BANK31         

        CLASS   BANK30         

        CLASS   BANK29         

        CLASS   BANK28         

        CLASS   BANK27         

        CLASS   BANK26         

        CLASS   BANK25         

        CLASS   BANK24         

        CLASS   BANK23         

        CLASS   BANK22         

        CLASS   BANK21         

        CLASS   BANK20         

        CLASS   BANK19         

        CLASS   BANK18         

        CLASS   BANK17         

        CLASS   BANK16         

        CLASS   BANK15         

        CLASS   BANK14         

        CLASS   BANK13         

        CLASS   HEAP           

        CLASS   STACK          



SEGMENTS        Name                           Load    Length   Top    Selector   Space  Class     Delta

                reset_vec                      000000  000003  000003         0       0  CODE        2
                text42                         000003  000001  000004         6       0  CODE        2
                intentry                       000004  0007FD  000801         8       0  CODE        2
                cstackBANK0                    000020  000050  000070        20       1  BANK0       1
                cstackCOMMON                   000070  00000E  00007E        70       1  COMMON      1
                cstackBANK1                    0000A0  000050  0000F0        A0       1  BANK1       1
                bssBANK2                       000120  000050  000170       120       1  BANK2       1
                bssBANK3                       0001A0  000036  0001D6       1A0       1  BANK3       1
                text31                         000801  000011  000812      1002       0  CODE        2
                text11                         000812  00006E  000880      1024       0  CODE        2
                text12                         000880  00007F  0008FF      1100       0  CODE        2
                text78                         0008FF  00008D  00098C      11FE       0  CODE        2
                text51                         00098C  00008D  000A19      1318       0  CODE        2
                text2                          000A19  00009A  000AB3      1432       0  CODE        2
                text20                         000AB3  00009B  000B4E      1566       0  CODE        2
                text1                          000B4E  0000A4  000BF2      169C       0  CODE        2
                text44                         000BF2  0000BC  000CAE      17E4       0  CODE        2
                text15                         000CAE  0000F2  000DA0      195C       0  CODE        2
                text76                         000DA0  0000F5  000E95      1B40       0  CODE        2
                text3                          000E95  000174  001009      1D2A       0  CODE        2
                text90                         001009  00000C  001015      2012       0  CODE        2
                text69                         001015  00000C  001021      202A       0  CODE        2
                text68                         001021  00000C  00102D      2042       0  CODE        2
                text59                         00102D  00000C  001039      205A       0  CODE        2
                text39                         001039  00000C  001045      2072       0  CODE        2
                text84                         001045  00000D  001052      208A       0  CODE        2
                text74                         001052  00000D  00105F      20A4       0  CODE        2
                text34                         00105F  00000D  00106C      20BE       0  CODE        2
                text24                         00106C  00000D  001079      20D8       0  CODE        2
                text60                         001079  00000E  001087      20F2       0  CODE        2
                text27                         001087  00000E  001095      210E       0  CODE        2
                text13                         001095  00000E  0010A3      212A       0  CODE        2
                text41                         0010A3  000010  0010B3      2146       0  CODE        2
                text62                         0010B3  000011  0010C4      2166       0  CODE        2
                text61                         0010C4  000011  0010D5      2188       0  CODE        2
                text32                         0010D5  000011  0010E6      21AA       0  CODE        2
                text45                         0010E6  000014  0010FA      21CC       0  CODE        2
                text83                         0010FA  000015  00110F      21F4       0  CODE        2
                text71                         00110F  000015  001124      221E       0  CODE        2
                text47                         001124  000018  00113C      2248       0  CODE        2
                text46                         00113C  000019  001155      2278       0  CODE        2
                text86                         001155  00001A  00116F      22AA       0  CODE        2
                text37                         00116F  00001B  00118A      22DE       0  CODE        2
                text14                         00118A  00001B  0011A5      2314       0  CODE        2
                text30                         0011A5  00001D  0011C2      234A       0  CODE        2
                text58                         0011C2  00001E  0011E0      2384       0  CODE        2
                text8                          0011E0  00001E  0011FE      23C0       0  CODE        2
                text81                         0011FE  00001F  00121D      23FC       0  CODE        2
                text54                         00121D  00001F  00123C      243A       0  CODE        2
                text22                         00123C  000020  00125C      2478       0  CODE        2
                text17                         00125C  00002A  001286      24B8       0  CODE        2
                text92                         001286  00002B  0012B1      250C       0  CODE        2
                text18                         0012B1  000032  0012E3      2562       0  CODE        2
                text67                         0012E3  000035  001318      25C6       0  CODE        2
                text21                         001318  00003F  001357      2630       0  CODE        2
                text28                         001357  000043  00139A      26AE       0  CODE        2
                text64                         00139A  000044  0013DE      2734       0  CODE        2
                text87                         0013DE  000047  001425      27BC       0  CODE        2
                maintext                       001425  00004C  001471      284A       0  CODE        2
                text29                         001471  00004D  0014BE      28E2       0  CODE        2
                text7                          0014BE  00004D  00150B      297C       0  CODE        2
                text23                         00150B  000054  00155F      2A16       0  CODE        2
                text50                         00155F  000055  0015B4      2ABE       0  CODE        2
                text19                         0015B4  000056  00160A      2B68       0  CODE        2
                text79                         00160A  00005F  001669      2C14       0  CODE        2
                text52                         001669  00005F  0016C8      2CD2       0  CODE        2
                text16                         0016C8  000066  00172E      2D90       0  CODE        2
                text36                         00172E  000068  001796      2E5C       0  CODE        2
                text10                         001796  00006A  001800      2F2C       0  CODE        2
                stringtext1                    001800  000102  001902      3000       0  STRCODE     2
                text91                         001F33  000001  001F34      3E66       0  CODE        2
                text89                         001F34  000001  001F35      3E68       0  CODE        2
                text43                         001F35  000003  001F38      3E6A       0  CODE        2
                text88                         001F38  000004  001F3C      3E70       0  CODE        2
                text94                         001F3C  000006  001F42      3E78       0  CODE        2
                text77                         001F42  000006  001F48      3E84       0  CODE        2
                clrtext                        001F48  000006  001F4E      3E90       0  CODE        2
                inittext                       001F4E  000006  001F54      3E9C       0  CODE        2
                text72                         001F54  000008  001F5C      3EA8       0  CODE        2
                text66                         001F5C  000008  001F64      3EB8       0  CODE        2
                text57                         001F64  000008  001F6C      3EC8       0  CODE        2
                text35                         001F6C  000008  001F74      3ED8       0  CODE        2
                text26                         001F74  000008  001F7C      3EE8       0  CODE        2
                text9                          001F7C  000008  001F84      3EF8       0  CODE        2
                text4                          001F84  000008  001F8C      3F08       0  CODE        2
                idataBANK2                     001F8C  000008  001F94      3F18       0  CODE        2
                text70                         001F94  000009  001F9D      3F28       0  CODE        2
                text56                         001F9D  000009  001FA6      3F3A       0  CODE        2
                text49                         001FA6  000009  001FAF      3F4C       0  CODE        2
                text40                         001FAF  000009  001FB8      3F5E       0  CODE        2
                text33                         001FB8  000009  001FC1      3F70       0  CODE        2
                text6                          001FC1  000009  001FCA      3F82       0  CODE        2
                text63                         001FCA  00000A  001FD4      3F94       0  CODE        2
                text48                         001FD4  00000A  001FDE      3FA8       0  CODE        2
                text65                         001FDE  00000B  001FE9      3FBC       0  CODE        2
                text38                         001FE9  00000B  001FF4      3FD2       0  CODE        2
                text93                         001FF4  00000C  002000      3FE8       0  CODE        2


UNUSED ADDRESS RANGES

        Name                Unused          Largest block    Delta
        BANK10           00520-0056F              50           1
        BANK11           005A0-005EF              50           1
        BANK12           00620-0064F              30           1
        BANK3            001D6-001EF              1A           1
        BANK4            00220-0026F              50           1
        BANK5            002A0-002EF              50           1
        BANK6            00320-0036F              50           1
        BANK7            003A0-003EF              50           1
        BANK8            00420-0046F              50           1
        BANK9            004A0-004EF              50           1
        BIGRAM           02000-023EF             3F0           1
        CODE             01902-01F32             631           2
        CONST            01902-01F32             100           2
        EEDATA           0F000-0F0FF             100           2
        ENTRY            01902-01F32             100           2
        IDLOC            08000-08003               4           2
        RAM              001D6-001EF              1A           1
                         00220-0026F              50
                         002A0-002EF              50
                         00320-0036F              50
                         003A0-003EF              50
                         00420-0046F              50
                         004A0-004EF              50
                         00520-0056F              50
                         005A0-005EF              50
                         00620-0064F              30
        SFR0             00000-0001F              20           1
        SFR1             00080-0009F              20           1
        SFR10            00500-0051F              20           1
        SFR11            00580-0059F              20           1
        SFR12            00600-0061F              20           1
        SFR13            00680-006EF              70           1
        SFR14            00700-0076F              70           1
        SFR15            00780-007EF              70           1
        SFR16            00800-0086F              70           1
        SFR17            00880-008EF              70           1
        SFR18            00900-0096F              70           1
        SFR19            00980-009EF              70           1
        SFR2             00100-0011F              20           1
        SFR20            00A00-00A6F              70           1
        SFR21            00A80-00AEF              70           1
        SFR22            00B00-00B6F              70           1
        SFR23            00B80-00BEF              70           1
        SFR24            00C00-00C6F              70           1
        SFR25            00C80-00CEF              70           1
        SFR26            00D00-00D6F              70           1
        SFR27            00D80-00DEF              70           1
        SFR28            00E00-00E6F              70           1
        SFR29            00E80-00EEF              70           1
        SFR3             00180-0019F              20           1
        SFR30            00F00-00F6F              70           1
        SFR31            00F80-00FEF              70           1
        SFR4             00200-0021F              20           1
        SFR5             00280-0029F              20           1
        SFR6             00300-0031F              20           1
        SFR7             00380-0039F              20           1
        SFR8             00400-0041F              20           1
        SFR9             00480-0049F              20           1
        STRCODE          01902-01F32             631           2
        STRING           01902-01F32             100           2

                                  Symbol Table

?_ADC_GetConversionResult                           cstackCOMMON 00070
?__Umul8_16                                         cstackBANK1  000A0
?___awdiv                                           cstackBANK1  000A0
?___awmod                                           cstackBANK1  000A0
?___fladd                                           cstackBANK1  000AE
?___fldiv                                           cstackBANK1  000A0
?___flmul                                           cstackBANK1  000CA
?___flsub                                           cstackBANK1  000C2
?___fltol                                           cstackBANK1  000E4
?___lwdiv                                           cstackBANK1  000A0
?___lwmod                                           cstackBANK1  000A0
?___wmul                                            cstackBANK1  000A0
?___xxtofl                                          cstackBANK1  000A0
?_abs                                               cstackBANK1  000A6
?_atoi                                              cstackBANK1  000A6
?_getDutycycle                                      cstackBANK1  000A0
?_getHoogtesensor                                   cstackBANK1  000A0
?_getKi                                             cstackBANK1  000A0
?_getKp                                             cstackBANK1  000A0
?_getLedNumber                                      cstackBANK1  000EE
?_getPotentiometer                                  cstackBANK1  000A0
?_getSetpoint                                       cstackBANK1  000A0
?_printf                                            cstackBANK1  000E0
?_read_prec_or_width                                cstackBANK1  000A6
?_str2float                                         cstackBANK1  000E4
?_vfprintf                                          cstackBANK1  000D8
?i1__Umul8_16                                       cstackCOMMON 00070
?i1___fladd                                         cstackBANK0  0003A
?i1___flmul                                         cstackBANK0  00020
?i1___fltol                                         cstackBANK0  0003A
?i1___xxtofl                                        cstackCOMMON 00070
?i1_getHoogtesensor                                 cstackCOMMON 00070
ADC_SelectChannel@channel                           cstackBANK1  000A1
ADC_SetInterruptHandler@InterruptHandler            cstackBANK1  000A0
EUSART_FramingErrorCallbackRegister@callbackHandler cstackBANK1  000A0
EUSART_OverrunErrorCallbackRegister@callbackHandler cstackBANK1  000A0
EUSART_Read@readValue                               cstackBANK1  000A1
EUSART_Read@tempRxTail                              cstackBANK1  000A0
EUSART_ReceiveISR@regValue                          cstackCOMMON 00070
EUSART_ReceiveISR@tempRxHead                        cstackCOMMON 00071
EUSART_TransmitISR@tempTxTail                       cstackCOMMON 00070
EUSART_Write@tempTxHead                             cstackBANK1  000A1
EUSART_Write@txData                                 cstackBANK1  000A0
INT_SetInterruptHandler@InterruptHandler            cstackBANK1  000A0
SPI1_ByteExchange@byteData                          cstackBANK1  000A0
SPI1_Open@spiConfigIndex                            cstackBANK1  000A6
TMR4_PeriodMatchCallbackRegister@CallbackHandler    cstackBANK1  000A0
TMR6_PeriodMatchCallbackRegister@CallbackHandler    cstackBANK1  000A0
_ADACT                                              (abs)        0009F
_ADCON0                                             (abs)        0009D
_ADCON0bits                                         (abs)        0009D
_ADCON1                                             (abs)        0009E
_ADC_DefaultInterruptHandler                        text91       01F33
_ADC_GetConversionResult                            text94       01F3C
_ADC_ISR                                            text90       01009
_ADC_Initialize                                     text71       0110F
_ADC_InterruptHandler                               nvBANK2      00166
_ADC_SelectChannel                                  text39       01039
_ADC_SetInterruptHandler                            text72       01F54
_ADC_hoogtesensor                                   bssBANK0     00059
_ADC_potentiometer                                  bssBANK0     0005B
_ADRESH                                             (abs)        0009C
_ADRESL                                             (abs)        0009B
_ANSELA                                             (abs)        0018C
_ANSELB                                             (abs)        0018D
_ANSELC                                             (abs)        0018E
_BAUD1CON                                           (abs)        0019F
_BAUD1CONbits                                       (abs)        0019F
_CLOCK_Initialize                                   text70       01F94
_EUSART_AutoBaudQuery                               (abs)        00000
_EUSART_AutoBaudSet                                 (abs)        00000
_EUSART_DefaultFramingErrorCallback                 text89       01F34
_EUSART_DefaultOverrunErrorCallback                 text88       01F38
_EUSART_Deinitialize                                (abs)        00000
_EUSART_ErrorGet                                    (abs)        00000
_EUSART_FramingErrorCallbackRegister                text69       01015
_EUSART_FramingErrorHandler                         bssBANK0     0005F
_EUSART_Initialize                                  text67       012E3
_EUSART_IsRxReady                                   text9        01F7C
_EUSART_IsTxDone                                    (abs)        00000
_EUSART_IsTxReady                                   text26       01F74
_EUSART_OverrunErrorCallbackRegister                text68       01021
_EUSART_OverrunErrorHandler                         bssBANK0     0005D
_EUSART_Read                                        text8        011E0
_EUSART_ReceiveISR                                  text87       013DE
_EUSART_RxCompleteCallbackRegister                  (abs)        00000
_EUSART_RxCompleteInterruptHandler                  bssBANK2     00148
_EUSART_RxInterruptHandler                          nvBANK3      001D4
_EUSART_TransmitDisable                             (abs)        00000
_EUSART_TransmitEnable                              (abs)        00000
_EUSART_TransmitISR                                 text86       01155
_EUSART_TxCompleteCallbackRegister                  (abs)        00000
_EUSART_TxCompleteInterruptHandler                  bssBANK0     00061
_EUSART_TxInterruptHandler                          nvBANK2      00164
_EUSART_Write                                       text25       007D9
_INLVLA                                             (abs)        0038C
_INLVLB                                             (abs)        0038D
_INLVLC                                             (abs)        0038E
_INTCONbits                                         (abs)        0000B
_INTERRUPT_Initialize                               text65       01FDE
_INTERRUPT_InterruptManager                         intentry     00004
_INT_DefaultInterruptHandler                        (abs)        00000
_INT_InterruptHandler                               bssBANK2     0014C
_INT_SetInterruptHandler                            text66       01F5C
_IOCAF                                              (abs)        00393
_IOCAN                                              (abs)        00392
_IOCAP                                              (abs)        00391
_IOCBF                                              (abs)        00396
_IOCBN                                              (abs)        00395
_IOCBP                                              (abs)        00394
_IOCCF                                              (abs)        00399
_IOCCN                                              (abs)        00398
_IOCCP                                              (abs)        00397
_LATA                                               (abs)        0010C
_LATAbits                                           (abs)        0010C
_LATB                                               (abs)        0010D
_LATC                                               (abs)        0010E
_ODCONA                                             (abs)        0028C
_ODCONB                                             (abs)        0028D
_ODCONC                                             (abs)        0028E
_OSCCON1                                            (abs)        00919
_OSCCON3                                            (abs)        0091B
_OSCEN                                              (abs)        0091D
_OSCFRQ                                             (abs)        0091F
_OSCSTAT1                                           (abs)        0091C
_OSCTUNE                                            (abs)        0091E
_PIE1bits                                           (abs)        00091
_PIE2bits                                           (abs)        00092
_PIN_MANAGER_Initialize                             text64       0139A
_PIR0bits                                           (abs)        00010
_PIR1bits                                           (abs)        00011
_PIR2bits                                           (abs)        00012
_PR2                                                (abs)        0001E
_PR4                                                (abs)        00416
_PR6                                                (abs)        0041D
_PWM5CON                                            (abs)        00619
_PWM5DCH                                            (abs)        00618
_PWM5DCL                                            (abs)        00617
_PWMTMRSbits                                        (abs)        0061F
_RB4PPS                                             (abs)        00E9C
_RB6PPS                                             (abs)        00E9E
_RB7PPS                                             (abs)        00E9F
_RC1REG                                             (abs)        00199
_RC1STA                                             (abs)        0019D
_RC1STAbits                                         (abs)        0019D
_RC5PPS                                             (abs)        00EA5
_RXPPS                                              (abs)        00E24
_SLRCONA                                            (abs)        0030C
_SLRCONB                                            (abs)        0030D
_SLRCONC                                            (abs)        0030E
_SP1BRGH                                            (abs)        0019C
_SP1BRGL                                            (abs)        0019B
_SPI1_BufferExchange                                (abs)        00000
_SPI1_BufferRead                                    (abs)        00000
_SPI1_BufferWrite                                   (abs)        00000
_SPI1_ByteExchange                                  text48       01FD4
_SPI1_ByteRead                                      (abs)        00000
_SPI1_ByteWrite                                     (abs)        00000
_SPI1_Close                                         (abs)        00000
_SPI1_Deinitialize                                  (abs)        00000
_SPI1_Initialize                                    text63       01FCA
_SPI1_IsRxReady                                     (abs)        00000
_SPI1_IsTxReady                                     (abs)        00000
_SPI1_Open                                          text36       0172E
_SSP1ADD                                            (abs)        00212
_SSP1BUF                                            (abs)        00211
_SSP1CLKPPS                                         (abs)        00E20
_SSP1CON1                                           (abs)        00215
_SSP1CON1bits                                       (abs)        00215
_SSP1CON3                                           (abs)        00217
_SSP1DATPPS                                         (abs)        00E21
_SSP1STAT                                           (abs)        00214
_SYSTEM_Initialize                                  text58       011C2
_T2CON                                              (abs)        0001F
_T4CON                                              (abs)        00417
_T6CON                                              (abs)        0041E
_TMR2                                               (abs)        0001D
_TMR2_DefaultPeriodMatchCallback                    text85       00800
_TMR2_ISR                                           text84       01045
_TMR2_Initialize                                    text62       010B3
_TMR2_PeriodMatchCallback                           nvBANK2      00162
_TMR4                                               (abs)        00415
_TMR4_DefaultPeriodMatchCallback                    text75       00002
_TMR4_ISR                                           text74       01052
_TMR4_Initialize                                    text61       010C4
_TMR4_PeriodMatchCallback                           nvBANK2      00160
_TMR4_PeriodMatchCallbackRegister                   text57       01F64
_TMR6                                               (abs)        0041C
_TMR6_DefaultPeriodMatchCallback                    text42       00003
_TMR6_Initialize                                    text60       01079
_TMR6_PeriodMatchCallback                           nvBANK2      0015E
_TMR6_PeriodMatchCallbackRegister                   text35       01F6C
_TMR6_Tasks                                         text41       010A3
_TRISA                                              (abs)        0008C
_TRISB                                              (abs)        0008D
_TRISC                                              (abs)        0008E
_TX1REG                                             (abs)        0019A
_TX1STA                                             (abs)        0019E
_TX1STAbits                                         (abs)        0019E
_WPUA                                               (abs)        0020C
_WPUB                                               (abs)        0020D
_WPUC                                               (abs)        0020E
__H__absolute__                                     __absolute__ 00000
__Habs1                                             abs1         00000
__Hbank0                                            bank0        00000
__Hbank1                                            bank1        00000
__Hbank10                                           bank10       00000
__Hbank11                                           bank11       00000
__Hbank12                                           bank12       00000
__Hbank13                                           bank13       00000
__Hbank14                                           bank14       00000
__Hbank15                                           bank15       00000
__Hbank16                                           bank16       00000
__Hbank17                                           bank17       00000
__Hbank18                                           bank18       00000
__Hbank19                                           bank19       00000
__Hbank2                                            bank2        00000
__Hbank20                                           bank20       00000
__Hbank21                                           bank21       00000
__Hbank22                                           bank22       00000
__Hbank23                                           bank23       00000
__Hbank24                                           bank24       00000
__Hbank25                                           bank25       00000
__Hbank26                                           bank26       00000
__Hbank27                                           bank27       00000
__Hbank28                                           bank28       00000
__Hbank29                                           bank29       00000
__Hbank3                                            bank3        00000
__Hbank30                                           bank30       00000
__Hbank31                                           bank31       00000
__Hbank4                                            bank4        00000
__Hbank5                                            bank5        00000
__Hbank6                                            bank6        00000
__Hbank7                                            bank7        00000
__Hbank8                                            bank8        00000
__Hbank9                                            bank9        00000
__Hbigram                                           bigram       00000
__HbssBANK0                                         bssBANK0     00000
__HbssBANK2                                         bssBANK2     00000
__HbssBANK3                                         bssBANK3     00000
__Hcinit                                            cinit        00075
__Hclrtext                                          clrtext      00000
__Hcode                                             code         00000
__Hcommon                                           common       00000
__Hconfig                                           config       0800B
__HcstackBANK0                                      cstackBANK0  00000
__HcstackBANK1                                      cstackBANK1  00000
__HcstackBANK2                                      cstackBANK2  00000
__HcstackCOMMON                                     cstackCOMMON 00000
__HdataBANK0                                        dataBANK0    00000
__HdataBANK2                                        dataBANK2    00000
__Heeprom_data                                      eeprom_data  00000
__Hend_init                                         end_init     00042
__Hfunctab                                          functab      00000
__Hheap                                             heap         00000
__HidataBANK0                                       idataBANK0   00000
__HidataBANK2                                       idataBANK2   00000
__Hinit                                             init         00040
__Hinittext                                         inittext     00000
__Hintentry                                         intentry     00040
__Hmaintext                                         maintext     00000
__HnvBANK2                                          nvBANK2      00000
__HnvBANK3                                          nvBANK3      00000
__Hpowerup                                          powerup      00000
__Hram                                              ram          00000
__Hreset_vec                                        reset_vec    00002
__Hsfr0                                             sfr0         00000
__Hsfr1                                             sfr1         00000
__Hsfr10                                            sfr10        00000
__Hsfr11                                            sfr11        00000
__Hsfr12                                            sfr12        00000
__Hsfr13                                            sfr13        00000
__Hsfr14                                            sfr14        00000
__Hsfr15                                            sfr15        00000
__Hsfr16                                            sfr16        00000
__Hsfr17                                            sfr17        00000
__Hsfr18                                            sfr18        00000
__Hsfr19                                            sfr19        00000
__Hsfr2                                             sfr2         00000
__Hsfr20                                            sfr20        00000
__Hsfr21                                            sfr21        00000
__Hsfr22                                            sfr22        00000
__Hsfr23                                            sfr23        00000
__Hsfr24                                            sfr24        00000
__Hsfr25                                            sfr25        00000
__Hsfr26                                            sfr26        00000
__Hsfr27                                            sfr27        00000
__Hsfr28                                            sfr28        00000
__Hsfr29                                            sfr29        00000
__Hsfr3                                             sfr3         00000
__Hsfr30                                            sfr30        00000
__Hsfr31                                            sfr31        00000
__Hsfr4                                             sfr4         00000
__Hsfr5                                             sfr5         00000
__Hsfr6                                             sfr6         00000
__Hsfr7                                             sfr7         00000
__Hsfr8                                             sfr8         00000
__Hsfr9                                             sfr9         00000
__Hsivt                                             sivt         00040
__Hspace_0                                          (abs)        02000
__Hspace_1                                          (abs)        001D6
__Hspace_2                                          (abs)        00000
__Hspace_3                                          (abs)        00000
__Hspace_4                                          (abs)        10012
__Hstack                                            stack        00000
__Hstrings                                          strings      00000
__Hstringtext1                                      stringtext1  00000
__Hstringtext10                                     stringtext10 00000
__Hstringtext11                                     stringtext11 00000
__Hstringtext12                                     stringtext12 00000
__Hstringtext13                                     stringtext13 00000
__Hstringtext14                                     stringtext14 00000
__Hstringtext15                                     stringtext15 00000
__Hstringtext16                                     stringtext16 00000
__Hstringtext2                                      stringtext2  00000
__Hstringtext3                                      stringtext3  00000
__Hstringtext4                                      stringtext4  00000
__Hstringtext5                                      stringtext5  00000
__Hstringtext6                                      stringtext6  00000
__Hstringtext7                                      stringtext7  00000
__Hstringtext8                                      stringtext8  00000
__Hstringtext9                                      stringtext9  00000
__Htext                                             text         00000
__L__absolute__                                     __absolute__ 00000
__Labs1                                             abs1         00000
__Lbank0                                            bank0        00000
__Lbank1                                            bank1        00000
__Lbank10                                           bank10       00000
__Lbank11                                           bank11       00000
__Lbank12                                           bank12       00000
__Lbank13                                           bank13       00000
__Lbank14                                           bank14       00000
__Lbank15                                           bank15       00000
__Lbank16                                           bank16       00000
__Lbank17                                           bank17       00000
__Lbank18                                           bank18       00000
__Lbank19                                           bank19       00000
__Lbank2                                            bank2        00000
__Lbank20                                           bank20       00000
__Lbank21                                           bank21       00000
__Lbank22                                           bank22       00000
__Lbank23                                           bank23       00000
__Lbank24                                           bank24       00000
__Lbank25                                           bank25       00000
__Lbank26                                           bank26       00000
__Lbank27                                           bank27       00000
__Lbank28                                           bank28       00000
__Lbank29                                           bank29       00000
__Lbank3                                            bank3        00000
__Lbank30                                           bank30       00000
__Lbank31                                           bank31       00000
__Lbank4                                            bank4        00000
__Lbank5                                            bank5        00000
__Lbank6                                            bank6        00000
__Lbank7                                            bank7        00000
__Lbank8                                            bank8        00000
__Lbank9                                            bank9        00000
__Lbigram                                           bigram       00000
__LbssBANK0                                         bssBANK0     00000
__LbssBANK2                                         bssBANK2     00000
__LbssBANK3                                         bssBANK3     00000
__Lcinit                                            cinit        00042
__Lclrtext                                          clrtext      00000
__Lcode                                             code         00000
__Lcommon                                           common       00000
__Lconfig                                           config       00000
__LcstackBANK0                                      cstackBANK0  00000
__LcstackBANK1                                      cstackBANK1  00000
__LcstackBANK2                                      cstackBANK2  00000
__LcstackCOMMON                                     cstackCOMMON 00000
__LdataBANK0                                        dataBANK0    00000
__LdataBANK2                                        dataBANK2    00000
__Leeprom_data                                      eeprom_data  00000
__Lend_init                                         end_init     00040
__Lfunctab                                          functab      00000
__Lheap                                             heap         00000
__LidataBANK0                                       idataBANK0   00000
__LidataBANK2                                       idataBANK2   00000
__Linit                                             init         00040
__Linittext                                         inittext     00000
__Lintentry                                         intentry     00004
__Lmaintext                                         maintext     00000
__LnvBANK2                                          nvBANK2      00000
__LnvBANK3                                          nvBANK3      00000
__Lpowerup                                          powerup      00000
__Lram                                              ram          00000
__Lreset_vec                                        reset_vec    00000
__Lsfr0                                             sfr0         00000
__Lsfr1                                             sfr1         00000
__Lsfr10                                            sfr10        00000
__Lsfr11                                            sfr11        00000
__Lsfr12                                            sfr12        00000
__Lsfr13                                            sfr13        00000
__Lsfr14                                            sfr14        00000
__Lsfr15                                            sfr15        00000
__Lsfr16                                            sfr16        00000
__Lsfr17                                            sfr17        00000
__Lsfr18                                            sfr18        00000
__Lsfr19                                            sfr19        00000
__Lsfr2                                             sfr2         00000
__Lsfr20                                            sfr20        00000
__Lsfr21                                            sfr21        00000
__Lsfr22                                            sfr22        00000
__Lsfr23                                            sfr23        00000
__Lsfr24                                            sfr24        00000
__Lsfr25                                            sfr25        00000
__Lsfr26                                            sfr26        00000
__Lsfr27                                            sfr27        00000
__Lsfr28                                            sfr28        00000
__Lsfr29                                            sfr29        00000
__Lsfr3                                             sfr3         00000
__Lsfr30                                            sfr30        00000
__Lsfr31                                            sfr31        00000
__Lsfr4                                             sfr4         00000
__Lsfr5                                             sfr5         00000
__Lsfr6                                             sfr6         00000
__Lsfr7                                             sfr7         00000
__Lsfr8                                             sfr8         00000
__Lsfr9                                             sfr9         00000
__Lsivt                                             sivt         00040
__Lspace_0                                          (abs)        00000
__Lspace_1                                          (abs)        00000
__Lspace_2                                          (abs)        00000
__Lspace_3                                          (abs)        00000
__Lspace_4                                          (abs)        00000
__Lstack                                            stack        00000
__Lstrings                                          strings      00000
__Lstringtext1                                      stringtext1  00000
__Lstringtext10                                     stringtext10 00000
__Lstringtext11                                     stringtext11 00000
__Lstringtext12                                     stringtext12 00000
__Lstringtext13                                     stringtext13 00000
__Lstringtext14                                     stringtext14 00000
__Lstringtext15                                     stringtext15 00000
__Lstringtext16                                     stringtext16 00000
__Lstringtext2                                      stringtext2  00000
__Lstringtext3                                      stringtext3  00000
__Lstringtext4                                      stringtext4  00000
__Lstringtext5                                      stringtext5  00000
__Lstringtext6                                      stringtext6  00000
__Lstringtext7                                      stringtext7  00000
__Lstringtext8                                      stringtext8  00000
__Lstringtext9                                      stringtext9  00000
__Ltext                                             text         00000
__S0                                                (abs)        02000
__S1                                                (abs)        001D6
__S3                                                (abs)        00000
__Umul8_16                                          text54       0121D
__Umul8_16@multiplicand                             cstackBANK1  000A0
__Umul8_16@multiplier                               cstackBANK1  000A8
__Umul8_16@product                                  cstackBANK1  000A4
__Umul8_16@word_mpld                                cstackBANK1  000A6
___awdiv                                            text29       01471
___awdiv@counter                                    cstackBANK1  000A4
___awdiv@dividend                                   cstackBANK1  000A2
___awdiv@divisor                                    cstackBANK1  000A0
___awdiv@quotient                                   cstackBANK1  000A6
___awdiv@sign                                       cstackBANK1  000A5
___awmod                                            text28       01357
___awmod@counter                                    cstackBANK1  000A4
___awmod@dividend                                   cstackBANK1  000A2
___awmod@divisor                                    cstackBANK1  000A0
___awmod@sign                                       cstackBANK1  000A5
___fladd                                            text55       0046D
___fladd@a                                          cstackBANK1  000B2
___fladd@aexp                                       cstackBANK1  000BF
___fladd@b                                          cstackBANK1  000AE
___fladd@bexp                                       cstackBANK1  000C0
___fladd@grs                                        cstackBANK1  000C1
___fladd@signs                                      cstackBANK1  000BE
___fldiv                                            text3        00E95
___fldiv@a                                          cstackBANK1  000A0
___fldiv@aexp                                       cstackBANK1  000B9
___fldiv@b                                          cstackBANK1  000A4
___fldiv@bexp                                       cstackBANK1  000B8
___fldiv@grs                                        cstackBANK1  000B4
___fldiv@new_exp                                    cstackBANK1  000B2
___fldiv@rem                                        cstackBANK1  000AD
___fldiv@sign                                       cstackBANK1  000B1
___flmul                                            text53       00075
___flmul@a                                          cstackBANK1  000CE
___flmul@aexp                                       cstackBANK1  000D8
___flmul@b                                          cstackBANK1  000CA
___flmul@bexp                                       cstackBANK1  000DD
___flmul@grs                                        cstackBANK1  000D9
___flmul@prod                                       cstackBANK1  000DE
___flmul@sign                                       cstackBANK1  000D7
___flmul@temp                                       cstackBANK1  000E2
___flsub                                            text30       011A5
___flsub@a                                          cstackBANK1  000C2
___flsub@b                                          cstackBANK1  000C6
___fltol                                            text52       01669
___fltol@exp1                                       cstackBANK1  000ED
___fltol@f1                                         cstackBANK1  000E4
___fltol@sign1                                      cstackBANK1  000EC
___heap_hi                                          (abs)        00000
___heap_lo                                          (abs)        00000
___int_sp                                           stack        00000
___int_stack_hi                                     stack        00000
___int_stack_lo                                     stack        00000
___latbits                                          (abs)        00002
___lwdiv                                            text18       012B1
___lwdiv@counter                                    cstackBANK1  000A6
___lwdiv@dividend                                   cstackBANK1  000A2
___lwdiv@divisor                                    cstackBANK1  000A0
___lwdiv@quotient                                   cstackBANK1  000A4
___lwmod                                            text17       0125C
___lwmod@counter                                    cstackBANK1  000A4
___lwmod@dividend                                   cstackBANK1  000A2
___lwmod@divisor                                    cstackBANK1  000A0
___sp                                               stack        00000
___stack_hi                                         stack        00000
___stack_lo                                         stack        00000
___stackhi                                          (abs)        00000
___stacklo                                          (abs)        00000
[...]
_main                                               maintext     01425
_mustPrintLogs                                      dataBANK0    0006E
_pad                                                text21       01318
_position_led_strip                                 text44       00BF2
_prec                                               bssBANK2     00144
_printFloat                                         text12       00880
_printLogs                                          text11       00812
_printf                                             text13       01095
_putch                                              text24       0106C
_pwm_fan_Initialize                                 text59       0102D
_pwm_fan_LoadDutyValue                              text83       010FA
_readLine                                           text7        014BE
_read_prec_or_width                                 text19       015B4
_sendLedstripEndFrame                               text47       01124
_sendLedstripFrame                                  text46       0113C
_sendLedstripStartFrame                             text45       010E6
_setKi                                              text6        01FC1
_setKp                                              text5        01000
_setSetpoint                                        text4        01F84
_setpoint                                           dataBANK0    0006C
_spi1_configuration                                 stringtext3  018E2
_str2float                                          text2        00A19
_uartHandler                                        text1        00B4E
_updateLedstripAnimation                            text43       01F35
_utoa                                               text16       016C8
_vfpfcnvrt                                          text15       00CAE
_vfprintf                                           text14       0118A
_width                                              bssBANK0     00055
abs@a                                               cstackBANK1  000A6
adcConversionDoneHandler@new_channel                dataBANK0    0006F
atoi@n                                              cstackBANK1  000AB
atoi@neg                                            cstackBANK1  000AA
atoi@s                                              cstackBANK1  000A6
btemp                                               (abs)        0007E
clear_ram0                                          clrtext      01F48
controller@I                                        cstackBANK0  00051
controller@P                                        cstackBANK0  0004F
controller@error                                    cstackBANK0  00053
dtoa@d                                              cstackBANK1  000BE
dtoa@fp                                             cstackBANK1  000BC
dtoa@i                                              cstackBANK1  000C7
dtoa@p                                              cstackBANK1  000C3
dtoa@s                                              cstackBANK1  000C6
dtoa@w                                              cstackBANK1  000C4
end_of_initialization                               cinit        00071
fputc@c                                             cstackBANK1  000A3
fputc@fp                                            cstackBANK1  000A5
fputs@c                                             cstackBANK1  000B1
fputs@fp                                            cstackBANK1  000AD
fputs@i                                             cstackBANK1  000B2
fputs@s                                             cstackBANK1  000AC
getLedNumber@height                                 cstackBANK1  000EE
getLedNumber@result                                 cstackBANK2  0014E
i1ADC_SelectChannel@channel                         cstackCOMMON 00071
i1_ADC_SelectChannel                                text93       01FF4
i1__Umul8_16                                        text81       011FE
i1__Umul8_16@multiplicand                           cstackCOMMON 00070
i1__Umul8_16@multiplier                             cstackCOMMON 00078
i1__Umul8_16@product                                cstackCOMMON 00074
i1__Umul8_16@word_mpld                              cstackCOMMON 00076
i1___fladd                                          text82       00623
i1___fladd@a                                        cstackBANK0  0003E
i1___fladd@aexp                                     cstackBANK0  0004B
i1___fladd@b                                        cstackBANK0  0003A
i1___fladd@bexp                                     cstackBANK0  0004C
i1___fladd@grs                                      cstackBANK0  0004D
i1___fladd@signs                                    cstackBANK0  0004A
i1___flmul                                          text80       00271
i1___flmul@a                                        cstackBANK0  00024
i1___flmul@aexp                                     cstackBANK0  0002E
i1___flmul@b                                        cstackBANK0  00020
i1___flmul@bexp                                     cstackBANK0  00033
i1___flmul@grs                                      cstackBANK0  0002F
i1___flmul@prod                                     cstackBANK0  00034
i1___flmul@sign                                     cstackBANK0  0002D
i1___flmul@temp                                     cstackBANK0  00038
i1___fltol                                          text79       0160A
i1___fltol@exp1                                     cstackBANK0  00043
i1___fltol@f1                                       cstackBANK0  0003A
i1___fltol@sign1                                    cstackBANK0  00042
i1___xxtofl                                         text78       008FF
i1___xxtofl@arg                                     cstackCOMMON 0007A
i1___xxtofl@exp                                     cstackCOMMON 00079
i1___xxtofl@sign                                    cstackCOMMON 00078
i1___xxtofl@val                                     cstackCOMMON 00070
i1_getHoogtesensor                                  text77       01F42
init_ram                                            inittext     01F4E
int$flags                                           (abs)        0007E
intlevel0                                           functab      00000
intlevel1                                           functab      00000
intlevel2                                           functab      00000
intlevel3                                           functab      00000
intlevel4                                           functab      00000
intlevel5                                           functab      00000
main@potwaarde                                      cstackBANK2  0015C
pad@buf                                             cstackBANK1  000B6
pad@fp                                              cstackBANK1  000B4
pad@i                                               cstackBANK1  000BA
pad@p                                               cstackBANK1  000B7
position_led_strip@led                              cstackBANK2  00157
position_led_strip@led_on                           cstackBANK2  00158
position_led_strip@target                           cstackBANK2  00155
printFloat@fractional_part                          cstackBANK2  00152
printFloat@integer_part                             cstackBANK2  00154
printFloat@number                                   cstackBANK2  0014E
printf@ap                                           cstackBANK1  000E6
printf@fmt                                          cstackBANK1  000E0
putch@txData                                        cstackBANK1  000A2
pwm_fan_LoadDutyValue@dutyValue                     cstackCOMMON 00070
readLine@index                                      bssBANK0     00065
read_prec_or_width@ap                               cstackBANK1  000A7
read_prec_or_width@c                                cstackBANK1  000AB
read_prec_or_width@fmt                              cstackBANK1  000A6
read_prec_or_width@n                                cstackBANK1  000AC
reset_vec                                           reset_vec    00000
sendLedstripFrame@blue                              cstackBANK1  000A2
sendLedstripFrame@green                             cstackBANK1  000A1
sendLedstripFrame@intensity                         cstackBANK1  000A3
sendLedstripFrame@red                               cstackBANK1  000A4
setKi@new_ki                                        cstackBANK2  0014E
setKp@new_kp                                        cstackBANK2  0014E
setSetpoint@new_setpoint                            cstackBANK1  000AD
start                                               init         00040
start_initialization                                cinit        00042
str2float@decimal_separator                         cstackBANK1  000E8
str2float@digit                                     cstackBANK1  000EF
str2float@i                                         cstackBANK1  000EA
str2float@multiplier                                cstackBANK1  000E9
str2float@number                                    cstackBANK1  000EB
str2float@str                                       cstackBANK1  000E4
uartHandler@str                                     cstackBANK2  00152
utoa@d                                              cstackBANK1  000BE
utoa@fp                                             cstackBANK1  000BC
utoa@i                                              cstackBANK1  000C4
utoa@p                                              cstackBANK1  000C1
utoa@w                                              cstackBANK1  000C2
vfpfcnvrt@ap                                        cstackBANK1  000CC
vfpfcnvrt@convarg                                   cstackBANK1  000D2
vfpfcnvrt@cp                                        cstackBANK1  000D6
vfpfcnvrt@done                                      cstackBANK1  000D1
vfpfcnvrt@fmt                                       cstackBANK1  000CB
vfpfcnvrt@fp                                        cstackBANK1  000C9
vfprintf@ap                                         cstackBANK1  000DC
vfprintf@cfmt                                       cstackBANK1  000DE
vfprintf@fmt                                        cstackBANK1  000DA
vfprintf@fp                                         cstackBANK1  000D8
wtemp0                                              (abs)        0007E


MODULE INFORMATION

Module		Function		Class		Link	Load	Size
UART.c
		_printFloat    		CODE           	0880	0000	127
		_str2float     		CODE           	0A19	0000	154
		_readLine      		CODE           	14BE	0000	77
		_printLogs     		CODE           	0812	0000	110
		_uartHandler   		CODE           	0B4E	0000	164

UART.c estimated size: 632

C:\Program Files\Microchip\xc8\v3.00\pic\sources\c99\common\abs.c
		_abs           		CODE           	1087	0000	14

C:\Program Files\Microchip\xc8\v3.00\pic\sources\c99\common\abs.c estimated size: 14

C:\Program Files\Microchip\xc8\v3.00\pic\sources\c99\common\nf_fputc.c
		_fputc         		CODE           	150B	0000	84

C:\Program Files\Microchip\xc8\v3.00\pic\sources\c99\common\nf_fputc.c estimated size: 84

mcc_generated_files/spi/src/mssp1.c
		_SPI1_ByteExchange		CODE           	1FD4	0000	10
		_SPI1_Open     		CODE           	172E	0000	104
		_SPI1_Initialize		CODE           	1FCA	0000	10

mcc_generated_files/spi/src/mssp1.c estimated size: 124

C:\Program Files\Microchip\xc8\v3.00\pic\sources\c99\common\Umul16.c
		___wmul        		CODE           	116F	0000	27

C:\Program Files\Microchip\xc8\v3.00\pic\sources\c99\common\Umul16.c estimated size: 27

mcc_generated_files/system/src/interrupt.c
		_INT_SetInterruptHandler		CODE           	1F5C	0000	8
		_INTERRUPT_Initialize		CODE           	1FDE	0000	11
		_INTERRUPT_InterruptManager		CODE           	0004	0000	60

mcc_generated_files/system/src/interrupt.c estimated size: 79

mcc_generated_files/adc/src/adc.c
		_ADC_DefaultInterruptHandler		CODE           	1F33	0000	1
		_ADC_Initialize		CODE           	110F	0000	21
		_ADC_SetInterruptHandler		CODE           	1F54	0000	8
		_ADC_GetConversionResult		CODE           	1F3C	0000	6
		_ADC_ISR       		CODE           	1009	0000	12
		_ADC_SelectChannel		CODE           	1039	0000	12

mcc_generated_files/adc/src/adc.c estimated size: 60

C:\Program Files\Microchip\xc8\v3.00\pic\sources\c99\common\printf.c
		_printf        		CODE           	1095	0000	14

C:\Program Files\Microchip\xc8\v3.00\pic\sources\c99\common\printf.c estimated size: 14

C:\Program Files\Microchip\xc8\v3.00\pic\sources\c99\common\lwmod.c
		___lwmod       		CODE           	125C	0000	42

C:\Program Files\Microchip\xc8\v3.00\pic\sources\c99\common\lwmod.c estimated size: 42

C:\Program Files\Microchip\xc8\v3.00\pic\sources\c99\common\awmod.c
		___awmod       		CODE           	1357	0000	67

C:\Program Files\Microchip\xc8\v3.00\pic\sources\c99\common\awmod.c estimated size: 67

C:\Program Files\Microchip\xc8\v3.00\pic\sources\c99\common\atoi.c
		_atoi          		CODE           	1796	0000	106

C:\Program Files\Microchip\xc8\v3.00\pic\sources\c99\common\atoi.c estimated size: 106

mcc_generated_files/pwm/src/pwm5.c
		_pwm_fan_LoadDutyValue		CODE           	10FA	0000	21
		_pwm_fan_Initialize		CODE           	102D	0000	12

mcc_generated_files/pwm/src/pwm5.c estimated size: 33

C:\Program Files\Microchip\xc8\v3.00\pic\sources\c99\common\sprcmul.c
		___flmul       		CODE           	0075	0000	508

C:\Program Files\Microchip\xc8\v3.00\pic\sources\c99\common\sprcmul.c estimated size: 508

adcMeasurements.c
		_getHoogtesensor		CODE           	1F9D	0000	9
		_initAdcMultiplexer		CODE           	1FE9	0000	11
		_adcConversionDoneHandler		CODE           	1286	0000	43
		_getPotentiometer		CODE           	1FAF	0000	9

adcMeasurements.c estimated size: 72

mcc_generated_files/system/src/pins.c
		_PIN_MANAGER_Initialize		CODE           	139A	0000	68

mcc_generated_files/system/src/pins.c estimated size: 68

C:\Program Files\Microchip\xc8\v3.00\pic\sources\c99\common\sprcdiv.c
		___fldiv       		CODE           	0E95	0000	363

C:\Program Files\Microchip\xc8\v3.00\pic\sources\c99\common\sprcdiv.c estimated size: 363

shared
		i1_getHoogtesensor		CODE           	1F42	0000	6
		i1___fladd     		CODE           	0623	0000	438
		i1__Umul8_16   		CODE           	11FE	0000	31
		i1___fltol     		CODE           	160A	0000	95
		__initialization		CODE           	0042	0000	47
		_UART1         		STRCODE        	0000	0000	0
		i1___flmul     		CODE           	0271	0000	508
		i1___xxtofl    		CODE           	08FF	0000	141
		i1_ADC_SelectChannel		CODE           	1FF4	0000	12
		_spi1_configuration		STRCODE        	18E2	0000	10
		_ledstrip      		STRCODE        	0000	0000	0

shared estimated size: 1288

C:\Program Files\Microchip\xc8\v3.00\pic\sources\c99\common\xxtofl.c
		___xxtofl      		CODE           	098C	0000	141

C:\Program Files\Microchip\xc8\v3.00\pic\sources\c99\common\xxtofl.c estimated size: 141

C:\Program Files\Microchip\xc8\v3.00\pic\sources\c99\common\nf_fputs.c
		_fputs         		CODE           	123C	0000	32

C:\Program Files\Microchip\xc8\v3.00\pic\sources\c99\common\nf_fputs.c estimated size: 32

mcc_generated_files/timer/src/tmr6.c
		_TMR6_DefaultPeriodMatchCallback		CODE           	0003	0000	1
		_TMR6_Initialize		CODE           	1079	0000	14
		_TMR6_PeriodMatchCallbackRegister		CODE           	1F6C	0000	8
		_TMR6_Tasks    		CODE           	10A3	0000	16

mcc_generated_files/timer/src/tmr6.c estimated size: 39

mcc_generated_files/timer/src/tmr4.c
		_TMR4_DefaultPeriodMatchCallback		CODE           	0002	0000	1
		_TMR4_ISR      		CODE           	1052	0000	13
		_TMR4_Initialize		CODE           	10C4	0000	17
		_TMR4_PeriodMatchCallbackRegister		CODE           	1F64	0000	8

mcc_generated_files/timer/src/tmr4.c estimated size: 39

controller.c
		_getKp         		CODE           	0801	0000	17
		_setKp         		CODE           	1000	0000	9
		_controller    		CODE           	0DA0	0000	245
		_getDutycycle  		CODE           	1FB8	0000	9
		_getSetpoint   		CODE           	1FA6	0000	9
		_getKi         		CODE           	10D5	0000	17
		_setSetpoint   		CODE           	1F84	0000	8
		_setKi         		CODE           	1FC1	0000	9

controller.c estimated size: 323

ledstrip.c
		_sendLedstripEndFrame		CODE           	1124	0000	24
		_sendLedstripStartFrame		CODE           	10E6	0000	20
		_getLedNumber  		CODE           	155F	0000	85
		_sendLedstripFrame		CODE           	113C	0000	25
		_initLedstrip  		CODE           	105F	0000	13
		_position_led_strip		CODE           	0BF2	0000	188
		_updateLedstripAnimation		CODE           	1F35	0000	3

ledstrip.c estimated size: 358

mcc_generated_files/timer/src/tmr2.c
		_TMR2_ISR      		CODE           	1045	0000	13
		_TMR2_Initialize		CODE           	10B3	0000	17
		_TMR2_DefaultPeriodMatchCallback		CODE           	0800	0000	1

mcc_generated_files/timer/src/tmr2.c estimated size: 31

mcc_generated_files/uart/src/eusart.c
		_EUSART_FramingErrorCallbackRegister		CODE           	1015	0000	12
		_EUSART_OverrunErrorCallbackRegister		CODE           	1021	0000	12
		_putch         		CODE           	106C	0000	13
		_EUSART_Read   		CODE           	11E0	0000	30
		_EUSART_Write  		CODE           	07D9	0000	35
		_EUSART_DefaultOverrunErrorCallback		CODE           	1F38	0000	4
		_EUSART_IsRxReady		CODE           	1F7C	0000	8
		_EUSART_IsTxReady		CODE           	1F74	0000	8
		_EUSART_Initialize		CODE           	12E3	0000	53
		_EUSART_TransmitISR		CODE           	1155	0000	26
		_EUSART_DefaultFramingErrorCallback		CODE           	1F34	0000	1
		_EUSART_ReceiveISR		CODE           	13DE	0000	71

mcc_generated_files/uart/src/eusart.c estimated size: 273

mcc_generated_files/system/src/clock.c
		_CLOCK_Initialize		CODE           	1F94	0000	9

mcc_generated_files/system/src/clock.c estimated size: 9

C:\Program Files\Microchip\xc8\v3.00\pic\sources\c99\common\lwdiv.c
		___lwdiv       		CODE           	12B1	0000	50

C:\Program Files\Microchip\xc8\v3.00\pic\sources\c99\common\lwdiv.c estimated size: 50

C:\Program Files\Microchip\xc8\v3.00\pic\sources\c99\common\awdiv.c
		___awdiv       		CODE           	1471	0000	77

C:\Program Files\Microchip\xc8\v3.00\pic\sources\c99\common\awdiv.c estimated size: 77

C:\Program Files\Microchip\xc8\v3.00\pic\sources\c99\common\fltol.c
		___fltol       		CODE           	1669	0000	95

C:\Program Files\Microchip\xc8\v3.00\pic\sources\c99\common\fltol.c estimated size: 95

main.c
		_main          		CODE           	1425	0000	76

main.c estimated size: 76

C:\Program Files\Microchip\xc8\v3.00\pic\sources\c99\common\doprnt.c
		_read_prec_or_width		CODE           	15B4	0000	86
		_vfpfcnvrt     		CODE           	0CAE	0000	242
		_pad           		CODE           	1318	0000	63
		_dtoa          		CODE           	0AB3	0000	155
		_vfprintf      		CODE           	118A	0000	27
		_utoa          		CODE           	16C8	0000	102

C:\Program Files\Microchip\xc8\v3.00\pic\sources\c99\common\doprnt.c estimated size: 675

C:\Program Files\Microchip\xc8\v3.00\pic\sources\c99\common\sprcadd.c
		___flsub       		CODE           	11A5	0000	29
		___fladd       		CODE           	046D	0000	438

C:\Program Files\Microchip\xc8\v3.00\pic\sources\c99\common\sprcadd.c estimated size: 467

mcc_generated_files/system/src/system.c
		_SYSTEM_Initialize		CODE           	11C2	0000	30

mcc_generated_files/system/src/system.c estimated size: 30

C:\Program Files\Microchip\xc8\v3.00\pic\sources\c99\common\Umul8_16.c
		__Umul8_16     		CODE           	121D	0000	31

C:\Program Files\Microchip\xc8\v3.00\pic\sources\c99\common\Umul8_16.c estimated size: 31

